# serializer version: 1
# name: test_detector[ArbitrarySendEth-0.4.25-arbitrary_send_eth.sol]
  list([
    list([
      dict({
        'check': 'arbitrary-send-eth',
        'confidence': 'Medium',
        'description': '''
          Test.direct() (tests/detectors/arbitrary-send-eth/0.4.25/arbitrary_send_eth.sol#11-13) sends eth to arbitrary user
          	Dangerous calls:
          	- msg.sender.send(address(this).balance) (tests/detectors/arbitrary-send-eth/0.4.25/arbitrary_send_eth.sol#12)
  
        ''',
        'elements': list([
          dict({
            'name': 'direct',
            'source_mapping': dict({
              'ending_column': 6,
              'filename_absolute': '/GENERIC_PATH',
              'filename_relative': 'tests/detectors/arbitrary-send-eth/0.4.25/arbitrary_send_eth.sol',
              'filename_short': 'tests/detectors/arbitrary-send-eth/0.4.25/arbitrary_send_eth.sol',
              'is_dependency': False,
              'length': 79,
              'lines': list([
                11,
                12,
                13,
              ]),
              'start': 147,
              'starting_column': 5,
            }),
            'type': 'function',
            'type_specific_fields': dict({
              'parent': dict({
                'name': 'Test',
                'source_mapping': dict({
                  'ending_column': 2,
                  'filename_absolute': '/GENERIC_PATH',
                  'filename_relative': 'tests/detectors/arbitrary-send-eth/0.4.25/arbitrary_send_eth.sol',
                  'filename_short': 'tests/detectors/arbitrary-send-eth/0.4.25/arbitrary_send_eth.sol',
                  'is_dependency': False,
                  'length': 869,
                  'lines': list([
                    1,
                    2,
                    3,
                    4,
                    5,
                    6,
                    7,
                    8,
                    9,
                    10,
                    11,
                    12,
                    13,
                    14,
                    15,
                    16,
                    17,
                    18,
                    19,
                    20,
                    21,
                    22,
                    23,
                    24,
                    25,
                    26,
                    27,
                    28,
                    29,
                    30,
                    31,
                    32,
                    33,
                    34,
                    35,
                    36,
                    37,
                    38,
                    39,
                    40,
                    41,
                  ]),
                  'start': 0,
                  'starting_column': 1,
                }),
                'type': 'contract',
              }),
              'signature': 'direct()',
            }),
          }),
          dict({
            'name': 'msg.sender.send(address(this).balance)',
            'source_mapping': dict({
              'ending_column': 47,
              'filename_absolute': '/GENERIC_PATH',
              'filename_relative': 'tests/detectors/arbitrary-send-eth/0.4.25/arbitrary_send_eth.sol',
              'filename_short': 'tests/detectors/arbitrary-send-eth/0.4.25/arbitrary_send_eth.sol',
              'is_dependency': False,
              'length': 38,
              'lines': list([
                12,
              ]),
              'start': 181,
              'starting_column': 9,
            }),
            'type': 'node',
            'type_specific_fields': dict({
              'parent': dict({
                'name': 'direct',
                'source_mapping': dict({
                  'ending_column': 6,
                  'filename_absolute': '/GENERIC_PATH',
                  'filename_relative': 'tests/detectors/arbitrary-send-eth/0.4.25/arbitrary_send_eth.sol',
                  'filename_short': 'tests/detectors/arbitrary-send-eth/0.4.25/arbitrary_send_eth.sol',
                  'is_dependency': False,
                  'length': 79,
                  'lines': list([
                    11,
                    12,
                    13,
                  ]),
                  'start': 147,
                  'starting_column': 5,
                }),
                'type': 'function',
                'type_specific_fields': dict({
                  'parent': dict({
                    'name': 'Test',
                    'source_mapping': dict({
                      'ending_column': 2,
                      'filename_absolute': '/GENERIC_PATH',
                      'filename_relative': 'tests/detectors/arbitrary-send-eth/0.4.25/arbitrary_send_eth.sol',
                      'filename_short': 'tests/detectors/arbitrary-send-eth/0.4.25/arbitrary_send_eth.sol',
                      'is_dependency': False,
                      'length': 869,
                      'lines': list([
                        1,
                        2,
                        3,
                        4,
                        5,
                        6,
                        7,
                        8,
                        9,
                        10,
                        11,
                        12,
                        13,
                        14,
                        15,
                        16,
                        17,
                        18,
                        19,
                        20,
                        21,
                        22,
                        23,
                        24,
                        25,
                        26,
                        27,
                        28,
                        29,
                        30,
                        31,
                        32,
                        33,
                        34,
                        35,
                        36,
                        37,
                        38,
                        39,
                        40,
                        41,
                      ]),
                      'start': 0,
                      'starting_column': 1,
                    }),
                    'type': 'contract',
                  }),
                  'signature': 'direct()',
                }),
              }),
            }),
          }),
        ]),
        'first_markdown_element': 'tests/detectors/arbitrary-send-eth/0.4.25/arbitrary_send_eth.sol#L11-L13',
        'id': '672bdccd2e85fb88deee03d312d533259b73ca932965ae09e5b24a3b546c4ad2',
        'impact': 'High',
        'markdown': '''
          [Test.direct()](tests/detectors/arbitrary-send-eth/0.4.25/arbitrary_send_eth.sol#L11-L13) sends eth to arbitrary user
          	Dangerous calls:
          	- [msg.sender.send(address(this).balance)](tests/detectors/arbitrary-send-eth/0.4.25/arbitrary_send_eth.sol#L12)
  
        ''',
      }),
      dict({
        'check': 'arbitrary-send-eth',
        'confidence': 'Medium',
        'description': '''
          Test.indirect() (tests/detectors/arbitrary-send-eth/0.4.25/arbitrary_send_eth.sol#19-21) sends eth to arbitrary user
          	Dangerous calls:
          	- destination.send(address(this).balance) (tests/detectors/arbitrary-send-eth/0.4.25/arbitrary_send_eth.sol#20)
  
        ''',
        'elements': list([
          dict({
            'name': 'indirect',
            'source_mapping': dict({
              'ending_column': 6,
              'filename_absolute': '/GENERIC_PATH',
              'filename_relative': 'tests/detectors/arbitrary-send-eth/0.4.25/arbitrary_send_eth.sol',
              'filename_short': 'tests/detectors/arbitrary-send-eth/0.4.25/arbitrary_send_eth.sol',
              'is_dependency': False,
              'length': 82,
              'lines': list([
                19,
                20,
                21,
              ]),
              'start': 301,
              'starting_column': 5,
            }),
            'type': 'function',
            'type_specific_fields': dict({
              'parent': dict({
                'name': 'Test',
                'source_mapping': dict({
                  'ending_column': 2,
                  'filename_absolute': '/GENERIC_PATH',
                  'filename_relative': 'tests/detectors/arbitrary-send-eth/0.4.25/arbitrary_send_eth.sol',
                  'filename_short': 'tests/detectors/arbitrary-send-eth/0.4.25/arbitrary_send_eth.sol',
                  'is_dependency': False,
                  'length': 869,
                  'lines': list([
                    1,
                    2,
                    3,
                    4,
                    5,
                    6,
                    7,
                    8,
                    9,
                    10,
                    11,
                    12,
                    13,
                    14,
                    15,
                    16,
                    17,
                    18,
                    19,
                    20,
                    21,
                    22,
                    23,
                    24,
                    25,
                    26,
                    27,
                    28,
                    29,
                    30,
                    31,
                    32,
                    33,
                    34,
                    35,
                    36,
                    37,
                    38,
                    39,
                    40,
                    41,
                  ]),
                  'start': 0,
                  'starting_column': 1,
                }),
                'type': 'contract',
              }),
              'signature': 'indirect()',
            }),
          }),
          dict({
            'name': 'destination.send(address(this).balance)',
            'source_mapping': dict({
              'ending_column': 48,
              'filename_absolute': '/GENERIC_PATH',
              'filename_relative': 'tests/detectors/arbitrary-send-eth/0.4.25/arbitrary_send_eth.sol',
              'filename_short': 'tests/detectors/arbitrary-send-eth/0.4.25/arbitrary_send_eth.sol',
              'is_dependency': False,
              'length': 39,
              'lines': list([
                20,
              ]),
              'start': 337,
              'starting_column': 9,
            }),
            'type': 'node',
            'type_specific_fields': dict({
              'parent': dict({
                'name': 'indirect',
                'source_mapping': dict({
                  'ending_column': 6,
                  'filename_absolute': '/GENERIC_PATH',
                  'filename_relative': 'tests/detectors/arbitrary-send-eth/0.4.25/arbitrary_send_eth.sol',
                  'filename_short': 'tests/detectors/arbitrary-send-eth/0.4.25/arbitrary_send_eth.sol',
                  'is_dependency': False,
                  'length': 82,
                  'lines': list([
                    19,
                    20,
                    21,
                  ]),
                  'start': 301,
                  'starting_column': 5,
                }),
                'type': 'function',
                'type_specific_fields': dict({
                  'parent': dict({
                    'name': 'Test',
                    'source_mapping': dict({
                      'ending_column': 2,
                      'filename_absolute': '/GENERIC_PATH',
                      'filename_relative': 'tests/detectors/arbitrary-send-eth/0.4.25/arbitrary_send_eth.sol',
                      'filename_short': 'tests/detectors/arbitrary-send-eth/0.4.25/arbitrary_send_eth.sol',
                      'is_dependency': False,
                      'length': 869,
                      'lines': list([
                        1,
                        2,
                        3,
                        4,
                        5,
                        6,
                        7,
                        8,
                        9,
                        10,
                        11,
                        12,
                        13,
                        14,
                        15,
                        16,
                        17,
                        18,
                        19,
                        20,
                        21,
                        22,
                        23,
                        24,
                        25,
                        26,
                        27,
                        28,
                        29,
                        30,
                        31,
                        32,
                        33,
                        34,
                        35,
                        36,
                        37,
                        38,
                        39,
                        40,
                        41,
                      ]),
                      'start': 0,
                      'starting_column': 1,
                    }),
                    'type': 'contract',
                  }),
                  'signature': 'indirect()',
                }),
              }),
            }),
          }),
        ]),
        'first_markdown_element': 'tests/detectors/arbitrary-send-eth/0.4.25/arbitrary_send_eth.sol#L19-L21',
        'id': '9d50facc8382e844e7381f8ca9e389061bd0302345047de2407e0ad7b046687d',
        'impact': 'High',
        'markdown': '''
          [Test.indirect()](tests/detectors/arbitrary-send-eth/0.4.25/arbitrary_send_eth.sol#L19-L21) sends eth to arbitrary user
          	Dangerous calls:
          	- [destination.send(address(this).balance)](tests/detectors/arbitrary-send-eth/0.4.25/arbitrary_send_eth.sol#L20)
  
        ''',
      }),
    ]),
  ])
# ---
