# serializer version: 1
# name: test_detector[UncheckedTransfer-0.7.6-unused_return_transfers.sol]
  list([
    list([
      dict({
        'check': 'unchecked-transfer',
        'confidence': 'Medium',
        'description': '''
          C.bad0() (tests/detectors/unchecked-transfer/0.7.6/unused_return_transfers.sol#20-22) ignores return value by t.transfer(address(0),1000000000000000000) (tests/detectors/unchecked-transfer/0.7.6/unused_return_transfers.sol#21)
  
        ''',
        'elements': list([
          dict({
            'name': 'bad0',
            'source_mapping': dict({
              'ending_column': 6,
              'filename_absolute': '/GENERIC_PATH',
              'filename_relative': 'tests/detectors/unchecked-transfer/0.7.6/unused_return_transfers.sol',
              'filename_short': 'tests/detectors/unchecked-transfer/0.7.6/unused_return_transfers.sol',
              'is_dependency': False,
              'length': 70,
              'lines': list([
                20,
                21,
                22,
              ]),
              'start': 461,
              'starting_column': 5,
            }),
            'type': 'function',
            'type_specific_fields': dict({
              'parent': dict({
                'name': 'C',
                'source_mapping': dict({
                  'ending_column': 0,
                  'filename_absolute': '/GENERIC_PATH',
                  'filename_relative': 'tests/detectors/unchecked-transfer/0.7.6/unused_return_transfers.sol',
                  'filename_short': 'tests/detectors/unchecked-transfer/0.7.6/unused_return_transfers.sol',
                  'is_dependency': False,
                  'length': 1456,
                  'lines': list([
                    12,
                    13,
                    14,
                    15,
                    16,
                    17,
                    18,
                    19,
                    20,
                    21,
                    22,
                    23,
                    24,
                    25,
                    26,
                    27,
                    28,
                    29,
                    30,
                    31,
                    32,
                    33,
                    34,
                    35,
                    36,
                    37,
                    38,
                    39,
                    40,
                    41,
                    42,
                    43,
                    44,
                    45,
                    46,
                    47,
                    48,
                    49,
                    50,
                    51,
                    52,
                    53,
                    54,
                    55,
                    56,
                    57,
                    58,
                    59,
                    60,
                    61,
                    62,
                    63,
                    64,
                  ]),
                  'start': 330,
                  'starting_column': 1,
                }),
                'type': 'contract',
              }),
              'signature': 'bad0()',
            }),
          }),
          dict({
            'name': 't.transfer(address(0),1000000000000000000)',
            'source_mapping': dict({
              'ending_column': 40,
              'filename_absolute': '/GENERIC_PATH',
              'filename_relative': 'tests/detectors/unchecked-transfer/0.7.6/unused_return_transfers.sol',
              'filename_short': 'tests/detectors/unchecked-transfer/0.7.6/unused_return_transfers.sol',
              'is_dependency': False,
              'length': 31,
              'lines': list([
                21,
              ]),
              'start': 493,
              'starting_column': 9,
            }),
            'type': 'node',
            'type_specific_fields': dict({
              'parent': dict({
                'name': 'bad0',
                'source_mapping': dict({
                  'ending_column': 6,
                  'filename_absolute': '/GENERIC_PATH',
                  'filename_relative': 'tests/detectors/unchecked-transfer/0.7.6/unused_return_transfers.sol',
                  'filename_short': 'tests/detectors/unchecked-transfer/0.7.6/unused_return_transfers.sol',
                  'is_dependency': False,
                  'length': 70,
                  'lines': list([
                    20,
                    21,
                    22,
                  ]),
                  'start': 461,
                  'starting_column': 5,
                }),
                'type': 'function',
                'type_specific_fields': dict({
                  'parent': dict({
                    'name': 'C',
                    'source_mapping': dict({
                      'ending_column': 0,
                      'filename_absolute': '/GENERIC_PATH',
                      'filename_relative': 'tests/detectors/unchecked-transfer/0.7.6/unused_return_transfers.sol',
                      'filename_short': 'tests/detectors/unchecked-transfer/0.7.6/unused_return_transfers.sol',
                      'is_dependency': False,
                      'length': 1456,
                      'lines': list([
                        12,
                        13,
                        14,
                        15,
                        16,
                        17,
                        18,
                        19,
                        20,
                        21,
                        22,
                        23,
                        24,
                        25,
                        26,
                        27,
                        28,
                        29,
                        30,
                        31,
                        32,
                        33,
                        34,
                        35,
                        36,
                        37,
                        38,
                        39,
                        40,
                        41,
                        42,
                        43,
                        44,
                        45,
                        46,
                        47,
                        48,
                        49,
                        50,
                        51,
                        52,
                        53,
                        54,
                        55,
                        56,
                        57,
                        58,
                        59,
                        60,
                        61,
                        62,
                        63,
                        64,
                      ]),
                      'start': 330,
                      'starting_column': 1,
                    }),
                    'type': 'contract',
                  }),
                  'signature': 'bad0()',
                }),
              }),
            }),
          }),
        ]),
        'first_markdown_element': 'tests/detectors/unchecked-transfer/0.7.6/unused_return_transfers.sol#L20-L22',
        'id': '80065ea26ff38c396f5e90355b471bae6064c77a22e2c248d2cb8212542fd685',
        'impact': 'High',
        'markdown': '''
          [C.bad0()](tests/detectors/unchecked-transfer/0.7.6/unused_return_transfers.sol#L20-L22) ignores return value by [t.transfer(address(0),1000000000000000000)](tests/detectors/unchecked-transfer/0.7.6/unused_return_transfers.sol#L21)
  
        ''',
      }),
      dict({
        'check': 'unchecked-transfer',
        'confidence': 'Medium',
        'description': '''
          C.bad1() (tests/detectors/unchecked-transfer/0.7.6/unused_return_transfers.sol#40-42) ignores return value by t.transferFrom(address(this),address(0),1000000000000000000) (tests/detectors/unchecked-transfer/0.7.6/unused_return_transfers.sol#41)
  
        ''',
        'elements': list([
          dict({
            'name': 'bad1',
            'source_mapping': dict({
              'ending_column': 6,
              'filename_absolute': '/GENERIC_PATH',
              'filename_relative': 'tests/detectors/unchecked-transfer/0.7.6/unused_return_transfers.sol',
              'filename_short': 'tests/detectors/unchecked-transfer/0.7.6/unused_return_transfers.sol',
              'is_dependency': False,
              'length': 90,
              'lines': list([
                40,
                41,
                42,
              ]),
              'start': 1043,
              'starting_column': 5,
            }),
            'type': 'function',
            'type_specific_fields': dict({
              'parent': dict({
                'name': 'C',
                'source_mapping': dict({
                  'ending_column': 0,
                  'filename_absolute': '/GENERIC_PATH',
                  'filename_relative': 'tests/detectors/unchecked-transfer/0.7.6/unused_return_transfers.sol',
                  'filename_short': 'tests/detectors/unchecked-transfer/0.7.6/unused_return_transfers.sol',
                  'is_dependency': False,
                  'length': 1456,
                  'lines': list([
                    12,
                    13,
                    14,
                    15,
                    16,
                    17,
                    18,
                    19,
                    20,
                    21,
                    22,
                    23,
                    24,
                    25,
                    26,
                    27,
                    28,
                    29,
                    30,
                    31,
                    32,
                    33,
                    34,
                    35,
                    36,
                    37,
                    38,
                    39,
                    40,
                    41,
                    42,
                    43,
                    44,
                    45,
                    46,
                    47,
                    48,
                    49,
                    50,
                    51,
                    52,
                    53,
                    54,
                    55,
                    56,
                    57,
                    58,
                    59,
                    60,
                    61,
                    62,
                    63,
                    64,
                  ]),
                  'start': 330,
                  'starting_column': 1,
                }),
                'type': 'contract',
              }),
              'signature': 'bad1()',
            }),
          }),
          dict({
            'name': 't.transferFrom(address(this),address(0),1000000000000000000)',
            'source_mapping': dict({
              'ending_column': 59,
              'filename_absolute': '/GENERIC_PATH',
              'filename_relative': 'tests/detectors/unchecked-transfer/0.7.6/unused_return_transfers.sol',
              'filename_short': 'tests/detectors/unchecked-transfer/0.7.6/unused_return_transfers.sol',
              'is_dependency': False,
              'length': 50,
              'lines': list([
                41,
              ]),
              'start': 1076,
              'starting_column': 9,
            }),
            'type': 'node',
            'type_specific_fields': dict({
              'parent': dict({
                'name': 'bad1',
                'source_mapping': dict({
                  'ending_column': 6,
                  'filename_absolute': '/GENERIC_PATH',
                  'filename_relative': 'tests/detectors/unchecked-transfer/0.7.6/unused_return_transfers.sol',
                  'filename_short': 'tests/detectors/unchecked-transfer/0.7.6/unused_return_transfers.sol',
                  'is_dependency': False,
                  'length': 90,
                  'lines': list([
                    40,
                    41,
                    42,
                  ]),
                  'start': 1043,
                  'starting_column': 5,
                }),
                'type': 'function',
                'type_specific_fields': dict({
                  'parent': dict({
                    'name': 'C',
                    'source_mapping': dict({
                      'ending_column': 0,
                      'filename_absolute': '/GENERIC_PATH',
                      'filename_relative': 'tests/detectors/unchecked-transfer/0.7.6/unused_return_transfers.sol',
                      'filename_short': 'tests/detectors/unchecked-transfer/0.7.6/unused_return_transfers.sol',
                      'is_dependency': False,
                      'length': 1456,
                      'lines': list([
                        12,
                        13,
                        14,
                        15,
                        16,
                        17,
                        18,
                        19,
                        20,
                        21,
                        22,
                        23,
                        24,
                        25,
                        26,
                        27,
                        28,
                        29,
                        30,
                        31,
                        32,
                        33,
                        34,
                        35,
                        36,
                        37,
                        38,
                        39,
                        40,
                        41,
                        42,
                        43,
                        44,
                        45,
                        46,
                        47,
                        48,
                        49,
                        50,
                        51,
                        52,
                        53,
                        54,
                        55,
                        56,
                        57,
                        58,
                        59,
                        60,
                        61,
                        62,
                        63,
                        64,
                      ]),
                      'start': 330,
                      'starting_column': 1,
                    }),
                    'type': 'contract',
                  }),
                  'signature': 'bad1()',
                }),
              }),
            }),
          }),
        ]),
        'first_markdown_element': 'tests/detectors/unchecked-transfer/0.7.6/unused_return_transfers.sol#L40-L42',
        'id': 'f5cc3050f74f696eb02ce0887fca6c8b0a4a8a663974a8eddec9206ad787295d',
        'impact': 'High',
        'markdown': '''
          [C.bad1()](tests/detectors/unchecked-transfer/0.7.6/unused_return_transfers.sol#L40-L42) ignores return value by [t.transferFrom(address(this),address(0),1000000000000000000)](tests/detectors/unchecked-transfer/0.7.6/unused_return_transfers.sol#L41)
  
        ''',
      }),
    ]),
  ])
# ---
