# serializer version: 1
# name: test_detector[RightToLeftOverride-0.8.0-unicode_direction_override.sol]
  list([
    list([
      dict({
        'check': 'rtlo',
        'confidence': 'High',
        'description': '''
          tests/detectors/rtlo/0.8.0/unicode_direction_override.sol contains a unicode right-to-left-override character at byte offset 336:
          	- b'        /*ok \xe2\x80\xaeaaa\xe2\x80\xaebbb\xe2\x80\xaeccc\xe2\x80\xacddd\xe2\x80\xaceee\xe2\x80\xac*/'
  
        ''',
        'elements': list([
          dict({
            'name': 'rtlo-character',
            'source_mapping': dict({
              'ending_column': 17,
              'filename_absolute': '/GENERIC_PATH',
              'filename_relative': 'tests/detectors/rtlo/0.8.0/unicode_direction_override.sol',
              'filename_short': 'tests/detectors/rtlo/0.8.0/unicode_direction_override.sol',
              'is_dependency': False,
              'length': 3,
              'lines': list([
                8,
              ]),
              'start': 336,
              'starting_column': 14,
            }),
            'type': 'other',
          }),
        ]),
        'first_markdown_element': '',
        'id': '2407672dea557be27d0c488ba9c714e6a7f21dd3f7759058e718c1984e142f95',
        'impact': 'High',
        'markdown': '''
          tests/detectors/rtlo/0.8.0/unicode_direction_override.sol contains a unicode right-to-left-override character at byte offset 336:
          	- b'        /*ok \xe2\x80\xaeaaa\xe2\x80\xaebbb\xe2\x80\xaeccc\xe2\x80\xacddd\xe2\x80\xaceee\xe2\x80\xac*/'
  
        ''',
      }),
      dict({
        'check': 'rtlo',
        'confidence': 'High',
        'description': '''
          tests/detectors/rtlo/0.8.0/unicode_direction_override.sol contains a unicode right-to-left-override character at byte offset 348:
          	- b'\x80\xaebbb\xe2\x80\xaeccc\xe2\x80\xacddd\xe2\x80\xaceee\xe2\x80\xac*/'
  
        ''',
        'elements': list([
          dict({
            'name': 'rtlo-character',
            'source_mapping': dict({
              'ending_column': 29,
              'filename_absolute': '/GENERIC_PATH',
              'filename_relative': 'tests/detectors/rtlo/0.8.0/unicode_direction_override.sol',
              'filename_short': 'tests/detectors/rtlo/0.8.0/unicode_direction_override.sol',
              'is_dependency': False,
              'length': 3,
              'lines': list([
                8,
              ]),
              'start': 348,
              'starting_column': 26,
            }),
            'type': 'other',
          }),
        ]),
        'first_markdown_element': '',
        'id': '477e54031d4d30d485b9cdc2d7ef3e9ae3de52640364505df8eb9619c2bcde6b',
        'impact': 'High',
        'markdown': '''
          tests/detectors/rtlo/0.8.0/unicode_direction_override.sol contains a unicode right-to-left-override character at byte offset 348:
          	- b'\x80\xaebbb\xe2\x80\xaeccc\xe2\x80\xacddd\xe2\x80\xaceee\xe2\x80\xac*/'
  
        ''',
      }),
      dict({
        'check': 'rtlo',
        'confidence': 'High',
        'description': '''
          tests/detectors/rtlo/0.8.0/unicode_direction_override.sol contains a unicode right-to-left-override character at byte offset 342:
          	- b'\x80\xaeaaa\xe2\x80\xaebbb\xe2\x80\xaeccc\xe2\x80\xacddd\xe2\x80\xaceee\xe2\x80\xac*/'
  
        ''',
        'elements': list([
          dict({
            'name': 'rtlo-character',
            'source_mapping': dict({
              'ending_column': 23,
              'filename_absolute': '/GENERIC_PATH',
              'filename_relative': 'tests/detectors/rtlo/0.8.0/unicode_direction_override.sol',
              'filename_short': 'tests/detectors/rtlo/0.8.0/unicode_direction_override.sol',
              'is_dependency': False,
              'length': 3,
              'lines': list([
                8,
              ]),
              'start': 342,
              'starting_column': 20,
            }),
            'type': 'other',
          }),
        ]),
        'first_markdown_element': '',
        'id': '9dd23585bb0ff1f244f749281b27f62978e0bb5b0ae58c8c9cb6d3f9c7e82253',
        'impact': 'High',
        'markdown': '''
          tests/detectors/rtlo/0.8.0/unicode_direction_override.sol contains a unicode right-to-left-override character at byte offset 342:
          	- b'\x80\xaeaaa\xe2\x80\xaebbb\xe2\x80\xaeccc\xe2\x80\xacddd\xe2\x80\xaceee\xe2\x80\xac*/'
  
        ''',
      }),
    ]),
  ])
# ---
