# serializer version: 1
# name: test_detector[DelegatecallInLoop-0.6.11-delegatecall_loop.sol]
  list([
    list([
      dict({
        'check': 'delegatecall-loop',
        'confidence': 'Medium',
        'description': '''
          C.bad2_internal(address[]) (tests/detectors/delegatecall-loop/0.6.11/delegatecall_loop.sol#19-23) has delegatecall inside a loop in a payable function: address(this).delegatecall(abi.encodeWithSignature(addBalance(address),receivers[i])) (tests/detectors/delegatecall-loop/0.6.11/delegatecall_loop.sol#21)
  
        ''',
        'elements': list([
          dict({
            'name': 'bad2_internal',
            'source_mapping': dict({
              'ending_column': 6,
              'filename_absolute': '/GENERIC_PATH',
              'filename_relative': 'tests/detectors/delegatecall-loop/0.6.11/delegatecall_loop.sol',
              'filename_short': 'tests/detectors/delegatecall-loop/0.6.11/delegatecall_loop.sol',
              'is_dependency': False,
              'length': 236,
              'lines': list([
                19,
                20,
                21,
                22,
                23,
              ]),
              'start': 496,
              'starting_column': 5,
            }),
            'type': 'function',
            'type_specific_fields': dict({
              'parent': dict({
                'name': 'C',
                'source_mapping': dict({
                  'ending_column': 0,
                  'filename_absolute': '/GENERIC_PATH',
                  'filename_relative': 'tests/detectors/delegatecall-loop/0.6.11/delegatecall_loop.sol',
                  'filename_short': 'tests/detectors/delegatecall-loop/0.6.11/delegatecall_loop.sol',
                  'is_dependency': False,
                  'length': 1053,
                  'lines': list([
                    1,
                    2,
                    3,
                    4,
                    5,
                    6,
                    7,
                    8,
                    9,
                    10,
                    11,
                    12,
                    13,
                    14,
                    15,
                    16,
                    17,
                    18,
                    19,
                    20,
                    21,
                    22,
                    23,
                    24,
                    25,
                    26,
                    27,
                    28,
                    29,
                    30,
                    31,
                    32,
                    33,
                    34,
                  ]),
                  'start': 0,
                  'starting_column': 1,
                }),
                'type': 'contract',
              }),
              'signature': 'bad2_internal(address[])',
            }),
          }),
          dict({
            'name': 'address(this).delegatecall(abi.encodeWithSignature(addBalance(address),receivers[i]))',
            'source_mapping': dict({
              'ending_column': 101,
              'filename_absolute': '/GENERIC_PATH',
              'filename_relative': 'tests/detectors/delegatecall-loop/0.6.11/delegatecall_loop.sol',
              'filename_short': 'tests/detectors/delegatecall-loop/0.6.11/delegatecall_loop.sol',
              'is_dependency': False,
              'length': 88,
              'lines': list([
                21,
              ]),
              'start': 627,
              'starting_column': 13,
            }),
            'type': 'node',
            'type_specific_fields': dict({
              'parent': dict({
                'name': 'bad2_internal',
                'source_mapping': dict({
                  'ending_column': 6,
                  'filename_absolute': '/GENERIC_PATH',
                  'filename_relative': 'tests/detectors/delegatecall-loop/0.6.11/delegatecall_loop.sol',
                  'filename_short': 'tests/detectors/delegatecall-loop/0.6.11/delegatecall_loop.sol',
                  'is_dependency': False,
                  'length': 236,
                  'lines': list([
                    19,
                    20,
                    21,
                    22,
                    23,
                  ]),
                  'start': 496,
                  'starting_column': 5,
                }),
                'type': 'function',
                'type_specific_fields': dict({
                  'parent': dict({
                    'name': 'C',
                    'source_mapping': dict({
                      'ending_column': 0,
                      'filename_absolute': '/GENERIC_PATH',
                      'filename_relative': 'tests/detectors/delegatecall-loop/0.6.11/delegatecall_loop.sol',
                      'filename_short': 'tests/detectors/delegatecall-loop/0.6.11/delegatecall_loop.sol',
                      'is_dependency': False,
                      'length': 1053,
                      'lines': list([
                        1,
                        2,
                        3,
                        4,
                        5,
                        6,
                        7,
                        8,
                        9,
                        10,
                        11,
                        12,
                        13,
                        14,
                        15,
                        16,
                        17,
                        18,
                        19,
                        20,
                        21,
                        22,
                        23,
                        24,
                        25,
                        26,
                        27,
                        28,
                        29,
                        30,
                        31,
                        32,
                        33,
                        34,
                      ]),
                      'start': 0,
                      'starting_column': 1,
                    }),
                    'type': 'contract',
                  }),
                  'signature': 'bad2_internal(address[])',
                }),
              }),
            }),
          }),
        ]),
        'first_markdown_element': 'tests/detectors/delegatecall-loop/0.6.11/delegatecall_loop.sol#L19-L23',
        'id': '50e1b9196dcf1e1d7678184956c7a9d3ba470ab23d7be04163d366b092e2df41',
        'impact': 'High',
        'markdown': '''
          [C.bad2_internal(address[])](tests/detectors/delegatecall-loop/0.6.11/delegatecall_loop.sol#L19-L23) has delegatecall inside a loop in a payable function: [address(this).delegatecall(abi.encodeWithSignature(addBalance(address),receivers[i]))](tests/detectors/delegatecall-loop/0.6.11/delegatecall_loop.sol#L21)
  
        ''',
      }),
      dict({
        'check': 'delegatecall-loop',
        'confidence': 'Medium',
        'description': '''
          C.bad(address[]) (tests/detectors/delegatecall-loop/0.6.11/delegatecall_loop.sol#5-9) has delegatecall inside a loop in a payable function: address(this).delegatecall(abi.encodeWithSignature(addBalance(address),receivers[i])) (tests/detectors/delegatecall-loop/0.6.11/delegatecall_loop.sol#7)
  
        ''',
        'elements': list([
          dict({
            'name': 'bad',
            'source_mapping': dict({
              'ending_column': 6,
              'filename_absolute': '/GENERIC_PATH',
              'filename_relative': 'tests/detectors/delegatecall-loop/0.6.11/delegatecall_loop.sol',
              'filename_short': 'tests/detectors/delegatecall-loop/0.6.11/delegatecall_loop.sol',
              'is_dependency': False,
              'length': 232,
              'lines': list([
                5,
                6,
                7,
                8,
                9,
              ]),
              'start': 61,
              'starting_column': 5,
            }),
            'type': 'function',
            'type_specific_fields': dict({
              'parent': dict({
                'name': 'C',
                'source_mapping': dict({
                  'ending_column': 0,
                  'filename_absolute': '/GENERIC_PATH',
                  'filename_relative': 'tests/detectors/delegatecall-loop/0.6.11/delegatecall_loop.sol',
                  'filename_short': 'tests/detectors/delegatecall-loop/0.6.11/delegatecall_loop.sol',
                  'is_dependency': False,
                  'length': 1053,
                  'lines': list([
                    1,
                    2,
                    3,
                    4,
                    5,
                    6,
                    7,
                    8,
                    9,
                    10,
                    11,
                    12,
                    13,
                    14,
                    15,
                    16,
                    17,
                    18,
                    19,
                    20,
                    21,
                    22,
                    23,
                    24,
                    25,
                    26,
                    27,
                    28,
                    29,
                    30,
                    31,
                    32,
                    33,
                    34,
                  ]),
                  'start': 0,
                  'starting_column': 1,
                }),
                'type': 'contract',
              }),
              'signature': 'bad(address[])',
            }),
          }),
          dict({
            'name': 'address(this).delegatecall(abi.encodeWithSignature(addBalance(address),receivers[i]))',
            'source_mapping': dict({
              'ending_column': 101,
              'filename_absolute': '/GENERIC_PATH',
              'filename_relative': 'tests/detectors/delegatecall-loop/0.6.11/delegatecall_loop.sol',
              'filename_short': 'tests/detectors/delegatecall-loop/0.6.11/delegatecall_loop.sol',
              'is_dependency': False,
              'length': 88,
              'lines': list([
                7,
              ]),
              'start': 188,
              'starting_column': 13,
            }),
            'type': 'node',
            'type_specific_fields': dict({
              'parent': dict({
                'name': 'bad',
                'source_mapping': dict({
                  'ending_column': 6,
                  'filename_absolute': '/GENERIC_PATH',
                  'filename_relative': 'tests/detectors/delegatecall-loop/0.6.11/delegatecall_loop.sol',
                  'filename_short': 'tests/detectors/delegatecall-loop/0.6.11/delegatecall_loop.sol',
                  'is_dependency': False,
                  'length': 232,
                  'lines': list([
                    5,
                    6,
                    7,
                    8,
                    9,
                  ]),
                  'start': 61,
                  'starting_column': 5,
                }),
                'type': 'function',
                'type_specific_fields': dict({
                  'parent': dict({
                    'name': 'C',
                    'source_mapping': dict({
                      'ending_column': 0,
                      'filename_absolute': '/GENERIC_PATH',
                      'filename_relative': 'tests/detectors/delegatecall-loop/0.6.11/delegatecall_loop.sol',
                      'filename_short': 'tests/detectors/delegatecall-loop/0.6.11/delegatecall_loop.sol',
                      'is_dependency': False,
                      'length': 1053,
                      'lines': list([
                        1,
                        2,
                        3,
                        4,
                        5,
                        6,
                        7,
                        8,
                        9,
                        10,
                        11,
                        12,
                        13,
                        14,
                        15,
                        16,
                        17,
                        18,
                        19,
                        20,
                        21,
                        22,
                        23,
                        24,
                        25,
                        26,
                        27,
                        28,
                        29,
                        30,
                        31,
                        32,
                        33,
                        34,
                      ]),
                      'start': 0,
                      'starting_column': 1,
                    }),
                    'type': 'contract',
                  }),
                  'signature': 'bad(address[])',
                }),
              }),
            }),
          }),
        ]),
        'first_markdown_element': 'tests/detectors/delegatecall-loop/0.6.11/delegatecall_loop.sol#L5-L9',
        'id': 'dfa0a166dfe43235e3fbeab4eadd8b0c7c612cd2fefe3cf281d909129b3b824e',
        'impact': 'High',
        'markdown': '''
          [C.bad(address[])](tests/detectors/delegatecall-loop/0.6.11/delegatecall_loop.sol#L5-L9) has delegatecall inside a loop in a payable function: [address(this).delegatecall(abi.encodeWithSignature(addBalance(address),receivers[i]))](tests/detectors/delegatecall-loop/0.6.11/delegatecall_loop.sol#L7)
  
        ''',
      }),
      dict({
        'check': 'delegatecall-loop',
        'confidence': 'Medium',
        'description': '''
          C.bad3(address[]) (tests/detectors/delegatecall-loop/0.6.11/delegatecall_loop.sol#25-31) has delegatecall inside a loop in a payable function: address(this).delegatecall(abi.encodeWithSignature(addBalance(address),receivers[i])) (tests/detectors/delegatecall-loop/0.6.11/delegatecall_loop.sol#28)
  
        ''',
        'elements': list([
          dict({
            'name': 'bad3',
            'source_mapping': dict({
              'ending_column': 6,
              'filename_absolute': '/GENERIC_PATH',
              'filename_relative': 'tests/detectors/delegatecall-loop/0.6.11/delegatecall_loop.sol',
              'filename_short': 'tests/detectors/delegatecall-loop/0.6.11/delegatecall_loop.sol',
              'is_dependency': False,
              'length': 312,
              'lines': list([
                25,
                26,
                27,
                28,
                29,
                30,
                31,
              ]),
              'start': 738,
              'starting_column': 5,
            }),
            'type': 'function',
            'type_specific_fields': dict({
              'parent': dict({
                'name': 'C',
                'source_mapping': dict({
                  'ending_column': 0,
                  'filename_absolute': '/GENERIC_PATH',
                  'filename_relative': 'tests/detectors/delegatecall-loop/0.6.11/delegatecall_loop.sol',
                  'filename_short': 'tests/detectors/delegatecall-loop/0.6.11/delegatecall_loop.sol',
                  'is_dependency': False,
                  'length': 1053,
                  'lines': list([
                    1,
                    2,
                    3,
                    4,
                    5,
                    6,
                    7,
                    8,
                    9,
                    10,
                    11,
                    12,
                    13,
                    14,
                    15,
                    16,
                    17,
                    18,
                    19,
                    20,
                    21,
                    22,
                    23,
                    24,
                    25,
                    26,
                    27,
                    28,
                    29,
                    30,
                    31,
                    32,
                    33,
                    34,
                  ]),
                  'start': 0,
                  'starting_column': 1,
                }),
                'type': 'contract',
              }),
              'signature': 'bad3(address[])',
            }),
          }),
          dict({
            'name': 'address(this).delegatecall(abi.encodeWithSignature(addBalance(address),receivers[i]))',
            'source_mapping': dict({
              'ending_column': 105,
              'filename_absolute': '/GENERIC_PATH',
              'filename_relative': 'tests/detectors/delegatecall-loop/0.6.11/delegatecall_loop.sol',
              'filename_short': 'tests/detectors/delegatecall-loop/0.6.11/delegatecall_loop.sol',
              'is_dependency': False,
              'length': 88,
              'lines': list([
                28,
              ]),
              'start': 931,
              'starting_column': 17,
            }),
            'type': 'node',
            'type_specific_fields': dict({
              'parent': dict({
                'name': 'bad3',
                'source_mapping': dict({
                  'ending_column': 6,
                  'filename_absolute': '/GENERIC_PATH',
                  'filename_relative': 'tests/detectors/delegatecall-loop/0.6.11/delegatecall_loop.sol',
                  'filename_short': 'tests/detectors/delegatecall-loop/0.6.11/delegatecall_loop.sol',
                  'is_dependency': False,
                  'length': 312,
                  'lines': list([
                    25,
                    26,
                    27,
                    28,
                    29,
                    30,
                    31,
                  ]),
                  'start': 738,
                  'starting_column': 5,
                }),
                'type': 'function',
                'type_specific_fields': dict({
                  'parent': dict({
                    'name': 'C',
                    'source_mapping': dict({
                      'ending_column': 0,
                      'filename_absolute': '/GENERIC_PATH',
                      'filename_relative': 'tests/detectors/delegatecall-loop/0.6.11/delegatecall_loop.sol',
                      'filename_short': 'tests/detectors/delegatecall-loop/0.6.11/delegatecall_loop.sol',
                      'is_dependency': False,
                      'length': 1053,
                      'lines': list([
                        1,
                        2,
                        3,
                        4,
                        5,
                        6,
                        7,
                        8,
                        9,
                        10,
                        11,
                        12,
                        13,
                        14,
                        15,
                        16,
                        17,
                        18,
                        19,
                        20,
                        21,
                        22,
                        23,
                        24,
                        25,
                        26,
                        27,
                        28,
                        29,
                        30,
                        31,
                        32,
                        33,
                        34,
                      ]),
                      'start': 0,
                      'starting_column': 1,
                    }),
                    'type': 'contract',
                  }),
                  'signature': 'bad3(address[])',
                }),
              }),
            }),
          }),
        ]),
        'first_markdown_element': 'tests/detectors/delegatecall-loop/0.6.11/delegatecall_loop.sol#L25-L31',
        'id': 'f42b54838c6756ddd38ad98fb9243413bbbd169a6d513737c1b85bd6dc263107',
        'impact': 'High',
        'markdown': '''
          [C.bad3(address[])](tests/detectors/delegatecall-loop/0.6.11/delegatecall_loop.sol#L25-L31) has delegatecall inside a loop in a payable function: [address(this).delegatecall(abi.encodeWithSignature(addBalance(address),receivers[i]))](tests/detectors/delegatecall-loop/0.6.11/delegatecall_loop.sol#L28)
  
        ''',
      }),
    ]),
  ])
# ---
