# serializer version: 1
# name: test_detector[LowLevelCalls-0.7.6-low_level_calls.sol]
  list([
    list([
      dict({
        'check': 'low-level-calls',
        'confidence': 'High',
        'description': '''
          Low level call in Sender.send(address) (tests/detectors/low-level-calls/0.7.6/low_level_calls.sol#5-7):
          	- _receiver.call{gas: 7777,value: msg.value}() (tests/detectors/low-level-calls/0.7.6/low_level_calls.sol#6)
  
        ''',
        'elements': list([
          dict({
            'name': 'send',
            'source_mapping': dict({
              'ending_column': 6,
              'filename_absolute': '/GENERIC_PATH',
              'filename_relative': 'tests/detectors/low-level-calls/0.7.6/low_level_calls.sol',
              'filename_short': 'tests/detectors/low-level-calls/0.7.6/low_level_calls.sol',
              'is_dependency': False,
              'length': 112,
              'lines': list([
                5,
                6,
                7,
              ]),
              'start': 51,
              'starting_column': 5,
            }),
            'type': 'function',
            'type_specific_fields': dict({
              'parent': dict({
                'name': 'Sender',
                'source_mapping': dict({
                  'ending_column': 2,
                  'filename_absolute': '/GENERIC_PATH',
                  'filename_relative': 'tests/detectors/low-level-calls/0.7.6/low_level_calls.sol',
                  'filename_short': 'tests/detectors/low-level-calls/0.7.6/low_level_calls.sol',
                  'is_dependency': False,
                  'length': 136,
                  'lines': list([
                    4,
                    5,
                    6,
                    7,
                    8,
                  ]),
                  'start': 29,
                  'starting_column': 1,
                }),
                'type': 'contract',
              }),
              'signature': 'send(address)',
            }),
          }),
          dict({
            'name': '_receiver.call{gas: 7777,value: msg.value}()',
            'source_mapping': dict({
              'ending_column': 54,
              'filename_absolute': '/GENERIC_PATH',
              'filename_relative': 'tests/detectors/low-level-calls/0.7.6/low_level_calls.sol',
              'filename_short': 'tests/detectors/low-level-calls/0.7.6/low_level_calls.sol',
              'is_dependency': False,
              'length': 45,
              'lines': list([
                6,
              ]),
              'start': 111,
              'starting_column': 9,
            }),
            'type': 'node',
            'type_specific_fields': dict({
              'parent': dict({
                'name': 'send',
                'source_mapping': dict({
                  'ending_column': 6,
                  'filename_absolute': '/GENERIC_PATH',
                  'filename_relative': 'tests/detectors/low-level-calls/0.7.6/low_level_calls.sol',
                  'filename_short': 'tests/detectors/low-level-calls/0.7.6/low_level_calls.sol',
                  'is_dependency': False,
                  'length': 112,
                  'lines': list([
                    5,
                    6,
                    7,
                  ]),
                  'start': 51,
                  'starting_column': 5,
                }),
                'type': 'function',
                'type_specific_fields': dict({
                  'parent': dict({
                    'name': 'Sender',
                    'source_mapping': dict({
                      'ending_column': 2,
                      'filename_absolute': '/GENERIC_PATH',
                      'filename_relative': 'tests/detectors/low-level-calls/0.7.6/low_level_calls.sol',
                      'filename_short': 'tests/detectors/low-level-calls/0.7.6/low_level_calls.sol',
                      'is_dependency': False,
                      'length': 136,
                      'lines': list([
                        4,
                        5,
                        6,
                        7,
                        8,
                      ]),
                      'start': 29,
                      'starting_column': 1,
                    }),
                    'type': 'contract',
                  }),
                  'signature': 'send(address)',
                }),
              }),
            }),
          }),
        ]),
        'first_markdown_element': 'tests/detectors/low-level-calls/0.7.6/low_level_calls.sol#L5-L7',
        'id': 'ec014cc9f1ed1d83294a16253fc735b22f22eebba3953cdae61f6547550fd64d',
        'impact': 'Informational',
        'markdown': '''
          Low level call in [Sender.send(address)](tests/detectors/low-level-calls/0.7.6/low_level_calls.sol#L5-L7):
          	- [_receiver.call{gas: 7777,value: msg.value}()](tests/detectors/low-level-calls/0.7.6/low_level_calls.sol#L6)
  
        ''',
      }),
    ]),
  ])
# ---
