# serializer version: 1
# name: test_detector[ArrayLengthAssignment-0.4.25-array_length_assignment.sol]
  list([
    list([
      dict({
        'check': 'controlled-array-length',
        'confidence': 'Medium',
        'description': '''
          ArrayLengthAssignment (tests/detectors/controlled-array-length/0.4.25/array_length_assignment.sol#1-46) contract sets array length with a user-controlled value:
          	- arr.length = param (tests/detectors/controlled-array-length/0.4.25/array_length_assignment.sol#26)
  
        ''',
        'elements': list([
          dict({
            'name': 'ArrayLengthAssignment',
            'source_mapping': dict({
              'ending_column': 2,
              'filename_absolute': '/GENERIC_PATH',
              'filename_relative': 'tests/detectors/controlled-array-length/0.4.25/array_length_assignment.sol',
              'filename_short': 'tests/detectors/controlled-array-length/0.4.25/array_length_assignment.sol',
              'is_dependency': False,
              'length': 1055,
              'lines': list([
                1,
                2,
                3,
                4,
                5,
                6,
                7,
                8,
                9,
                10,
                11,
                12,
                13,
                14,
                15,
                16,
                17,
                18,
                19,
                20,
                21,
                22,
                23,
                24,
                25,
                26,
                27,
                28,
                29,
                30,
                31,
                32,
                33,
                34,
                35,
                36,
                37,
                38,
                39,
                40,
                41,
                42,
                43,
                44,
                45,
                46,
              ]),
              'start': 0,
              'starting_column': 1,
            }),
            'type': 'contract',
          }),
          dict({
            'name': 'arr.length = param',
            'source_mapping': dict({
              'ending_column': 31,
              'filename_absolute': '/GENERIC_PATH',
              'filename_relative': 'tests/detectors/controlled-array-length/0.4.25/array_length_assignment.sol',
              'filename_short': 'tests/detectors/controlled-array-length/0.4.25/array_length_assignment.sol',
              'is_dependency': False,
              'length': 18,
              'lines': list([
                26,
              ]),
              'start': 527,
              'starting_column': 13,
            }),
            'type': 'node',
            'type_specific_fields': dict({
              'parent': dict({
                'name': 'f',
                'source_mapping': dict({
                  'ending_column': 6,
                  'filename_absolute': '/GENERIC_PATH',
                  'filename_relative': 'tests/detectors/controlled-array-length/0.4.25/array_length_assignment.sol',
                  'filename_short': 'tests/detectors/controlled-array-length/0.4.25/array_length_assignment.sol',
                  'is_dependency': False,
                  'length': 647,
                  'lines': list([
                    22,
                    23,
                    24,
                    25,
                    26,
                    27,
                    28,
                    29,
                    30,
                    31,
                    32,
                    33,
                    34,
                    35,
                    36,
                    37,
                    38,
                    39,
                    40,
                    41,
                    42,
                    43,
                    44,
                    45,
                  ]),
                  'start': 406,
                  'starting_column': 5,
                }),
                'type': 'function',
                'type_specific_fields': dict({
                  'parent': dict({
                    'name': 'ArrayLengthAssignment',
                    'source_mapping': dict({
                      'ending_column': 2,
                      'filename_absolute': '/GENERIC_PATH',
                      'filename_relative': 'tests/detectors/controlled-array-length/0.4.25/array_length_assignment.sol',
                      'filename_short': 'tests/detectors/controlled-array-length/0.4.25/array_length_assignment.sol',
                      'is_dependency': False,
                      'length': 1055,
                      'lines': list([
                        1,
                        2,
                        3,
                        4,
                        5,
                        6,
                        7,
                        8,
                        9,
                        10,
                        11,
                        12,
                        13,
                        14,
                        15,
                        16,
                        17,
                        18,
                        19,
                        20,
                        21,
                        22,
                        23,
                        24,
                        25,
                        26,
                        27,
                        28,
                        29,
                        30,
                        31,
                        32,
                        33,
                        34,
                        35,
                        36,
                        37,
                        38,
                        39,
                        40,
                        41,
                        42,
                        43,
                        44,
                        45,
                        46,
                      ]),
                      'start': 0,
                      'starting_column': 1,
                    }),
                    'type': 'contract',
                  }),
                  'signature': 'f(uint256,uint256)',
                }),
              }),
            }),
          }),
        ]),
        'first_markdown_element': 'tests/detectors/controlled-array-length/0.4.25/array_length_assignment.sol#L1-L46',
        'id': '13e0633277a811f9416912f4404d805c1aaaaaacbc94989215c41de964718b0b',
        'impact': 'High',
        'markdown': '''
          [ArrayLengthAssignment](tests/detectors/controlled-array-length/0.4.25/array_length_assignment.sol#L1-L46) contract sets array length with a user-controlled value:
          	- [arr.length = param](tests/detectors/controlled-array-length/0.4.25/array_length_assignment.sol#L26)
  
        ''',
      }),
      dict({
        'check': 'controlled-array-length',
        'confidence': 'Medium',
        'description': '''
          ArrayLengthAssignment (tests/detectors/controlled-array-length/0.4.25/array_length_assignment.sol#1-46) contract sets array length with a user-controlled value:
          	- b.subStruct.x.length = param + 1 (tests/detectors/controlled-array-length/0.4.25/array_length_assignment.sol#41)
  
        ''',
        'elements': list([
          dict({
            'name': 'ArrayLengthAssignment',
            'source_mapping': dict({
              'ending_column': 2,
              'filename_absolute': '/GENERIC_PATH',
              'filename_relative': 'tests/detectors/controlled-array-length/0.4.25/array_length_assignment.sol',
              'filename_short': 'tests/detectors/controlled-array-length/0.4.25/array_length_assignment.sol',
              'is_dependency': False,
              'length': 1055,
              'lines': list([
                1,
                2,
                3,
                4,
                5,
                6,
                7,
                8,
                9,
                10,
                11,
                12,
                13,
                14,
                15,
                16,
                17,
                18,
                19,
                20,
                21,
                22,
                23,
                24,
                25,
                26,
                27,
                28,
                29,
                30,
                31,
                32,
                33,
                34,
                35,
                36,
                37,
                38,
                39,
                40,
                41,
                42,
                43,
                44,
                45,
                46,
              ]),
              'start': 0,
              'starting_column': 1,
            }),
            'type': 'contract',
          }),
          dict({
            'name': 'b.subStruct.x.length = param + 1',
            'source_mapping': dict({
              'ending_column': 41,
              'filename_absolute': '/GENERIC_PATH',
              'filename_relative': 'tests/detectors/controlled-array-length/0.4.25/array_length_assignment.sol',
              'filename_short': 'tests/detectors/controlled-array-length/0.4.25/array_length_assignment.sol',
              'is_dependency': False,
              'length': 32,
              'lines': list([
                41,
              ]),
              'start': 964,
              'starting_column': 9,
            }),
            'type': 'node',
            'type_specific_fields': dict({
              'parent': dict({
                'name': 'f',
                'source_mapping': dict({
                  'ending_column': 6,
                  'filename_absolute': '/GENERIC_PATH',
                  'filename_relative': 'tests/detectors/controlled-array-length/0.4.25/array_length_assignment.sol',
                  'filename_short': 'tests/detectors/controlled-array-length/0.4.25/array_length_assignment.sol',
                  'is_dependency': False,
                  'length': 647,
                  'lines': list([
                    22,
                    23,
                    24,
                    25,
                    26,
                    27,
                    28,
                    29,
                    30,
                    31,
                    32,
                    33,
                    34,
                    35,
                    36,
                    37,
                    38,
                    39,
                    40,
                    41,
                    42,
                    43,
                    44,
                    45,
                  ]),
                  'start': 406,
                  'starting_column': 5,
                }),
                'type': 'function',
                'type_specific_fields': dict({
                  'parent': dict({
                    'name': 'ArrayLengthAssignment',
                    'source_mapping': dict({
                      'ending_column': 2,
                      'filename_absolute': '/GENERIC_PATH',
                      'filename_relative': 'tests/detectors/controlled-array-length/0.4.25/array_length_assignment.sol',
                      'filename_short': 'tests/detectors/controlled-array-length/0.4.25/array_length_assignment.sol',
                      'is_dependency': False,
                      'length': 1055,
                      'lines': list([
                        1,
                        2,
                        3,
                        4,
                        5,
                        6,
                        7,
                        8,
                        9,
                        10,
                        11,
                        12,
                        13,
                        14,
                        15,
                        16,
                        17,
                        18,
                        19,
                        20,
                        21,
                        22,
                        23,
                        24,
                        25,
                        26,
                        27,
                        28,
                        29,
                        30,
                        31,
                        32,
                        33,
                        34,
                        35,
                        36,
                        37,
                        38,
                        39,
                        40,
                        41,
                        42,
                        43,
                        44,
                        45,
                        46,
                      ]),
                      'start': 0,
                      'starting_column': 1,
                    }),
                    'type': 'contract',
                  }),
                  'signature': 'f(uint256,uint256)',
                }),
              }),
            }),
          }),
        ]),
        'first_markdown_element': 'tests/detectors/controlled-array-length/0.4.25/array_length_assignment.sol#L1-L46',
        'id': '82175a5c24c40a1afe4c59f4271a2c12e577ad25e89e6e319e47b4f8f2a76943',
        'impact': 'High',
        'markdown': '''
          [ArrayLengthAssignment](tests/detectors/controlled-array-length/0.4.25/array_length_assignment.sol#L1-L46) contract sets array length with a user-controlled value:
          	- [b.subStruct.x.length = param + 1](tests/detectors/controlled-array-length/0.4.25/array_length_assignment.sol#L41)
  
        ''',
      }),
      dict({
        'check': 'controlled-array-length',
        'confidence': 'Medium',
        'description': '''
          ArrayLengthAssignment (tests/detectors/controlled-array-length/0.4.25/array_length_assignment.sol#1-46) contract sets array length with a user-controlled value:
          	- a.x.length = param (tests/detectors/controlled-array-length/0.4.25/array_length_assignment.sol#36)
  
        ''',
        'elements': list([
          dict({
            'name': 'ArrayLengthAssignment',
            'source_mapping': dict({
              'ending_column': 2,
              'filename_absolute': '/GENERIC_PATH',
              'filename_relative': 'tests/detectors/controlled-array-length/0.4.25/array_length_assignment.sol',
              'filename_short': 'tests/detectors/controlled-array-length/0.4.25/array_length_assignment.sol',
              'is_dependency': False,
              'length': 1055,
              'lines': list([
                1,
                2,
                3,
                4,
                5,
                6,
                7,
                8,
                9,
                10,
                11,
                12,
                13,
                14,
                15,
                16,
                17,
                18,
                19,
                20,
                21,
                22,
                23,
                24,
                25,
                26,
                27,
                28,
                29,
                30,
                31,
                32,
                33,
                34,
                35,
                36,
                37,
                38,
                39,
                40,
                41,
                42,
                43,
                44,
                45,
                46,
              ]),
              'start': 0,
              'starting_column': 1,
            }),
            'type': 'contract',
          }),
          dict({
            'name': 'a.x.length = param',
            'source_mapping': dict({
              'ending_column': 27,
              'filename_absolute': '/GENERIC_PATH',
              'filename_relative': 'tests/detectors/controlled-array-length/0.4.25/array_length_assignment.sol',
              'filename_short': 'tests/detectors/controlled-array-length/0.4.25/array_length_assignment.sol',
              'is_dependency': False,
              'length': 18,
              'lines': list([
                36,
              ]),
              'start': 818,
              'starting_column': 9,
            }),
            'type': 'node',
            'type_specific_fields': dict({
              'parent': dict({
                'name': 'f',
                'source_mapping': dict({
                  'ending_column': 6,
                  'filename_absolute': '/GENERIC_PATH',
                  'filename_relative': 'tests/detectors/controlled-array-length/0.4.25/array_length_assignment.sol',
                  'filename_short': 'tests/detectors/controlled-array-length/0.4.25/array_length_assignment.sol',
                  'is_dependency': False,
                  'length': 647,
                  'lines': list([
                    22,
                    23,
                    24,
                    25,
                    26,
                    27,
                    28,
                    29,
                    30,
                    31,
                    32,
                    33,
                    34,
                    35,
                    36,
                    37,
                    38,
                    39,
                    40,
                    41,
                    42,
                    43,
                    44,
                    45,
                  ]),
                  'start': 406,
                  'starting_column': 5,
                }),
                'type': 'function',
                'type_specific_fields': dict({
                  'parent': dict({
                    'name': 'ArrayLengthAssignment',
                    'source_mapping': dict({
                      'ending_column': 2,
                      'filename_absolute': '/GENERIC_PATH',
                      'filename_relative': 'tests/detectors/controlled-array-length/0.4.25/array_length_assignment.sol',
                      'filename_short': 'tests/detectors/controlled-array-length/0.4.25/array_length_assignment.sol',
                      'is_dependency': False,
                      'length': 1055,
                      'lines': list([
                        1,
                        2,
                        3,
                        4,
                        5,
                        6,
                        7,
                        8,
                        9,
                        10,
                        11,
                        12,
                        13,
                        14,
                        15,
                        16,
                        17,
                        18,
                        19,
                        20,
                        21,
                        22,
                        23,
                        24,
                        25,
                        26,
                        27,
                        28,
                        29,
                        30,
                        31,
                        32,
                        33,
                        34,
                        35,
                        36,
                        37,
                        38,
                        39,
                        40,
                        41,
                        42,
                        43,
                        44,
                        45,
                        46,
                      ]),
                      'start': 0,
                      'starting_column': 1,
                    }),
                    'type': 'contract',
                  }),
                  'signature': 'f(uint256,uint256)',
                }),
              }),
            }),
          }),
        ]),
        'first_markdown_element': 'tests/detectors/controlled-array-length/0.4.25/array_length_assignment.sol#L1-L46',
        'id': 'f455c672028771f21282b59fb58b5eac51185eae4ac44e65a2e1f4df6db0c6e4',
        'impact': 'High',
        'markdown': '''
          [ArrayLengthAssignment](tests/detectors/controlled-array-length/0.4.25/array_length_assignment.sol#L1-L46) contract sets array length with a user-controlled value:
          	- [a.x.length = param](tests/detectors/controlled-array-length/0.4.25/array_length_assignment.sol#L36)
  
        ''',
      }),
    ]),
  ])
# ---
