# serializer version: 1
# name: test_detector[UninitializedStorageVars-0.4.25-uninitialized_storage_pointer.sol]
  list([
    list([
      dict({
        'check': 'uninitialized-storage',
        'confidence': 'High',
        'description': '''
          Uninitialized.func().st_bug (tests/detectors/uninitialized-storage/0.4.25/uninitialized_storage_pointer.sol#10) is a storage variable never initialized
  
        ''',
        'elements': list([
          dict({
            'name': 'st_bug',
            'source_mapping': dict({
              'ending_column': 18,
              'filename_absolute': '/GENERIC_PATH',
              'filename_relative': 'tests/detectors/uninitialized-storage/0.4.25/uninitialized_storage_pointer.sol',
              'filename_short': 'tests/detectors/uninitialized-storage/0.4.25/uninitialized_storage_pointer.sol',
              'is_dependency': False,
              'length': 9,
              'lines': list([
                10,
              ]),
              'start': 171,
              'starting_column': 9,
            }),
            'type': 'variable',
            'type_specific_fields': dict({
              'parent': dict({
                'name': 'func',
                'source_mapping': dict({
                  'ending_column': 6,
                  'filename_absolute': '/GENERIC_PATH',
                  'filename_relative': 'tests/detectors/uninitialized-storage/0.4.25/uninitialized_storage_pointer.sol',
                  'filename_short': 'tests/detectors/uninitialized-storage/0.4.25/uninitialized_storage_pointer.sol',
                  'is_dependency': False,
                  'length': 143,
                  'lines': list([
                    7,
                    8,
                    9,
                    10,
                    11,
                    12,
                  ]),
                  'start': 67,
                  'starting_column': 5,
                }),
                'type': 'function',
                'type_specific_fields': dict({
                  'parent': dict({
                    'name': 'Uninitialized',
                    'source_mapping': dict({
                      'ending_column': 2,
                      'filename_absolute': '/GENERIC_PATH',
                      'filename_relative': 'tests/detectors/uninitialized-storage/0.4.25/uninitialized_storage_pointer.sol',
                      'filename_short': 'tests/detectors/uninitialized-storage/0.4.25/uninitialized_storage_pointer.sol',
                      'is_dependency': False,
                      'length': 217,
                      'lines': list([
                        1,
                        2,
                        3,
                        4,
                        5,
                        6,
                        7,
                        8,
                        9,
                        10,
                        11,
                        12,
                        13,
                        14,
                      ]),
                      'start': 0,
                      'starting_column': 1,
                    }),
                    'type': 'contract',
                  }),
                  'signature': 'func()',
                }),
              }),
            }),
          }),
        ]),
        'first_markdown_element': 'tests/detectors/uninitialized-storage/0.4.25/uninitialized_storage_pointer.sol#L10',
        'id': 'b8f7c2470a8a7f83fd42dca40c50cbf2070e7fa5486c674585f2b0b39d3dc429',
        'impact': 'High',
        'markdown': '''
          [Uninitialized.func().st_bug](tests/detectors/uninitialized-storage/0.4.25/uninitialized_storage_pointer.sol#L10) is a storage variable never initialized
  
        ''',
      }),
    ]),
  ])
# ---
