{
  "C": {
    "f()": "digraph{\n0[label=\"Node Type: ENTRY_POINT 0\n\"];\n0->1;\n1[label=\"Node Type: INLINE ASM 1\n\"];\n1->2;\n2[label=\"Node Type: NEW VARIABLE 2\n\"];\n2->3;\n3[label=\"Node Type: EXPRESSION 3\n\"];\n3->4;\n4[label=\"Node Type: INLINE ASM 4\n\"];\n4->5;\n5[label=\"Node Type: NEW VARIABLE 5\n\"];\n5->6;\n6[label=\"Node Type: EXPRESSION 6\n\"];\n}\n"
  }
}