{
  "C": {
    "basic()": "digraph{\n0[label=\"Node Type: ENTRY_POINT 0\n\"];\n0->1;\n1[label=\"Node Type: NEW VARIABLE 1\n\"];\n1->2;\n2[label=\"Node Type: NEW VARIABLE 2\n\"];\n2->3;\n3[label=\"Node Type: NEW VARIABLE 3\n\"];\n3->4;\n4[label=\"Node Type: NEW VARIABLE 4\n\"];\n4->5;\n5[label=\"Node Type: NEW VARIABLE 5\n\"];\n5->6;\n6[label=\"Node Type: NEW VARIABLE 6\n\"];\n6->7;\n7[label=\"Node Type: NEW VARIABLE 7\n\"];\n7->8;\n8[label=\"Node Type: NEW VARIABLE 8\n\"];\n8->9;\n9[label=\"Node Type: NEW VARIABLE 9\n\"];\n9->10;\n10[label=\"Node Type: NEW VARIABLE 10\n\"];\n10->11;\n11[label=\"Node Type: NEW VARIABLE 11\n\"];\n11->12;\n12[label=\"Node Type: NEW VARIABLE 12\n\"];\n12->13;\n13[label=\"Node Type: NEW VARIABLE 13\n\"];\n13->14;\n14[label=\"Node Type: NEW VARIABLE 14\n\"];\n}\n",
    "basic2()": "digraph{\n0[label=\"Node Type: ENTRY_POINT 0\n\"];\n0->1;\n1[label=\"Node Type: NEW VARIABLE 1\n\"];\n1->2;\n2[label=\"Node Type: NEW VARIABLE 2\n\"];\n2->3;\n3[label=\"Node Type: NEW VARIABLE 3\n\"];\n3->4;\n4[label=\"Node Type: NEW VARIABLE 4\n\"];\n4->5;\n5[label=\"Node Type: NEW VARIABLE 5\n\"];\n5->6;\n6[label=\"Node Type: NEW VARIABLE 6\n\"];\n}\n",
    "complex()": "digraph{\n0[label=\"Node Type: ENTRY_POINT 0\n\"];\n0->1;\n1[label=\"Node Type: NEW VARIABLE 1\n\"];\n1->2;\n2[label=\"Node Type: NEW VARIABLE 2\n\"];\n2->3;\n3[label=\"Node Type: NEW VARIABLE 3\n\"];\n3->4;\n4[label=\"Node Type: NEW VARIABLE 4\n\"];\n4->5;\n5[label=\"Node Type: NEW VARIABLE 5\n\"];\n5->6;\n6[label=\"Node Type: NEW VARIABLE 6\n\"];\n6->7;\n7[label=\"Node Type: NEW VARIABLE 7\n\"];\n7->8;\n8[label=\"Node Type: NEW VARIABLE 8\n\"];\n8->9;\n9[label=\"Node Type: NEW VARIABLE 9\n\"];\n}\n"
  }
}