{
  "A": {
    "f()": "digraph{\n0[label=\"Node Type: ENTRY_POINT 0\n\"];\n0->1;\n1[label=\"Node Type: RETURN 1\n\"];\n}\n",
    "f2()": "digraph{\n0[label=\"Node Type: ENTRY_POINT 0\n\"];\n0->1;\n1[label=\"Node Type: NEW VARIABLE 1\n\"];\n1->2;\n2[label=\"Node Type: INLINE ASM 2\n\"];\n2->3;\n3[label=\"Node Type: EXPRESSION 3\n\"];\n}\n",
    "f3()": "digraph{\n0[label=\"Node Type: ENTRY_POINT 0\n\"];\n0->1;\n1[label=\"Node Type: NEW VARIABLE 1\n\"];\n1->2;\n2[label=\"Node Type: EXPRESSION 2\n\"];\n}\n"
  },
  "B": {
    "f()": "digraph{\n0[label=\"Node Type: ENTRY_POINT 0\n\"];\n0->1;\n1[label=\"Node Type: RETURN 1\n\"];\n}\n",
    "f2()": "digraph{\n0[label=\"Node Type: ENTRY_POINT 0\n\"];\n0->1;\n1[label=\"Node Type: NEW VARIABLE 1\n\"];\n1->2;\n2[label=\"Node Type: INLINE ASM 2\n\"];\n2->3;\n3[label=\"Node Type: EXPRESSION 3\n\"];\n}\n",
    "f3()": "digraph{\n0[label=\"Node Type: ENTRY_POINT 0\n\"];\n0->1;\n1[label=\"Node Type: NEW VARIABLE 1\n\"];\n1->2;\n2[label=\"Node Type: EXPRESSION 2\n\"];\n}\n"
  }
}