# serializer version: 1
# name: test_detector[ExternalFunction-0.4.25-external_function.sol]
  list([
    list([
    ]),
  ])
# ---
# name: test_detector[ExternalFunction-0.4.25-external_function_2.sol]
  list([
    list([
    ]),
  ])
# ---
# name: test_detector[ExternalFunction-0.4.25-external_function_3.sol]
  list([
    list([
      dict({
        'check': 'external-function',
        'confidence': 'High',
        'description': '''
          bad2(uint256[]) should be declared external:
          	- Test.bad2(uint256[]) (tests/detectors/external-function/0.4.25/external_function_3.sol#8)
  
        ''',
        'elements': list([
          dict({
            'name': 'bad2',
            'source_mapping': dict({
              'ending_column': 48,
              'filename_absolute': '/GENERIC_PATH',
              'filename_relative': 'tests/detectors/external-function/0.4.25/external_function_3.sol',
              'filename_short': 'tests/detectors/external-function/0.4.25/external_function_3.sol',
              'is_dependency': False,
              'length': 43,
              'lines': list([
                8,
              ]),
              'start': 239,
              'starting_column': 5,
            }),
            'type': 'function',
            'type_specific_fields': dict({
              'parent': dict({
                'name': 'Test',
                'source_mapping': dict({
                  'ending_column': 0,
                  'filename_absolute': '/GENERIC_PATH',
                  'filename_relative': 'tests/detectors/external-function/0.4.25/external_function_3.sol',
                  'filename_short': 'tests/detectors/external-function/0.4.25/external_function_3.sol',
                  'is_dependency': False,
                  'length': 330,
                  'lines': list([
                    1,
                    2,
                    3,
                    4,
                    5,
                    6,
                    7,
                    8,
                    9,
                    10,
                    11,
                    12,
                  ]),
                  'start': 0,
                  'starting_column': 1,
                }),
                'type': 'contract',
              }),
              'signature': 'bad2(uint256[])',
            }),
          }),
        ]),
        'first_markdown_element': 'tests/detectors/external-function/0.4.25/external_function_3.sol#L8',
        'id': '69068a3072d6f392073d197438688ae8e0bee7844098cfe4cc6c7d345e603678',
        'impact': 'Optimization',
        'markdown': '''
          bad2(uint256[]) should be declared external:
          	- [Test.bad2(uint256[])](tests/detectors/external-function/0.4.25/external_function_3.sol#L8)
  
        ''',
      }),
      dict({
        'check': 'external-function',
        'confidence': 'High',
        'description': '''
          bad(bytes) should be declared external:
          	- Test.bad(bytes) (tests/detectors/external-function/0.4.25/external_function_3.sol#7)
  
        ''',
        'elements': list([
          dict({
            'name': 'bad',
            'source_mapping': dict({
              'ending_column': 43,
              'filename_absolute': '/GENERIC_PATH',
              'filename_relative': 'tests/detectors/external-function/0.4.25/external_function_3.sol',
              'filename_short': 'tests/detectors/external-function/0.4.25/external_function_3.sol',
              'is_dependency': False,
              'length': 38,
              'lines': list([
                7,
              ]),
              'start': 196,
              'starting_column': 5,
            }),
            'type': 'function',
            'type_specific_fields': dict({
              'parent': dict({
                'name': 'Test',
                'source_mapping': dict({
                  'ending_column': 0,
                  'filename_absolute': '/GENERIC_PATH',
                  'filename_relative': 'tests/detectors/external-function/0.4.25/external_function_3.sol',
                  'filename_short': 'tests/detectors/external-function/0.4.25/external_function_3.sol',
                  'is_dependency': False,
                  'length': 330,
                  'lines': list([
                    1,
                    2,
                    3,
                    4,
                    5,
                    6,
                    7,
                    8,
                    9,
                    10,
                    11,
                    12,
                  ]),
                  'start': 0,
                  'starting_column': 1,
                }),
                'type': 'contract',
              }),
              'signature': 'bad(bytes)',
            }),
          }),
        ]),
        'first_markdown_element': 'tests/detectors/external-function/0.4.25/external_function_3.sol#L7',
        'id': '695915ec89adb6bfc4bf7f8eebf7993e02756da20f0b0e5a8d1dd251bf956c43',
        'impact': 'Optimization',
        'markdown': '''
          bad(bytes) should be declared external:
          	- [Test.bad(bytes)](tests/detectors/external-function/0.4.25/external_function_3.sol#L7)
  
        ''',
      }),
      dict({
        'check': 'external-function',
        'confidence': 'High',
        'description': '''
          bad3(string) should be declared external:
          	- Test.bad3(string) (tests/detectors/external-function/0.4.25/external_function_3.sol#9)
  
        ''',
        'elements': list([
          dict({
            'name': 'bad3',
            'source_mapping': dict({
              'ending_column': 45,
              'filename_absolute': '/GENERIC_PATH',
              'filename_relative': 'tests/detectors/external-function/0.4.25/external_function_3.sol',
              'filename_short': 'tests/detectors/external-function/0.4.25/external_function_3.sol',
              'is_dependency': False,
              'length': 40,
              'lines': list([
                9,
              ]),
              'start': 287,
              'starting_column': 5,
            }),
            'type': 'function',
            'type_specific_fields': dict({
              'parent': dict({
                'name': 'Test',
                'source_mapping': dict({
                  'ending_column': 0,
                  'filename_absolute': '/GENERIC_PATH',
                  'filename_relative': 'tests/detectors/external-function/0.4.25/external_function_3.sol',
                  'filename_short': 'tests/detectors/external-function/0.4.25/external_function_3.sol',
                  'is_dependency': False,
                  'length': 330,
                  'lines': list([
                    1,
                    2,
                    3,
                    4,
                    5,
                    6,
                    7,
                    8,
                    9,
                    10,
                    11,
                    12,
                  ]),
                  'start': 0,
                  'starting_column': 1,
                }),
                'type': 'contract',
              }),
              'signature': 'bad3(string)',
            }),
          }),
        ]),
        'first_markdown_element': 'tests/detectors/external-function/0.4.25/external_function_3.sol#L9',
        'id': 'f56b73c72461d3d9fd4e79bd3cd2649f79c425406843e5c7b2de3fad5b2f663a',
        'impact': 'Optimization',
        'markdown': '''
          bad3(string) should be declared external:
          	- [Test.bad3(string)](tests/detectors/external-function/0.4.25/external_function_3.sol#L9)
  
        ''',
      }),
    ]),
  ])
# ---
