# serializer version: 1
# name: test_detector[MissingEventsAccessControl-0.7.6-missing_events_access_control.sol]
  list([
    list([
      dict({
        'check': 'events-access',
        'confidence': 'Medium',
        'description': '''
          Bug.bad0() (tests/detectors/events-access/0.7.6/missing_events_access_control.sol#15-17) should emit an event for: 
          	- owner = msg.sender (tests/detectors/events-access/0.7.6/missing_events_access_control.sol#16) 
  
        ''',
        'elements': list([
          dict({
            'name': 'bad0',
            'source_mapping': dict({
              'ending_column': 4,
              'filename_absolute': '/GENERIC_PATH',
              'filename_relative': 'tests/detectors/events-access/0.7.6/missing_events_access_control.sol',
              'filename_short': 'tests/detectors/events-access/0.7.6/missing_events_access_control.sol',
              'is_dependency': False,
              'length': 76,
              'lines': list([
                15,
                16,
                17,
              ]),
              'start': 284,
              'starting_column': 3,
            }),
            'type': 'function',
            'type_specific_fields': dict({
              'parent': dict({
                'name': 'Bug',
                'source_mapping': dict({
                  'ending_column': 2,
                  'filename_absolute': '/GENERIC_PATH',
                  'filename_relative': 'tests/detectors/events-access/0.7.6/missing_events_access_control.sol',
                  'filename_short': 'tests/detectors/events-access/0.7.6/missing_events_access_control.sol',
                  'is_dependency': False,
                  'length': 1309,
                  'lines': list([
                    1,
                    2,
                    3,
                    4,
                    5,
                    6,
                    7,
                    8,
                    9,
                    10,
                    11,
                    12,
                    13,
                    14,
                    15,
                    16,
                    17,
                    18,
                    19,
                    20,
                    21,
                    22,
                    23,
                    24,
                    25,
                    26,
                    27,
                    28,
                    29,
                    30,
                    31,
                    32,
                    33,
                    34,
                    35,
                    36,
                    37,
                    38,
                    39,
                    40,
                    41,
                    42,
                    43,
                    44,
                    45,
                    46,
                    47,
                    48,
                    49,
                    50,
                    51,
                    52,
                  ]),
                  'start': 0,
                  'starting_column': 1,
                }),
                'type': 'contract',
              }),
              'signature': 'bad0()',
            }),
          }),
          dict({
            'name': 'owner = msg.sender',
            'source_mapping': dict({
              'ending_column': 23,
              'filename_absolute': '/GENERIC_PATH',
              'filename_relative': 'tests/detectors/events-access/0.7.6/missing_events_access_control.sol',
              'filename_short': 'tests/detectors/events-access/0.7.6/missing_events_access_control.sol',
              'is_dependency': False,
              'length': 18,
              'lines': list([
                16,
              ]),
              'start': 325,
              'starting_column': 5,
            }),
            'type': 'node',
            'type_specific_fields': dict({
              'parent': dict({
                'name': 'bad0',
                'source_mapping': dict({
                  'ending_column': 4,
                  'filename_absolute': '/GENERIC_PATH',
                  'filename_relative': 'tests/detectors/events-access/0.7.6/missing_events_access_control.sol',
                  'filename_short': 'tests/detectors/events-access/0.7.6/missing_events_access_control.sol',
                  'is_dependency': False,
                  'length': 76,
                  'lines': list([
                    15,
                    16,
                    17,
                  ]),
                  'start': 284,
                  'starting_column': 3,
                }),
                'type': 'function',
                'type_specific_fields': dict({
                  'parent': dict({
                    'name': 'Bug',
                    'source_mapping': dict({
                      'ending_column': 2,
                      'filename_absolute': '/GENERIC_PATH',
                      'filename_relative': 'tests/detectors/events-access/0.7.6/missing_events_access_control.sol',
                      'filename_short': 'tests/detectors/events-access/0.7.6/missing_events_access_control.sol',
                      'is_dependency': False,
                      'length': 1309,
                      'lines': list([
                        1,
                        2,
                        3,
                        4,
                        5,
                        6,
                        7,
                        8,
                        9,
                        10,
                        11,
                        12,
                        13,
                        14,
                        15,
                        16,
                        17,
                        18,
                        19,
                        20,
                        21,
                        22,
                        23,
                        24,
                        25,
                        26,
                        27,
                        28,
                        29,
                        30,
                        31,
                        32,
                        33,
                        34,
                        35,
                        36,
                        37,
                        38,
                        39,
                        40,
                        41,
                        42,
                        43,
                        44,
                        45,
                        46,
                        47,
                        48,
                        49,
                        50,
                        51,
                        52,
                      ]),
                      'start': 0,
                      'starting_column': 1,
                    }),
                    'type': 'contract',
                  }),
                  'signature': 'bad0()',
                }),
              }),
            }),
          }),
        ]),
        'first_markdown_element': 'tests/detectors/events-access/0.7.6/missing_events_access_control.sol#L15-L17',
        'id': '2fb533ae76197f4d08ef6a97b9f0ee983db552644ae44807c761889fc5a86c22',
        'impact': 'Low',
        'markdown': '''
          [Bug.bad0()](tests/detectors/events-access/0.7.6/missing_events_access_control.sol#L15-L17) should emit an event for: 
          	- [owner = msg.sender](tests/detectors/events-access/0.7.6/missing_events_access_control.sol#L16) 
  
        ''',
      }),
      dict({
        'check': 'events-access',
        'confidence': 'Medium',
        'description': '''
          Bug.bad2(address) (tests/detectors/events-access/0.7.6/missing_events_access_control.sol#23-26) should emit an event for: 
          	- owner = newOwner (tests/detectors/events-access/0.7.6/missing_events_access_control.sol#25) 
  
        ''',
        'elements': list([
          dict({
            'name': 'bad2',
            'source_mapping': dict({
              'ending_column': 4,
              'filename_absolute': '/GENERIC_PATH',
              'filename_relative': 'tests/detectors/events-access/0.7.6/missing_events_access_control.sol',
              'filename_short': 'tests/detectors/events-access/0.7.6/missing_events_access_control.sol',
              'is_dependency': False,
              'length': 127,
              'lines': list([
                23,
                24,
                25,
                26,
              ]),
              'start': 458,
              'starting_column': 3,
            }),
            'type': 'function',
            'type_specific_fields': dict({
              'parent': dict({
                'name': 'Bug',
                'source_mapping': dict({
                  'ending_column': 2,
                  'filename_absolute': '/GENERIC_PATH',
                  'filename_relative': 'tests/detectors/events-access/0.7.6/missing_events_access_control.sol',
                  'filename_short': 'tests/detectors/events-access/0.7.6/missing_events_access_control.sol',
                  'is_dependency': False,
                  'length': 1309,
                  'lines': list([
                    1,
                    2,
                    3,
                    4,
                    5,
                    6,
                    7,
                    8,
                    9,
                    10,
                    11,
                    12,
                    13,
                    14,
                    15,
                    16,
                    17,
                    18,
                    19,
                    20,
                    21,
                    22,
                    23,
                    24,
                    25,
                    26,
                    27,
                    28,
                    29,
                    30,
                    31,
                    32,
                    33,
                    34,
                    35,
                    36,
                    37,
                    38,
                    39,
                    40,
                    41,
                    42,
                    43,
                    44,
                    45,
                    46,
                    47,
                    48,
                    49,
                    50,
                    51,
                    52,
                  ]),
                  'start': 0,
                  'starting_column': 1,
                }),
                'type': 'contract',
              }),
              'signature': 'bad2(address)',
            }),
          }),
          dict({
            'name': 'owner = newOwner',
            'source_mapping': dict({
              'ending_column': 21,
              'filename_absolute': '/GENERIC_PATH',
              'filename_relative': 'tests/detectors/events-access/0.7.6/missing_events_access_control.sol',
              'filename_short': 'tests/detectors/events-access/0.7.6/missing_events_access_control.sol',
              'is_dependency': False,
              'length': 16,
              'lines': list([
                25,
              ]),
              'start': 552,
              'starting_column': 5,
            }),
            'type': 'node',
            'type_specific_fields': dict({
              'parent': dict({
                'name': 'bad2',
                'source_mapping': dict({
                  'ending_column': 4,
                  'filename_absolute': '/GENERIC_PATH',
                  'filename_relative': 'tests/detectors/events-access/0.7.6/missing_events_access_control.sol',
                  'filename_short': 'tests/detectors/events-access/0.7.6/missing_events_access_control.sol',
                  'is_dependency': False,
                  'length': 127,
                  'lines': list([
                    23,
                    24,
                    25,
                    26,
                  ]),
                  'start': 458,
                  'starting_column': 3,
                }),
                'type': 'function',
                'type_specific_fields': dict({
                  'parent': dict({
                    'name': 'Bug',
                    'source_mapping': dict({
                      'ending_column': 2,
                      'filename_absolute': '/GENERIC_PATH',
                      'filename_relative': 'tests/detectors/events-access/0.7.6/missing_events_access_control.sol',
                      'filename_short': 'tests/detectors/events-access/0.7.6/missing_events_access_control.sol',
                      'is_dependency': False,
                      'length': 1309,
                      'lines': list([
                        1,
                        2,
                        3,
                        4,
                        5,
                        6,
                        7,
                        8,
                        9,
                        10,
                        11,
                        12,
                        13,
                        14,
                        15,
                        16,
                        17,
                        18,
                        19,
                        20,
                        21,
                        22,
                        23,
                        24,
                        25,
                        26,
                        27,
                        28,
                        29,
                        30,
                        31,
                        32,
                        33,
                        34,
                        35,
                        36,
                        37,
                        38,
                        39,
                        40,
                        41,
                        42,
                        43,
                        44,
                        45,
                        46,
                        47,
                        48,
                        49,
                        50,
                        51,
                        52,
                      ]),
                      'start': 0,
                      'starting_column': 1,
                    }),
                    'type': 'contract',
                  }),
                  'signature': 'bad2(address)',
                }),
              }),
            }),
          }),
        ]),
        'first_markdown_element': 'tests/detectors/events-access/0.7.6/missing_events_access_control.sol#L23-L26',
        'id': '3b63f24bd57a54fab8af7d3292bd8444c3dc834bf43dfd96be0e06ca0027299c',
        'impact': 'Low',
        'markdown': '''
          [Bug.bad2(address)](tests/detectors/events-access/0.7.6/missing_events_access_control.sol#L23-L26) should emit an event for: 
          	- [owner = newOwner](tests/detectors/events-access/0.7.6/missing_events_access_control.sol#L25) 
  
        ''',
      }),
      dict({
        'check': 'events-access',
        'confidence': 'Medium',
        'description': '''
          Bug.bad1(address) (tests/detectors/events-access/0.7.6/missing_events_access_control.sol#19-21) should emit an event for: 
          	- owner = newOwner (tests/detectors/events-access/0.7.6/missing_events_access_control.sol#20) 
  
        ''',
        'elements': list([
          dict({
            'name': 'bad1',
            'source_mapping': dict({
              'ending_column': 4,
              'filename_absolute': '/GENERIC_PATH',
              'filename_relative': 'tests/detectors/events-access/0.7.6/missing_events_access_control.sol',
              'filename_short': 'tests/detectors/events-access/0.7.6/missing_events_access_control.sol',
              'is_dependency': False,
              'length': 90,
              'lines': list([
                19,
                20,
                21,
              ]),
              'start': 364,
              'starting_column': 3,
            }),
            'type': 'function',
            'type_specific_fields': dict({
              'parent': dict({
                'name': 'Bug',
                'source_mapping': dict({
                  'ending_column': 2,
                  'filename_absolute': '/GENERIC_PATH',
                  'filename_relative': 'tests/detectors/events-access/0.7.6/missing_events_access_control.sol',
                  'filename_short': 'tests/detectors/events-access/0.7.6/missing_events_access_control.sol',
                  'is_dependency': False,
                  'length': 1309,
                  'lines': list([
                    1,
                    2,
                    3,
                    4,
                    5,
                    6,
                    7,
                    8,
                    9,
                    10,
                    11,
                    12,
                    13,
                    14,
                    15,
                    16,
                    17,
                    18,
                    19,
                    20,
                    21,
                    22,
                    23,
                    24,
                    25,
                    26,
                    27,
                    28,
                    29,
                    30,
                    31,
                    32,
                    33,
                    34,
                    35,
                    36,
                    37,
                    38,
                    39,
                    40,
                    41,
                    42,
                    43,
                    44,
                    45,
                    46,
                    47,
                    48,
                    49,
                    50,
                    51,
                    52,
                  ]),
                  'start': 0,
                  'starting_column': 1,
                }),
                'type': 'contract',
              }),
              'signature': 'bad1(address)',
            }),
          }),
          dict({
            'name': 'owner = newOwner',
            'source_mapping': dict({
              'ending_column': 21,
              'filename_absolute': '/GENERIC_PATH',
              'filename_relative': 'tests/detectors/events-access/0.7.6/missing_events_access_control.sol',
              'filename_short': 'tests/detectors/events-access/0.7.6/missing_events_access_control.sol',
              'is_dependency': False,
              'length': 16,
              'lines': list([
                20,
              ]),
              'start': 421,
              'starting_column': 5,
            }),
            'type': 'node',
            'type_specific_fields': dict({
              'parent': dict({
                'name': 'bad1',
                'source_mapping': dict({
                  'ending_column': 4,
                  'filename_absolute': '/GENERIC_PATH',
                  'filename_relative': 'tests/detectors/events-access/0.7.6/missing_events_access_control.sol',
                  'filename_short': 'tests/detectors/events-access/0.7.6/missing_events_access_control.sol',
                  'is_dependency': False,
                  'length': 90,
                  'lines': list([
                    19,
                    20,
                    21,
                  ]),
                  'start': 364,
                  'starting_column': 3,
                }),
                'type': 'function',
                'type_specific_fields': dict({
                  'parent': dict({
                    'name': 'Bug',
                    'source_mapping': dict({
                      'ending_column': 2,
                      'filename_absolute': '/GENERIC_PATH',
                      'filename_relative': 'tests/detectors/events-access/0.7.6/missing_events_access_control.sol',
                      'filename_short': 'tests/detectors/events-access/0.7.6/missing_events_access_control.sol',
                      'is_dependency': False,
                      'length': 1309,
                      'lines': list([
                        1,
                        2,
                        3,
                        4,
                        5,
                        6,
                        7,
                        8,
                        9,
                        10,
                        11,
                        12,
                        13,
                        14,
                        15,
                        16,
                        17,
                        18,
                        19,
                        20,
                        21,
                        22,
                        23,
                        24,
                        25,
                        26,
                        27,
                        28,
                        29,
                        30,
                        31,
                        32,
                        33,
                        34,
                        35,
                        36,
                        37,
                        38,
                        39,
                        40,
                        41,
                        42,
                        43,
                        44,
                        45,
                        46,
                        47,
                        48,
                        49,
                        50,
                        51,
                        52,
                      ]),
                      'start': 0,
                      'starting_column': 1,
                    }),
                    'type': 'contract',
                  }),
                  'signature': 'bad1(address)',
                }),
              }),
            }),
          }),
        ]),
        'first_markdown_element': 'tests/detectors/events-access/0.7.6/missing_events_access_control.sol#L19-L21',
        'id': 'd319284c1ad2023a792ace9e7b2371966f789c5acf5ab90b1cc5935060f855f0',
        'impact': 'Low',
        'markdown': '''
          [Bug.bad1(address)](tests/detectors/events-access/0.7.6/missing_events_access_control.sol#L19-L21) should emit an event for: 
          	- [owner = newOwner](tests/detectors/events-access/0.7.6/missing_events_access_control.sol#L20) 
  
        ''',
      }),
    ]),
  ])
# ---
