# serializer version: 1
# name: test_detector[UninitializedFunctionPtrsConstructor-0.5.8-uninitialized_function_ptr_constructor.sol]
  list([
    list([
      dict({
        'check': 'uninitialized-fptr-cst',
        'confidence': 'High',
        'description': '''
          Contract bad1 (tests/detectors/uninitialized-fptr-cst/0.5.8/uninitialized_function_ptr_constructor.sol#11-18) 
          	 b(10) (tests/detectors/uninitialized-fptr-cst/0.5.8/uninitialized_function_ptr_constructor.sol#16) is an unintialized function pointer call in a constructor
  
        ''',
        'elements': list([
          dict({
            'name': 'bad1',
            'source_mapping': dict({
              'ending_column': 2,
              'filename_absolute': '/GENERIC_PATH',
              'filename_relative': 'tests/detectors/uninitialized-fptr-cst/0.5.8/uninitialized_function_ptr_constructor.sol',
              'filename_short': 'tests/detectors/uninitialized-fptr-cst/0.5.8/uninitialized_function_ptr_constructor.sol',
              'is_dependency': False,
              'length': 306,
              'lines': list([
                11,
                12,
                13,
                14,
                15,
                16,
                17,
                18,
              ]),
              'start': 178,
              'starting_column': 1,
            }),
            'type': 'contract',
          }),
          dict({
            'name': 'b(10)',
            'source_mapping': dict({
              'ending_column': 10,
              'filename_absolute': '/GENERIC_PATH',
              'filename_relative': 'tests/detectors/uninitialized-fptr-cst/0.5.8/uninitialized_function_ptr_constructor.sol',
              'filename_short': 'tests/detectors/uninitialized-fptr-cst/0.5.8/uninitialized_function_ptr_constructor.sol',
              'is_dependency': False,
              'length': 5,
              'lines': list([
                16,
              ]),
              'start': 472,
              'starting_column': 5,
            }),
            'type': 'node',
            'type_specific_fields': dict({
              'parent': dict({
                'name': 'constructor',
                'source_mapping': dict({
                  'ending_column': 4,
                  'filename_absolute': '/GENERIC_PATH',
                  'filename_relative': 'tests/detectors/uninitialized-fptr-cst/0.5.8/uninitialized_function_ptr_constructor.sol',
                  'filename_short': 'tests/detectors/uninitialized-fptr-cst/0.5.8/uninitialized_function_ptr_constructor.sol',
                  'is_dependency': False,
                  'length': 286,
                  'lines': list([
                    12,
                    13,
                    14,
                    15,
                    16,
                    17,
                  ]),
                  'start': 196,
                  'starting_column': 3,
                }),
                'type': 'function',
                'type_specific_fields': dict({
                  'parent': dict({
                    'name': 'bad1',
                    'source_mapping': dict({
                      'ending_column': 2,
                      'filename_absolute': '/GENERIC_PATH',
                      'filename_relative': 'tests/detectors/uninitialized-fptr-cst/0.5.8/uninitialized_function_ptr_constructor.sol',
                      'filename_short': 'tests/detectors/uninitialized-fptr-cst/0.5.8/uninitialized_function_ptr_constructor.sol',
                      'is_dependency': False,
                      'length': 306,
                      'lines': list([
                        11,
                        12,
                        13,
                        14,
                        15,
                        16,
                        17,
                        18,
                      ]),
                      'start': 178,
                      'starting_column': 1,
                    }),
                    'type': 'contract',
                  }),
                  'signature': 'constructor()',
                }),
              }),
            }),
          }),
        ]),
        'first_markdown_element': 'tests/detectors/uninitialized-fptr-cst/0.5.8/uninitialized_function_ptr_constructor.sol#L11-L18',
        'id': '0a6083d96a9a819c3ddc6d0dc1440fb8e8ec096abe5a7b6bf8951a2dacc11c56',
        'impact': 'Low',
        'markdown': '''
          Contract [bad1](tests/detectors/uninitialized-fptr-cst/0.5.8/uninitialized_function_ptr_constructor.sol#L11-L18) 
          	 [b(10)](tests/detectors/uninitialized-fptr-cst/0.5.8/uninitialized_function_ptr_constructor.sol#L16) is an unintialized function pointer call in a constructor
  
        ''',
      }),
      dict({
        'check': 'uninitialized-fptr-cst',
        'confidence': 'High',
        'description': '''
          Contract bad2 (tests/detectors/uninitialized-fptr-cst/0.5.8/uninitialized_function_ptr_constructor.sol#20-29) 
          	 s.a(10) (tests/detectors/uninitialized-fptr-cst/0.5.8/uninitialized_function_ptr_constructor.sol#27) is an unintialized function pointer call in a constructor
  
        ''',
        'elements': list([
          dict({
            'name': 'bad2',
            'source_mapping': dict({
              'ending_column': 2,
              'filename_absolute': '/GENERIC_PATH',
              'filename_relative': 'tests/detectors/uninitialized-fptr-cst/0.5.8/uninitialized_function_ptr_constructor.sol',
              'filename_short': 'tests/detectors/uninitialized-fptr-cst/0.5.8/uninitialized_function_ptr_constructor.sol',
              'is_dependency': False,
              'length': 199,
              'lines': list([
                20,
                21,
                22,
                23,
                24,
                25,
                26,
                27,
                28,
                29,
              ]),
              'start': 486,
              'starting_column': 1,
            }),
            'type': 'contract',
          }),
          dict({
            'name': 's.a(10)',
            'source_mapping': dict({
              'ending_column': 12,
              'filename_absolute': '/GENERIC_PATH',
              'filename_relative': 'tests/detectors/uninitialized-fptr-cst/0.5.8/uninitialized_function_ptr_constructor.sol',
              'filename_short': 'tests/detectors/uninitialized-fptr-cst/0.5.8/uninitialized_function_ptr_constructor.sol',
              'is_dependency': False,
              'length': 7,
              'lines': list([
                27,
              ]),
              'start': 671,
              'starting_column': 5,
            }),
            'type': 'node',
            'type_specific_fields': dict({
              'parent': dict({
                'name': 'constructor',
                'source_mapping': dict({
                  'ending_column': 4,
                  'filename_absolute': '/GENERIC_PATH',
                  'filename_relative': 'tests/detectors/uninitialized-fptr-cst/0.5.8/uninitialized_function_ptr_constructor.sol',
                  'filename_short': 'tests/detectors/uninitialized-fptr-cst/0.5.8/uninitialized_function_ptr_constructor.sol',
                  'is_dependency': False,
                  'length': 55,
                  'lines': list([
                    25,
                    26,
                    27,
                    28,
                  ]),
                  'start': 628,
                  'starting_column': 3,
                }),
                'type': 'function',
                'type_specific_fields': dict({
                  'parent': dict({
                    'name': 'bad2',
                    'source_mapping': dict({
                      'ending_column': 2,
                      'filename_absolute': '/GENERIC_PATH',
                      'filename_relative': 'tests/detectors/uninitialized-fptr-cst/0.5.8/uninitialized_function_ptr_constructor.sol',
                      'filename_short': 'tests/detectors/uninitialized-fptr-cst/0.5.8/uninitialized_function_ptr_constructor.sol',
                      'is_dependency': False,
                      'length': 199,
                      'lines': list([
                        20,
                        21,
                        22,
                        23,
                        24,
                        25,
                        26,
                        27,
                        28,
                        29,
                      ]),
                      'start': 486,
                      'starting_column': 1,
                    }),
                    'type': 'contract',
                  }),
                  'signature': 'constructor()',
                }),
              }),
            }),
          }),
        ]),
        'first_markdown_element': 'tests/detectors/uninitialized-fptr-cst/0.5.8/uninitialized_function_ptr_constructor.sol#L20-L29',
        'id': '0ac2c56701b85e4123747f055651dfab2a1ddb0954e9065b7f39ecf21c6810b7',
        'impact': 'Low',
        'markdown': '''
          Contract [bad2](tests/detectors/uninitialized-fptr-cst/0.5.8/uninitialized_function_ptr_constructor.sol#L20-L29) 
          	 [s.a(10)](tests/detectors/uninitialized-fptr-cst/0.5.8/uninitialized_function_ptr_constructor.sol#L27) is an unintialized function pointer call in a constructor
  
        ''',
      }),
      dict({
        'check': 'uninitialized-fptr-cst',
        'confidence': 'High',
        'description': '''
          Contract bad0 (tests/detectors/uninitialized-fptr-cst/0.5.8/uninitialized_function_ptr_constructor.sol#3-9) 
          	 a(10) (tests/detectors/uninitialized-fptr-cst/0.5.8/uninitialized_function_ptr_constructor.sol#7) is an unintialized function pointer call in a constructor
  
        ''',
        'elements': list([
          dict({
            'name': 'bad0',
            'source_mapping': dict({
              'ending_column': 2,
              'filename_absolute': '/GENERIC_PATH',
              'filename_relative': 'tests/detectors/uninitialized-fptr-cst/0.5.8/uninitialized_function_ptr_constructor.sol',
              'filename_short': 'tests/detectors/uninitialized-fptr-cst/0.5.8/uninitialized_function_ptr_constructor.sol',
              'is_dependency': False,
              'length': 149,
              'lines': list([
                3,
                4,
                5,
                6,
                7,
                8,
                9,
              ]),
              'start': 27,
              'starting_column': 1,
            }),
            'type': 'contract',
          }),
          dict({
            'name': 'a(10)',
            'source_mapping': dict({
              'ending_column': 10,
              'filename_absolute': '/GENERIC_PATH',
              'filename_relative': 'tests/detectors/uninitialized-fptr-cst/0.5.8/uninitialized_function_ptr_constructor.sol',
              'filename_short': 'tests/detectors/uninitialized-fptr-cst/0.5.8/uninitialized_function_ptr_constructor.sol',
              'is_dependency': False,
              'length': 5,
              'lines': list([
                7,
              ]),
              'start': 164,
              'starting_column': 5,
            }),
            'type': 'node',
            'type_specific_fields': dict({
              'parent': dict({
                'name': 'constructor',
                'source_mapping': dict({
                  'ending_column': 4,
                  'filename_absolute': '/GENERIC_PATH',
                  'filename_relative': 'tests/detectors/uninitialized-fptr-cst/0.5.8/uninitialized_function_ptr_constructor.sol',
                  'filename_short': 'tests/detectors/uninitialized-fptr-cst/0.5.8/uninitialized_function_ptr_constructor.sol',
                  'is_dependency': False,
                  'length': 129,
                  'lines': list([
                    4,
                    5,
                    6,
                    7,
                    8,
                  ]),
                  'start': 45,
                  'starting_column': 3,
                }),
                'type': 'function',
                'type_specific_fields': dict({
                  'parent': dict({
                    'name': 'bad0',
                    'source_mapping': dict({
                      'ending_column': 2,
                      'filename_absolute': '/GENERIC_PATH',
                      'filename_relative': 'tests/detectors/uninitialized-fptr-cst/0.5.8/uninitialized_function_ptr_constructor.sol',
                      'filename_short': 'tests/detectors/uninitialized-fptr-cst/0.5.8/uninitialized_function_ptr_constructor.sol',
                      'is_dependency': False,
                      'length': 149,
                      'lines': list([
                        3,
                        4,
                        5,
                        6,
                        7,
                        8,
                        9,
                      ]),
                      'start': 27,
                      'starting_column': 1,
                    }),
                    'type': 'contract',
                  }),
                  'signature': 'constructor()',
                }),
              }),
            }),
          }),
        ]),
        'first_markdown_element': 'tests/detectors/uninitialized-fptr-cst/0.5.8/uninitialized_function_ptr_constructor.sol#L3-L9',
        'id': 'e1e469fcf69ffbf93884287be133945396a1a363e77db02f241c90027f19bf48',
        'impact': 'Low',
        'markdown': '''
          Contract [bad0](tests/detectors/uninitialized-fptr-cst/0.5.8/uninitialized_function_ptr_constructor.sol#L3-L9) 
          	 [a(10)](tests/detectors/uninitialized-fptr-cst/0.5.8/uninitialized_function_ptr_constructor.sol#L7) is an unintialized function pointer call in a constructor
  
        ''',
      }),
      dict({
        'check': 'uninitialized-fptr-cst',
        'confidence': 'High',
        'description': '''
          Contract bad3 (tests/detectors/uninitialized-fptr-cst/0.5.8/uninitialized_function_ptr_constructor.sol#31-42) 
          	 a(10) (tests/detectors/uninitialized-fptr-cst/0.5.8/uninitialized_function_ptr_constructor.sol#36) is an unintialized function pointer call in a constructor
  
        ''',
        'elements': list([
          dict({
            'name': 'bad3',
            'source_mapping': dict({
              'ending_column': 2,
              'filename_absolute': '/GENERIC_PATH',
              'filename_relative': 'tests/detectors/uninitialized-fptr-cst/0.5.8/uninitialized_function_ptr_constructor.sol',
              'filename_short': 'tests/detectors/uninitialized-fptr-cst/0.5.8/uninitialized_function_ptr_constructor.sol',
              'is_dependency': False,
              'length': 269,
              'lines': list([
                31,
                32,
                33,
                34,
                35,
                36,
                37,
                38,
                39,
                40,
                41,
                42,
              ]),
              'start': 687,
              'starting_column': 1,
            }),
            'type': 'contract',
          }),
          dict({
            'name': 'a(10)',
            'source_mapping': dict({
              'ending_column': 10,
              'filename_absolute': '/GENERIC_PATH',
              'filename_relative': 'tests/detectors/uninitialized-fptr-cst/0.5.8/uninitialized_function_ptr_constructor.sol',
              'filename_short': 'tests/detectors/uninitialized-fptr-cst/0.5.8/uninitialized_function_ptr_constructor.sol',
              'is_dependency': False,
              'length': 5,
              'lines': list([
                36,
              ]),
              'start': 858,
              'starting_column': 5,
            }),
            'type': 'node',
            'type_specific_fields': dict({
              'parent': dict({
                'name': 'constructor',
                'source_mapping': dict({
                  'ending_column': 4,
                  'filename_absolute': '/GENERIC_PATH',
                  'filename_relative': 'tests/detectors/uninitialized-fptr-cst/0.5.8/uninitialized_function_ptr_constructor.sol',
                  'filename_short': 'tests/detectors/uninitialized-fptr-cst/0.5.8/uninitialized_function_ptr_constructor.sol',
                  'is_dependency': False,
                  'length': 50,
                  'lines': list([
                    35,
                    36,
                    37,
                    38,
                  ]),
                  'start': 831,
                  'starting_column': 3,
                }),
                'type': 'function',
                'type_specific_fields': dict({
                  'parent': dict({
                    'name': 'bad3',
                    'source_mapping': dict({
                      'ending_column': 2,
                      'filename_absolute': '/GENERIC_PATH',
                      'filename_relative': 'tests/detectors/uninitialized-fptr-cst/0.5.8/uninitialized_function_ptr_constructor.sol',
                      'filename_short': 'tests/detectors/uninitialized-fptr-cst/0.5.8/uninitialized_function_ptr_constructor.sol',
                      'is_dependency': False,
                      'length': 269,
                      'lines': list([
                        31,
                        32,
                        33,
                        34,
                        35,
                        36,
                        37,
                        38,
                        39,
                        40,
                        41,
                        42,
                      ]),
                      'start': 687,
                      'starting_column': 1,
                    }),
                    'type': 'contract',
                  }),
                  'signature': 'constructor()',
                }),
              }),
            }),
          }),
        ]),
        'first_markdown_element': 'tests/detectors/uninitialized-fptr-cst/0.5.8/uninitialized_function_ptr_constructor.sol#L31-L42',
        'id': 'fcca4434be6b4f21d40d12aa57d4fb266d2a7ecc4ca4888cc3e6bf7509c9e8e7',
        'impact': 'Low',
        'markdown': '''
          Contract [bad3](tests/detectors/uninitialized-fptr-cst/0.5.8/uninitialized_function_ptr_constructor.sol#L31-L42) 
          	 [a(10)](tests/detectors/uninitialized-fptr-cst/0.5.8/uninitialized_function_ptr_constructor.sol#L36) is an unintialized function pointer call in a constructor
  
        ''',
      }),
    ]),
  ])
# ---
