# serializer version: 1
# name: test_detector[VarReadUsingThis-0.4.25-var_read_using_this.sol]
  list([
    list([
    ]),
  ])
# ---
