# serializer version: 1
# name: test_detector[StorageSignedIntegerArray-0.5.10-storage_signed_integer_array.sol]
  list([
    list([
    ]),
  ])
# ---
