{
  "C": {
    "f()": "digraph{\n0[label=\"Node Type: ENTRY_POINT 0\n\"];\n0->1;\n1[label=\"Node Type: NEW VARIABLE 1\n\"];\n1->2;\n2[label=\"Node Type: NEW VARIABLE 2\n\"];\n2->3;\n3[label=\"Node Type: NEW VARIABLE 3\n\"];\n3->4;\n4[label=\"Node Type: NEW VARIABLE 4\n\"];\n4->5;\n5[label=\"Node Type: NEW VARIABLE 5\n\"];\n5->6;\n6[label=\"Node Type: BEGIN_LOOP 6\n\"];\n6->8;\n7[label=\"Node Type: IF_LOOP 7\n\"];\n7->8[label=\"True\"];\n7->10[label=\"False\"];\n8[label=\"Node Type: EXPRESSION 8\n\"];\n8->9;\n9[label=\"Node Type: EXPRESSION 9\n\"];\n9->17;\n10[label=\"Node Type: END_LOOP 10\n\"];\n10->11;\n11[label=\"Node Type: BEGIN_LOOP 11\n\"];\n11->13;\n12[label=\"Node Type: IF_LOOP 12\n\"];\n12->13[label=\"True\"];\n12->15[label=\"False\"];\n13[label=\"Node Type: EXPRESSION 13\n\"];\n13->14;\n14[label=\"Node Type: EXPRESSION 14\n\"];\n14->22;\n15[label=\"Node Type: END_LOOP 15\n\"];\n17[label=\"Node Type: IF 17\n\"];\n17->18[label=\"True\"];\n17->19[label=\"False\"];\n18[label=\"Node Type: EXPRESSION 18\n\"];\n18->20;\n19[label=\"Node Type: EXPRESSION 19\n\"];\n19->20;\n20[label=\"Node Type: END_IF 20\n\"];\n20->7;\n22[label=\"Node Type: IF 22\n\"];\n22->23[label=\"True\"];\n22->24[label=\"False\"];\n23[label=\"Node Type: EXPRESSION 23\n\"];\n23->25;\n24[label=\"Node Type: EXPRESSION 24\n\"];\n24->25;\n25[label=\"Node Type: END_IF 25\n\"];\n25->12;\n}\n"
  }
}