{
  "BalanceDeltaLibrary": {
    "amount0(BalanceDelta)": "digraph{\n0[label=\"Node Type: ENTRY_POINT 0\n\"];\n0->1;\n1[label=\"Node Type: INLINE ASM 1\n\"];\n1->2;\n2[label=\"Node Type: EXPRESSION 2\n\"];\n2->3;\n3[label=\"Node Type: END INLINE ASM 3\n\"];\n3->4;\n4[label=\"Node Type: RETURN 4\n\"];\n}\n",
    "amount1(BalanceDelta)": "digraph{\n0[label=\"Node Type: ENTRY_POINT 0\n\"];\n0->1;\n1[label=\"Node Type: INLINE ASM 1\n\"];\n1->2;\n2[label=\"Node Type: EXPRESSION 2\n\"];\n2->3;\n3[label=\"Node Type: END INLINE ASM 3\n\"];\n3->4;\n4[label=\"Node Type: RETURN 4\n\"];\n}\n"
  },
  "X": {
    "get(BalanceDelta)": "digraph{\n0[label=\"Node Type: ENTRY_POINT 0\n\"];\n0->1;\n1[label=\"Node Type: NEW VARIABLE 1\n\"];\n1->2;\n2[label=\"Node Type: NEW VARIABLE 2\n\"];\n}\n"
  }
}