# serializer version: 1
# name: test_detector[StateShadowing-0.7.6-shadowing_state_variable.sol]
  list([
    list([
    ]),
  ])
# ---
