# serializer version: 1
# name: test_detector[TooManyDigits-0.7.6-too_many_digits.sol]
  list([
    list([
      dict({
        'check': 'too-many-digits',
        'confidence': 'Medium',
        'description': '''
          C.f() (tests/detectors/too-many-digits/0.7.6/too_many_digits.sol#9-15) uses literals with too many digits:
          	- x2 = 0x0000000000001 (tests/detectors/too-many-digits/0.7.6/too_many_digits.sol#11)
  
        ''',
        'elements': list([
          dict({
            'name': 'f',
            'source_mapping': dict({
              'ending_column': 6,
              'filename_absolute': '/GENERIC_PATH',
              'filename_relative': 'tests/detectors/too-many-digits/0.7.6/too_many_digits.sol',
              'filename_short': 'tests/detectors/too-many-digits/0.7.6/too_many_digits.sol',
              'is_dependency': False,
              'length': 195,
              'lines': list([
                9,
                10,
                11,
                12,
                13,
                14,
                15,
              ]),
              'start': 151,
              'starting_column': 5,
            }),
            'type': 'function',
            'type_specific_fields': dict({
              'parent': dict({
                'name': 'C',
                'source_mapping': dict({
                  'ending_column': 2,
                  'filename_absolute': '/GENERIC_PATH',
                  'filename_relative': 'tests/detectors/too-many-digits/0.7.6/too_many_digits.sol',
                  'filename_short': 'tests/detectors/too-many-digits/0.7.6/too_many_digits.sol',
                  'is_dependency': False,
                  'length': 917,
                  'lines': list([
                    3,
                    4,
                    5,
                    6,
                    7,
                    8,
                    9,
                    10,
                    11,
                    12,
                    13,
                    14,
                    15,
                    16,
                    17,
                    18,
                    19,
                    20,
                    21,
                    22,
                    23,
                    24,
                    25,
                    26,
                    27,
                    28,
                    29,
                    30,
                    31,
                    32,
                    33,
                    34,
                    35,
                    36,
                    37,
                    38,
                    39,
                    40,
                    41,
                    42,
                  ]),
                  'start': 2,
                  'starting_column': 1,
                }),
                'type': 'contract',
              }),
              'signature': 'f()',
            }),
          }),
          dict({
            'name': 'x2 = 0x0000000000001',
            'source_mapping': dict({
              'ending_column': 34,
              'filename_absolute': '/GENERIC_PATH',
              'filename_relative': 'tests/detectors/too-many-digits/0.7.6/too_many_digits.sol',
              'filename_short': 'tests/detectors/too-many-digits/0.7.6/too_many_digits.sol',
              'is_dependency': False,
              'length': 25,
              'lines': list([
                11,
              ]),
              'start': 211,
              'starting_column': 9,
            }),
            'type': 'node',
            'type_specific_fields': dict({
              'parent': dict({
                'name': 'f',
                'source_mapping': dict({
                  'ending_column': 6,
                  'filename_absolute': '/GENERIC_PATH',
                  'filename_relative': 'tests/detectors/too-many-digits/0.7.6/too_many_digits.sol',
                  'filename_short': 'tests/detectors/too-many-digits/0.7.6/too_many_digits.sol',
                  'is_dependency': False,
                  'length': 195,
                  'lines': list([
                    9,
                    10,
                    11,
                    12,
                    13,
                    14,
                    15,
                  ]),
                  'start': 151,
                  'starting_column': 5,
                }),
                'type': 'function',
                'type_specific_fields': dict({
                  'parent': dict({
                    'name': 'C',
                    'source_mapping': dict({
                      'ending_column': 2,
                      'filename_absolute': '/GENERIC_PATH',
                      'filename_relative': 'tests/detectors/too-many-digits/0.7.6/too_many_digits.sol',
                      'filename_short': 'tests/detectors/too-many-digits/0.7.6/too_many_digits.sol',
                      'is_dependency': False,
                      'length': 917,
                      'lines': list([
                        3,
                        4,
                        5,
                        6,
                        7,
                        8,
                        9,
                        10,
                        11,
                        12,
                        13,
                        14,
                        15,
                        16,
                        17,
                        18,
                        19,
                        20,
                        21,
                        22,
                        23,
                        24,
                        25,
                        26,
                        27,
                        28,
                        29,
                        30,
                        31,
                        32,
                        33,
                        34,
                        35,
                        36,
                        37,
                        38,
                        39,
                        40,
                        41,
                        42,
                      ]),
                      'start': 2,
                      'starting_column': 1,
                    }),
                    'type': 'contract',
                  }),
                  'signature': 'f()',
                }),
              }),
            }),
          }),
        ]),
        'first_markdown_element': 'tests/detectors/too-many-digits/0.7.6/too_many_digits.sol#L9-L15',
        'id': '41a60e2fb1f3a88adafd67ca77db4633849be26e1b8b9973b8bf9e8ea5a9d024',
        'impact': 'Informational',
        'markdown': '''
          [C.f()](tests/detectors/too-many-digits/0.7.6/too_many_digits.sol#L9-L15) uses literals with too many digits:
          	- [x2 = 0x0000000000001](tests/detectors/too-many-digits/0.7.6/too_many_digits.sol#L11)
  
        ''',
      }),
      dict({
        'check': 'too-many-digits',
        'confidence': 'Medium',
        'description': '''
          C.f() (tests/detectors/too-many-digits/0.7.6/too_many_digits.sol#9-15) uses literals with too many digits:
          	- x3 = 1000000000000000000 (tests/detectors/too-many-digits/0.7.6/too_many_digits.sol#12)
  
        ''',
        'elements': list([
          dict({
            'name': 'f',
            'source_mapping': dict({
              'ending_column': 6,
              'filename_absolute': '/GENERIC_PATH',
              'filename_relative': 'tests/detectors/too-many-digits/0.7.6/too_many_digits.sol',
              'filename_short': 'tests/detectors/too-many-digits/0.7.6/too_many_digits.sol',
              'is_dependency': False,
              'length': 195,
              'lines': list([
                9,
                10,
                11,
                12,
                13,
                14,
                15,
              ]),
              'start': 151,
              'starting_column': 5,
            }),
            'type': 'function',
            'type_specific_fields': dict({
              'parent': dict({
                'name': 'C',
                'source_mapping': dict({
                  'ending_column': 2,
                  'filename_absolute': '/GENERIC_PATH',
                  'filename_relative': 'tests/detectors/too-many-digits/0.7.6/too_many_digits.sol',
                  'filename_short': 'tests/detectors/too-many-digits/0.7.6/too_many_digits.sol',
                  'is_dependency': False,
                  'length': 917,
                  'lines': list([
                    3,
                    4,
                    5,
                    6,
                    7,
                    8,
                    9,
                    10,
                    11,
                    12,
                    13,
                    14,
                    15,
                    16,
                    17,
                    18,
                    19,
                    20,
                    21,
                    22,
                    23,
                    24,
                    25,
                    26,
                    27,
                    28,
                    29,
                    30,
                    31,
                    32,
                    33,
                    34,
                    35,
                    36,
                    37,
                    38,
                    39,
                    40,
                    41,
                    42,
                  ]),
                  'start': 2,
                  'starting_column': 1,
                }),
                'type': 'contract',
              }),
              'signature': 'f()',
            }),
          }),
          dict({
            'name': 'x3 = 1000000000000000000',
            'source_mapping': dict({
              'ending_column': 38,
              'filename_absolute': '/GENERIC_PATH',
              'filename_relative': 'tests/detectors/too-many-digits/0.7.6/too_many_digits.sol',
              'filename_short': 'tests/detectors/too-many-digits/0.7.6/too_many_digits.sol',
              'is_dependency': False,
              'length': 29,
              'lines': list([
                12,
              ]),
              'start': 246,
              'starting_column': 9,
            }),
            'type': 'node',
            'type_specific_fields': dict({
              'parent': dict({
                'name': 'f',
                'source_mapping': dict({
                  'ending_column': 6,
                  'filename_absolute': '/GENERIC_PATH',
                  'filename_relative': 'tests/detectors/too-many-digits/0.7.6/too_many_digits.sol',
                  'filename_short': 'tests/detectors/too-many-digits/0.7.6/too_many_digits.sol',
                  'is_dependency': False,
                  'length': 195,
                  'lines': list([
                    9,
                    10,
                    11,
                    12,
                    13,
                    14,
                    15,
                  ]),
                  'start': 151,
                  'starting_column': 5,
                }),
                'type': 'function',
                'type_specific_fields': dict({
                  'parent': dict({
                    'name': 'C',
                    'source_mapping': dict({
                      'ending_column': 2,
                      'filename_absolute': '/GENERIC_PATH',
                      'filename_relative': 'tests/detectors/too-many-digits/0.7.6/too_many_digits.sol',
                      'filename_short': 'tests/detectors/too-many-digits/0.7.6/too_many_digits.sol',
                      'is_dependency': False,
                      'length': 917,
                      'lines': list([
                        3,
                        4,
                        5,
                        6,
                        7,
                        8,
                        9,
                        10,
                        11,
                        12,
                        13,
                        14,
                        15,
                        16,
                        17,
                        18,
                        19,
                        20,
                        21,
                        22,
                        23,
                        24,
                        25,
                        26,
                        27,
                        28,
                        29,
                        30,
                        31,
                        32,
                        33,
                        34,
                        35,
                        36,
                        37,
                        38,
                        39,
                        40,
                        41,
                        42,
                      ]),
                      'start': 2,
                      'starting_column': 1,
                    }),
                    'type': 'contract',
                  }),
                  'signature': 'f()',
                }),
              }),
            }),
          }),
        ]),
        'first_markdown_element': 'tests/detectors/too-many-digits/0.7.6/too_many_digits.sol#L9-L15',
        'id': '4876b33b2a9fb13f6def960f7f9060cbf858f117079526017b1b35a928771680',
        'impact': 'Informational',
        'markdown': '''
          [C.f()](tests/detectors/too-many-digits/0.7.6/too_many_digits.sol#L9-L15) uses literals with too many digits:
          	- [x3 = 1000000000000000000](tests/detectors/too-many-digits/0.7.6/too_many_digits.sol#L12)
  
        ''',
      }),
      dict({
        'check': 'too-many-digits',
        'confidence': 'Medium',
        'description': '''
          C.f() (tests/detectors/too-many-digits/0.7.6/too_many_digits.sol#9-15) uses literals with too many digits:
          	- x1 = 0x000001 (tests/detectors/too-many-digits/0.7.6/too_many_digits.sol#10)
  
        ''',
        'elements': list([
          dict({
            'name': 'f',
            'source_mapping': dict({
              'ending_column': 6,
              'filename_absolute': '/GENERIC_PATH',
              'filename_relative': 'tests/detectors/too-many-digits/0.7.6/too_many_digits.sol',
              'filename_short': 'tests/detectors/too-many-digits/0.7.6/too_many_digits.sol',
              'is_dependency': False,
              'length': 195,
              'lines': list([
                9,
                10,
                11,
                12,
                13,
                14,
                15,
              ]),
              'start': 151,
              'starting_column': 5,
            }),
            'type': 'function',
            'type_specific_fields': dict({
              'parent': dict({
                'name': 'C',
                'source_mapping': dict({
                  'ending_column': 2,
                  'filename_absolute': '/GENERIC_PATH',
                  'filename_relative': 'tests/detectors/too-many-digits/0.7.6/too_many_digits.sol',
                  'filename_short': 'tests/detectors/too-many-digits/0.7.6/too_many_digits.sol',
                  'is_dependency': False,
                  'length': 917,
                  'lines': list([
                    3,
                    4,
                    5,
                    6,
                    7,
                    8,
                    9,
                    10,
                    11,
                    12,
                    13,
                    14,
                    15,
                    16,
                    17,
                    18,
                    19,
                    20,
                    21,
                    22,
                    23,
                    24,
                    25,
                    26,
                    27,
                    28,
                    29,
                    30,
                    31,
                    32,
                    33,
                    34,
                    35,
                    36,
                    37,
                    38,
                    39,
                    40,
                    41,
                    42,
                  ]),
                  'start': 2,
                  'starting_column': 1,
                }),
                'type': 'contract',
              }),
              'signature': 'f()',
            }),
          }),
          dict({
            'name': 'x1 = 0x000001',
            'source_mapping': dict({
              'ending_column': 27,
              'filename_absolute': '/GENERIC_PATH',
              'filename_relative': 'tests/detectors/too-many-digits/0.7.6/too_many_digits.sol',
              'filename_short': 'tests/detectors/too-many-digits/0.7.6/too_many_digits.sol',
              'is_dependency': False,
              'length': 18,
              'lines': list([
                10,
              ]),
              'start': 183,
              'starting_column': 9,
            }),
            'type': 'node',
            'type_specific_fields': dict({
              'parent': dict({
                'name': 'f',
                'source_mapping': dict({
                  'ending_column': 6,
                  'filename_absolute': '/GENERIC_PATH',
                  'filename_relative': 'tests/detectors/too-many-digits/0.7.6/too_many_digits.sol',
                  'filename_short': 'tests/detectors/too-many-digits/0.7.6/too_many_digits.sol',
                  'is_dependency': False,
                  'length': 195,
                  'lines': list([
                    9,
                    10,
                    11,
                    12,
                    13,
                    14,
                    15,
                  ]),
                  'start': 151,
                  'starting_column': 5,
                }),
                'type': 'function',
                'type_specific_fields': dict({
                  'parent': dict({
                    'name': 'C',
                    'source_mapping': dict({
                      'ending_column': 2,
                      'filename_absolute': '/GENERIC_PATH',
                      'filename_relative': 'tests/detectors/too-many-digits/0.7.6/too_many_digits.sol',
                      'filename_short': 'tests/detectors/too-many-digits/0.7.6/too_many_digits.sol',
                      'is_dependency': False,
                      'length': 917,
                      'lines': list([
                        3,
                        4,
                        5,
                        6,
                        7,
                        8,
                        9,
                        10,
                        11,
                        12,
                        13,
                        14,
                        15,
                        16,
                        17,
                        18,
                        19,
                        20,
                        21,
                        22,
                        23,
                        24,
                        25,
                        26,
                        27,
                        28,
                        29,
                        30,
                        31,
                        32,
                        33,
                        34,
                        35,
                        36,
                        37,
                        38,
                        39,
                        40,
                        41,
                        42,
                      ]),
                      'start': 2,
                      'starting_column': 1,
                    }),
                    'type': 'contract',
                  }),
                  'signature': 'f()',
                }),
              }),
            }),
          }),
        ]),
        'first_markdown_element': 'tests/detectors/too-many-digits/0.7.6/too_many_digits.sol#L9-L15',
        'id': 'a053c2f439e1e4ac84469e1aab54f4403d4ab14bf81bae6e7a3d2e489b3514bd',
        'impact': 'Informational',
        'markdown': '''
          [C.f()](tests/detectors/too-many-digits/0.7.6/too_many_digits.sol#L9-L15) uses literals with too many digits:
          	- [x1 = 0x000001](tests/detectors/too-many-digits/0.7.6/too_many_digits.sol#L10)
  
        ''',
      }),
      dict({
        'check': 'too-many-digits',
        'confidence': 'Medium',
        'description': '''
          C.f() (tests/detectors/too-many-digits/0.7.6/too_many_digits.sol#9-15) uses literals with too many digits:
          	- x4 = 100000 (tests/detectors/too-many-digits/0.7.6/too_many_digits.sol#13)
  
        ''',
        'elements': list([
          dict({
            'name': 'f',
            'source_mapping': dict({
              'ending_column': 6,
              'filename_absolute': '/GENERIC_PATH',
              'filename_relative': 'tests/detectors/too-many-digits/0.7.6/too_many_digits.sol',
              'filename_short': 'tests/detectors/too-many-digits/0.7.6/too_many_digits.sol',
              'is_dependency': False,
              'length': 195,
              'lines': list([
                9,
                10,
                11,
                12,
                13,
                14,
                15,
              ]),
              'start': 151,
              'starting_column': 5,
            }),
            'type': 'function',
            'type_specific_fields': dict({
              'parent': dict({
                'name': 'C',
                'source_mapping': dict({
                  'ending_column': 2,
                  'filename_absolute': '/GENERIC_PATH',
                  'filename_relative': 'tests/detectors/too-many-digits/0.7.6/too_many_digits.sol',
                  'filename_short': 'tests/detectors/too-many-digits/0.7.6/too_many_digits.sol',
                  'is_dependency': False,
                  'length': 917,
                  'lines': list([
                    3,
                    4,
                    5,
                    6,
                    7,
                    8,
                    9,
                    10,
                    11,
                    12,
                    13,
                    14,
                    15,
                    16,
                    17,
                    18,
                    19,
                    20,
                    21,
                    22,
                    23,
                    24,
                    25,
                    26,
                    27,
                    28,
                    29,
                    30,
                    31,
                    32,
                    33,
                    34,
                    35,
                    36,
                    37,
                    38,
                    39,
                    40,
                    41,
                    42,
                  ]),
                  'start': 2,
                  'starting_column': 1,
                }),
                'type': 'contract',
              }),
              'signature': 'f()',
            }),
          }),
          dict({
            'name': 'x4 = 100000',
            'source_mapping': dict({
              'ending_column': 25,
              'filename_absolute': '/GENERIC_PATH',
              'filename_relative': 'tests/detectors/too-many-digits/0.7.6/too_many_digits.sol',
              'filename_short': 'tests/detectors/too-many-digits/0.7.6/too_many_digits.sol',
              'is_dependency': False,
              'length': 16,
              'lines': list([
                13,
              ]),
              'start': 285,
              'starting_column': 9,
            }),
            'type': 'node',
            'type_specific_fields': dict({
              'parent': dict({
                'name': 'f',
                'source_mapping': dict({
                  'ending_column': 6,
                  'filename_absolute': '/GENERIC_PATH',
                  'filename_relative': 'tests/detectors/too-many-digits/0.7.6/too_many_digits.sol',
                  'filename_short': 'tests/detectors/too-many-digits/0.7.6/too_many_digits.sol',
                  'is_dependency': False,
                  'length': 195,
                  'lines': list([
                    9,
                    10,
                    11,
                    12,
                    13,
                    14,
                    15,
                  ]),
                  'start': 151,
                  'starting_column': 5,
                }),
                'type': 'function',
                'type_specific_fields': dict({
                  'parent': dict({
                    'name': 'C',
                    'source_mapping': dict({
                      'ending_column': 2,
                      'filename_absolute': '/GENERIC_PATH',
                      'filename_relative': 'tests/detectors/too-many-digits/0.7.6/too_many_digits.sol',
                      'filename_short': 'tests/detectors/too-many-digits/0.7.6/too_many_digits.sol',
                      'is_dependency': False,
                      'length': 917,
                      'lines': list([
                        3,
                        4,
                        5,
                        6,
                        7,
                        8,
                        9,
                        10,
                        11,
                        12,
                        13,
                        14,
                        15,
                        16,
                        17,
                        18,
                        19,
                        20,
                        21,
                        22,
                        23,
                        24,
                        25,
                        26,
                        27,
                        28,
                        29,
                        30,
                        31,
                        32,
                        33,
                        34,
                        35,
                        36,
                        37,
                        38,
                        39,
                        40,
                        41,
                        42,
                      ]),
                      'start': 2,
                      'starting_column': 1,
                    }),
                    'type': 'contract',
                  }),
                  'signature': 'f()',
                }),
              }),
            }),
          }),
        ]),
        'first_markdown_element': 'tests/detectors/too-many-digits/0.7.6/too_many_digits.sol#L9-L15',
        'id': 'cb3b2fdb9be68cc3ddd7d4eb949471b64b62cf93ba43c377682cbdca2f81321e',
        'impact': 'Informational',
        'markdown': '''
          [C.f()](tests/detectors/too-many-digits/0.7.6/too_many_digits.sol#L9-L15) uses literals with too many digits:
          	- [x4 = 100000](tests/detectors/too-many-digits/0.7.6/too_many_digits.sol#L13)
  
        ''',
      }),
      dict({
        'check': 'too-many-digits',
        'confidence': 'Medium',
        'description': '''
          C.h() (tests/detectors/too-many-digits/0.7.6/too_many_digits.sol#20-24) uses literals with too many digits:
          	- x2 = 100000 (tests/detectors/too-many-digits/0.7.6/too_many_digits.sol#22)
  
        ''',
        'elements': list([
          dict({
            'name': 'h',
            'source_mapping': dict({
              'ending_column': 6,
              'filename_absolute': '/GENERIC_PATH',
              'filename_relative': 'tests/detectors/too-many-digits/0.7.6/too_many_digits.sol',
              'filename_short': 'tests/detectors/too-many-digits/0.7.6/too_many_digits.sol',
              'is_dependency': False,
              'length': 113,
              'lines': list([
                20,
                21,
                22,
                23,
                24,
              ]),
              'start': 430,
              'starting_column': 5,
            }),
            'type': 'function',
            'type_specific_fields': dict({
              'parent': dict({
                'name': 'C',
                'source_mapping': dict({
                  'ending_column': 2,
                  'filename_absolute': '/GENERIC_PATH',
                  'filename_relative': 'tests/detectors/too-many-digits/0.7.6/too_many_digits.sol',
                  'filename_short': 'tests/detectors/too-many-digits/0.7.6/too_many_digits.sol',
                  'is_dependency': False,
                  'length': 917,
                  'lines': list([
                    3,
                    4,
                    5,
                    6,
                    7,
                    8,
                    9,
                    10,
                    11,
                    12,
                    13,
                    14,
                    15,
                    16,
                    17,
                    18,
                    19,
                    20,
                    21,
                    22,
                    23,
                    24,
                    25,
                    26,
                    27,
                    28,
                    29,
                    30,
                    31,
                    32,
                    33,
                    34,
                    35,
                    36,
                    37,
                    38,
                    39,
                    40,
                    41,
                    42,
                  ]),
                  'start': 2,
                  'starting_column': 1,
                }),
                'type': 'contract',
              }),
              'signature': 'h()',
            }),
          }),
          dict({
            'name': 'x2 = 100000',
            'source_mapping': dict({
              'ending_column': 25,
              'filename_absolute': '/GENERIC_PATH',
              'filename_relative': 'tests/detectors/too-many-digits/0.7.6/too_many_digits.sol',
              'filename_short': 'tests/detectors/too-many-digits/0.7.6/too_many_digits.sol',
              'is_dependency': False,
              'length': 16,
              'lines': list([
                22,
              ]),
              'start': 486,
              'starting_column': 9,
            }),
            'type': 'node',
            'type_specific_fields': dict({
              'parent': dict({
                'name': 'h',
                'source_mapping': dict({
                  'ending_column': 6,
                  'filename_absolute': '/GENERIC_PATH',
                  'filename_relative': 'tests/detectors/too-many-digits/0.7.6/too_many_digits.sol',
                  'filename_short': 'tests/detectors/too-many-digits/0.7.6/too_many_digits.sol',
                  'is_dependency': False,
                  'length': 113,
                  'lines': list([
                    20,
                    21,
                    22,
                    23,
                    24,
                  ]),
                  'start': 430,
                  'starting_column': 5,
                }),
                'type': 'function',
                'type_specific_fields': dict({
                  'parent': dict({
                    'name': 'C',
                    'source_mapping': dict({
                      'ending_column': 2,
                      'filename_absolute': '/GENERIC_PATH',
                      'filename_relative': 'tests/detectors/too-many-digits/0.7.6/too_many_digits.sol',
                      'filename_short': 'tests/detectors/too-many-digits/0.7.6/too_many_digits.sol',
                      'is_dependency': False,
                      'length': 917,
                      'lines': list([
                        3,
                        4,
                        5,
                        6,
                        7,
                        8,
                        9,
                        10,
                        11,
                        12,
                        13,
                        14,
                        15,
                        16,
                        17,
                        18,
                        19,
                        20,
                        21,
                        22,
                        23,
                        24,
                        25,
                        26,
                        27,
                        28,
                        29,
                        30,
                        31,
                        32,
                        33,
                        34,
                        35,
                        36,
                        37,
                        38,
                        39,
                        40,
                        41,
                        42,
                      ]),
                      'start': 2,
                      'starting_column': 1,
                    }),
                    'type': 'contract',
                  }),
                  'signature': 'h()',
                }),
              }),
            }),
          }),
        ]),
        'first_markdown_element': 'tests/detectors/too-many-digits/0.7.6/too_many_digits.sol#L20-L24',
        'id': 'dc1ea18f753ecea6946e89eb6676abb3813a16bc6a407e6a54ce87beeee261af',
        'impact': 'Informational',
        'markdown': '''
          [C.h()](tests/detectors/too-many-digits/0.7.6/too_many_digits.sol#L20-L24) uses literals with too many digits:
          	- [x2 = 100000](tests/detectors/too-many-digits/0.7.6/too_many_digits.sol#L22)
  
        ''',
      }),
    ]),
  ])
# ---
