# serializer version: 1
# name: test_detector[ArbitrarySendErc20Permit-0.7.6-arbitrary_send_erc20_permit.sol]
  list([
    list([
      dict({
        'check': 'arbitrary-send-erc20-permit',
        'confidence': 'Medium',
        'description': '''
          C.bad3(address,uint256,uint256,uint8,bytes32,bytes32,address) (tests/detectors/arbitrary-send-erc20-permit/0.7.6/arbitrary_send_erc20_permit.sol#47-50) uses arbitrary from in transferFrom in combination with permit: erc20.safeTransferFrom(from,to,value) (tests/detectors/arbitrary-send-erc20-permit/0.7.6/arbitrary_send_erc20_permit.sol#49)
  
        ''',
        'elements': list([
          dict({
            'name': 'bad3',
            'source_mapping': dict({
              'ending_column': 6,
              'filename_absolute': '/GENERIC_PATH',
              'filename_relative': 'tests/detectors/arbitrary-send-erc20-permit/0.7.6/arbitrary_send_erc20_permit.sol',
              'filename_short': 'tests/detectors/arbitrary-send-erc20-permit/0.7.6/arbitrary_send_erc20_permit.sol',
              'is_dependency': False,
              'length': 238,
              'lines': list([
                47,
                48,
                49,
                50,
              ]),
              'start': 1563,
              'starting_column': 5,
            }),
            'type': 'function',
            'type_specific_fields': dict({
              'parent': dict({
                'name': 'C',
                'source_mapping': dict({
                  'ending_column': 2,
                  'filename_absolute': '/GENERIC_PATH',
                  'filename_relative': 'tests/detectors/arbitrary-send-erc20-permit/0.7.6/arbitrary_send_erc20_permit.sol',
                  'filename_short': 'tests/detectors/arbitrary-send-erc20-permit/0.7.6/arbitrary_send_erc20_permit.sol',
                  'is_dependency': False,
                  'length': 1433,
                  'lines': list([
                    19,
                    20,
                    21,
                    22,
                    23,
                    24,
                    25,
                    26,
                    27,
                    28,
                    29,
                    30,
                    31,
                    32,
                    33,
                    34,
                    35,
                    36,
                    37,
                    38,
                    39,
                    40,
                    41,
                    42,
                    43,
                    44,
                    45,
                    46,
                    47,
                    48,
                    49,
                    50,
                    51,
                    52,
                    53,
                    54,
                    55,
                    56,
                    57,
                  ]),
                  'start': 630,
                  'starting_column': 1,
                }),
                'type': 'contract',
              }),
              'signature': 'bad3(address,uint256,uint256,uint8,bytes32,bytes32,address)',
            }),
          }),
          dict({
            'name': 'erc20.safeTransferFrom(from,to,value)',
            'source_mapping': dict({
              'ending_column': 48,
              'filename_absolute': '/GENERIC_PATH',
              'filename_relative': 'tests/detectors/arbitrary-send-erc20-permit/0.7.6/arbitrary_send_erc20_permit.sol',
              'filename_short': 'tests/detectors/arbitrary-send-erc20-permit/0.7.6/arbitrary_send_erc20_permit.sol',
              'is_dependency': False,
              'length': 39,
              'lines': list([
                49,
              ]),
              'start': 1755,
              'starting_column': 9,
            }),
            'type': 'node',
            'type_specific_fields': dict({
              'parent': dict({
                'name': 'bad3',
                'source_mapping': dict({
                  'ending_column': 6,
                  'filename_absolute': '/GENERIC_PATH',
                  'filename_relative': 'tests/detectors/arbitrary-send-erc20-permit/0.7.6/arbitrary_send_erc20_permit.sol',
                  'filename_short': 'tests/detectors/arbitrary-send-erc20-permit/0.7.6/arbitrary_send_erc20_permit.sol',
                  'is_dependency': False,
                  'length': 238,
                  'lines': list([
                    47,
                    48,
                    49,
                    50,
                  ]),
                  'start': 1563,
                  'starting_column': 5,
                }),
                'type': 'function',
                'type_specific_fields': dict({
                  'parent': dict({
                    'name': 'C',
                    'source_mapping': dict({
                      'ending_column': 2,
                      'filename_absolute': '/GENERIC_PATH',
                      'filename_relative': 'tests/detectors/arbitrary-send-erc20-permit/0.7.6/arbitrary_send_erc20_permit.sol',
                      'filename_short': 'tests/detectors/arbitrary-send-erc20-permit/0.7.6/arbitrary_send_erc20_permit.sol',
                      'is_dependency': False,
                      'length': 1433,
                      'lines': list([
                        19,
                        20,
                        21,
                        22,
                        23,
                        24,
                        25,
                        26,
                        27,
                        28,
                        29,
                        30,
                        31,
                        32,
                        33,
                        34,
                        35,
                        36,
                        37,
                        38,
                        39,
                        40,
                        41,
                        42,
                        43,
                        44,
                        45,
                        46,
                        47,
                        48,
                        49,
                        50,
                        51,
                        52,
                        53,
                        54,
                        55,
                        56,
                        57,
                      ]),
                      'start': 630,
                      'starting_column': 1,
                    }),
                    'type': 'contract',
                  }),
                  'signature': 'bad3(address,uint256,uint256,uint8,bytes32,bytes32,address)',
                }),
              }),
            }),
          }),
        ]),
        'first_markdown_element': 'tests/detectors/arbitrary-send-erc20-permit/0.7.6/arbitrary_send_erc20_permit.sol#L47-L50',
        'id': '63dc39bd9025d9fa7d39e07342e5652c010ff424e6d31ed9d1559f225c417956',
        'impact': 'High',
        'markdown': '''
          [C.bad3(address,uint256,uint256,uint8,bytes32,bytes32,address)](tests/detectors/arbitrary-send-erc20-permit/0.7.6/arbitrary_send_erc20_permit.sol#L47-L50) uses arbitrary from in transferFrom in combination with permit: [erc20.safeTransferFrom(from,to,value)](tests/detectors/arbitrary-send-erc20-permit/0.7.6/arbitrary_send_erc20_permit.sol#L49)
  
        ''',
      }),
      dict({
        'check': 'arbitrary-send-erc20-permit',
        'confidence': 'Medium',
        'description': '''
          C.bad4(address,uint256,uint256,uint8,bytes32,bytes32,address) (tests/detectors/arbitrary-send-erc20-permit/0.7.6/arbitrary_send_erc20_permit.sol#52-55) uses arbitrary from in transferFrom in combination with permit: SafeERC20.safeTransferFrom(erc20,from,to,value) (tests/detectors/arbitrary-send-erc20-permit/0.7.6/arbitrary_send_erc20_permit.sol#54)
  
        ''',
        'elements': list([
          dict({
            'name': 'bad4',
            'source_mapping': dict({
              'ending_column': 6,
              'filename_absolute': '/GENERIC_PATH',
              'filename_relative': 'tests/detectors/arbitrary-send-erc20-permit/0.7.6/arbitrary_send_erc20_permit.sol',
              'filename_short': 'tests/detectors/arbitrary-send-erc20-permit/0.7.6/arbitrary_send_erc20_permit.sol',
              'is_dependency': False,
              'length': 249,
              'lines': list([
                52,
                53,
                54,
                55,
              ]),
              'start': 1811,
              'starting_column': 5,
            }),
            'type': 'function',
            'type_specific_fields': dict({
              'parent': dict({
                'name': 'C',
                'source_mapping': dict({
                  'ending_column': 2,
                  'filename_absolute': '/GENERIC_PATH',
                  'filename_relative': 'tests/detectors/arbitrary-send-erc20-permit/0.7.6/arbitrary_send_erc20_permit.sol',
                  'filename_short': 'tests/detectors/arbitrary-send-erc20-permit/0.7.6/arbitrary_send_erc20_permit.sol',
                  'is_dependency': False,
                  'length': 1433,
                  'lines': list([
                    19,
                    20,
                    21,
                    22,
                    23,
                    24,
                    25,
                    26,
                    27,
                    28,
                    29,
                    30,
                    31,
                    32,
                    33,
                    34,
                    35,
                    36,
                    37,
                    38,
                    39,
                    40,
                    41,
                    42,
                    43,
                    44,
                    45,
                    46,
                    47,
                    48,
                    49,
                    50,
                    51,
                    52,
                    53,
                    54,
                    55,
                    56,
                    57,
                  ]),
                  'start': 630,
                  'starting_column': 1,
                }),
                'type': 'contract',
              }),
              'signature': 'bad4(address,uint256,uint256,uint8,bytes32,bytes32,address)',
            }),
          }),
          dict({
            'name': 'SafeERC20.safeTransferFrom(erc20,from,to,value)',
            'source_mapping': dict({
              'ending_column': 59,
              'filename_absolute': '/GENERIC_PATH',
              'filename_relative': 'tests/detectors/arbitrary-send-erc20-permit/0.7.6/arbitrary_send_erc20_permit.sol',
              'filename_short': 'tests/detectors/arbitrary-send-erc20-permit/0.7.6/arbitrary_send_erc20_permit.sol',
              'is_dependency': False,
              'length': 50,
              'lines': list([
                54,
              ]),
              'start': 2003,
              'starting_column': 9,
            }),
            'type': 'node',
            'type_specific_fields': dict({
              'parent': dict({
                'name': 'bad4',
                'source_mapping': dict({
                  'ending_column': 6,
                  'filename_absolute': '/GENERIC_PATH',
                  'filename_relative': 'tests/detectors/arbitrary-send-erc20-permit/0.7.6/arbitrary_send_erc20_permit.sol',
                  'filename_short': 'tests/detectors/arbitrary-send-erc20-permit/0.7.6/arbitrary_send_erc20_permit.sol',
                  'is_dependency': False,
                  'length': 249,
                  'lines': list([
                    52,
                    53,
                    54,
                    55,
                  ]),
                  'start': 1811,
                  'starting_column': 5,
                }),
                'type': 'function',
                'type_specific_fields': dict({
                  'parent': dict({
                    'name': 'C',
                    'source_mapping': dict({
                      'ending_column': 2,
                      'filename_absolute': '/GENERIC_PATH',
                      'filename_relative': 'tests/detectors/arbitrary-send-erc20-permit/0.7.6/arbitrary_send_erc20_permit.sol',
                      'filename_short': 'tests/detectors/arbitrary-send-erc20-permit/0.7.6/arbitrary_send_erc20_permit.sol',
                      'is_dependency': False,
                      'length': 1433,
                      'lines': list([
                        19,
                        20,
                        21,
                        22,
                        23,
                        24,
                        25,
                        26,
                        27,
                        28,
                        29,
                        30,
                        31,
                        32,
                        33,
                        34,
                        35,
                        36,
                        37,
                        38,
                        39,
                        40,
                        41,
                        42,
                        43,
                        44,
                        45,
                        46,
                        47,
                        48,
                        49,
                        50,
                        51,
                        52,
                        53,
                        54,
                        55,
                        56,
                        57,
                      ]),
                      'start': 630,
                      'starting_column': 1,
                    }),
                    'type': 'contract',
                  }),
                  'signature': 'bad4(address,uint256,uint256,uint8,bytes32,bytes32,address)',
                }),
              }),
            }),
          }),
        ]),
        'first_markdown_element': 'tests/detectors/arbitrary-send-erc20-permit/0.7.6/arbitrary_send_erc20_permit.sol#L52-L55',
        'id': '7ebee7b534acb9d9502df84ba56fd0e90223cd262964c77cb9bee798eabd674b',
        'impact': 'High',
        'markdown': '''
          [C.bad4(address,uint256,uint256,uint8,bytes32,bytes32,address)](tests/detectors/arbitrary-send-erc20-permit/0.7.6/arbitrary_send_erc20_permit.sol#L52-L55) uses arbitrary from in transferFrom in combination with permit: [SafeERC20.safeTransferFrom(erc20,from,to,value)](tests/detectors/arbitrary-send-erc20-permit/0.7.6/arbitrary_send_erc20_permit.sol#L54)
  
        ''',
      }),
      dict({
        'check': 'arbitrary-send-erc20-permit',
        'confidence': 'Medium',
        'description': '''
          C.bad1(address,uint256,uint256,uint8,bytes32,bytes32,address) (tests/detectors/arbitrary-send-erc20-permit/0.7.6/arbitrary_send_erc20_permit.sol#32-35) uses arbitrary from in transferFrom in combination with permit: erc20.transferFrom(from,to,value) (tests/detectors/arbitrary-send-erc20-permit/0.7.6/arbitrary_send_erc20_permit.sol#34)
  
        ''',
        'elements': list([
          dict({
            'name': 'bad1',
            'source_mapping': dict({
              'ending_column': 6,
              'filename_absolute': '/GENERIC_PATH',
              'filename_relative': 'tests/detectors/arbitrary-send-erc20-permit/0.7.6/arbitrary_send_erc20_permit.sol',
              'filename_short': 'tests/detectors/arbitrary-send-erc20-permit/0.7.6/arbitrary_send_erc20_permit.sol',
              'is_dependency': False,
              'length': 232,
              'lines': list([
                32,
                33,
                34,
                35,
              ]),
              'start': 860,
              'starting_column': 5,
            }),
            'type': 'function',
            'type_specific_fields': dict({
              'parent': dict({
                'name': 'C',
                'source_mapping': dict({
                  'ending_column': 2,
                  'filename_absolute': '/GENERIC_PATH',
                  'filename_relative': 'tests/detectors/arbitrary-send-erc20-permit/0.7.6/arbitrary_send_erc20_permit.sol',
                  'filename_short': 'tests/detectors/arbitrary-send-erc20-permit/0.7.6/arbitrary_send_erc20_permit.sol',
                  'is_dependency': False,
                  'length': 1433,
                  'lines': list([
                    19,
                    20,
                    21,
                    22,
                    23,
                    24,
                    25,
                    26,
                    27,
                    28,
                    29,
                    30,
                    31,
                    32,
                    33,
                    34,
                    35,
                    36,
                    37,
                    38,
                    39,
                    40,
                    41,
                    42,
                    43,
                    44,
                    45,
                    46,
                    47,
                    48,
                    49,
                    50,
                    51,
                    52,
                    53,
                    54,
                    55,
                    56,
                    57,
                  ]),
                  'start': 630,
                  'starting_column': 1,
                }),
                'type': 'contract',
              }),
              'signature': 'bad1(address,uint256,uint256,uint8,bytes32,bytes32,address)',
            }),
          }),
          dict({
            'name': 'erc20.transferFrom(from,to,value)',
            'source_mapping': dict({
              'ending_column': 44,
              'filename_absolute': '/GENERIC_PATH',
              'filename_relative': 'tests/detectors/arbitrary-send-erc20-permit/0.7.6/arbitrary_send_erc20_permit.sol',
              'filename_short': 'tests/detectors/arbitrary-send-erc20-permit/0.7.6/arbitrary_send_erc20_permit.sol',
              'is_dependency': False,
              'length': 35,
              'lines': list([
                34,
              ]),
              'start': 1050,
              'starting_column': 9,
            }),
            'type': 'node',
            'type_specific_fields': dict({
              'parent': dict({
                'name': 'bad1',
                'source_mapping': dict({
                  'ending_column': 6,
                  'filename_absolute': '/GENERIC_PATH',
                  'filename_relative': 'tests/detectors/arbitrary-send-erc20-permit/0.7.6/arbitrary_send_erc20_permit.sol',
                  'filename_short': 'tests/detectors/arbitrary-send-erc20-permit/0.7.6/arbitrary_send_erc20_permit.sol',
                  'is_dependency': False,
                  'length': 232,
                  'lines': list([
                    32,
                    33,
                    34,
                    35,
                  ]),
                  'start': 860,
                  'starting_column': 5,
                }),
                'type': 'function',
                'type_specific_fields': dict({
                  'parent': dict({
                    'name': 'C',
                    'source_mapping': dict({
                      'ending_column': 2,
                      'filename_absolute': '/GENERIC_PATH',
                      'filename_relative': 'tests/detectors/arbitrary-send-erc20-permit/0.7.6/arbitrary_send_erc20_permit.sol',
                      'filename_short': 'tests/detectors/arbitrary-send-erc20-permit/0.7.6/arbitrary_send_erc20_permit.sol',
                      'is_dependency': False,
                      'length': 1433,
                      'lines': list([
                        19,
                        20,
                        21,
                        22,
                        23,
                        24,
                        25,
                        26,
                        27,
                        28,
                        29,
                        30,
                        31,
                        32,
                        33,
                        34,
                        35,
                        36,
                        37,
                        38,
                        39,
                        40,
                        41,
                        42,
                        43,
                        44,
                        45,
                        46,
                        47,
                        48,
                        49,
                        50,
                        51,
                        52,
                        53,
                        54,
                        55,
                        56,
                        57,
                      ]),
                      'start': 630,
                      'starting_column': 1,
                    }),
                    'type': 'contract',
                  }),
                  'signature': 'bad1(address,uint256,uint256,uint8,bytes32,bytes32,address)',
                }),
              }),
            }),
          }),
        ]),
        'first_markdown_element': 'tests/detectors/arbitrary-send-erc20-permit/0.7.6/arbitrary_send_erc20_permit.sol#L32-L35',
        'id': 'ba2c627103717a52a46b52714313000eb4f9d96f57dfac874854a3747ace5a13',
        'impact': 'High',
        'markdown': '''
          [C.bad1(address,uint256,uint256,uint8,bytes32,bytes32,address)](tests/detectors/arbitrary-send-erc20-permit/0.7.6/arbitrary_send_erc20_permit.sol#L32-L35) uses arbitrary from in transferFrom in combination with permit: [erc20.transferFrom(from,to,value)](tests/detectors/arbitrary-send-erc20-permit/0.7.6/arbitrary_send_erc20_permit.sol#L34)
  
        ''',
      }),
      dict({
        'check': 'arbitrary-send-erc20-permit',
        'confidence': 'Medium',
        'description': '''
          C.int_transferFrom(address,uint256,uint256,uint8,bytes32,bytes32,address) (tests/detectors/arbitrary-send-erc20-permit/0.7.6/arbitrary_send_erc20_permit.sol#42-45) uses arbitrary from in transferFrom in combination with permit: erc20.transferFrom(from,to,value) (tests/detectors/arbitrary-send-erc20-permit/0.7.6/arbitrary_send_erc20_permit.sol#44)
  
        ''',
        'elements': list([
          dict({
            'name': 'int_transferFrom',
            'source_mapping': dict({
              'ending_column': 6,
              'filename_absolute': '/GENERIC_PATH',
              'filename_relative': 'tests/detectors/arbitrary-send-erc20-permit/0.7.6/arbitrary_send_erc20_permit.sol',
              'filename_short': 'tests/detectors/arbitrary-send-erc20-permit/0.7.6/arbitrary_send_erc20_permit.sol',
              'is_dependency': False,
              'length': 246,
              'lines': list([
                42,
                43,
                44,
                45,
              ]),
              'start': 1311,
              'starting_column': 5,
            }),
            'type': 'function',
            'type_specific_fields': dict({
              'parent': dict({
                'name': 'C',
                'source_mapping': dict({
                  'ending_column': 2,
                  'filename_absolute': '/GENERIC_PATH',
                  'filename_relative': 'tests/detectors/arbitrary-send-erc20-permit/0.7.6/arbitrary_send_erc20_permit.sol',
                  'filename_short': 'tests/detectors/arbitrary-send-erc20-permit/0.7.6/arbitrary_send_erc20_permit.sol',
                  'is_dependency': False,
                  'length': 1433,
                  'lines': list([
                    19,
                    20,
                    21,
                    22,
                    23,
                    24,
                    25,
                    26,
                    27,
                    28,
                    29,
                    30,
                    31,
                    32,
                    33,
                    34,
                    35,
                    36,
                    37,
                    38,
                    39,
                    40,
                    41,
                    42,
                    43,
                    44,
                    45,
                    46,
                    47,
                    48,
                    49,
                    50,
                    51,
                    52,
                    53,
                    54,
                    55,
                    56,
                    57,
                  ]),
                  'start': 630,
                  'starting_column': 1,
                }),
                'type': 'contract',
              }),
              'signature': 'int_transferFrom(address,uint256,uint256,uint8,bytes32,bytes32,address)',
            }),
          }),
          dict({
            'name': 'erc20.transferFrom(from,to,value)',
            'source_mapping': dict({
              'ending_column': 44,
              'filename_absolute': '/GENERIC_PATH',
              'filename_relative': 'tests/detectors/arbitrary-send-erc20-permit/0.7.6/arbitrary_send_erc20_permit.sol',
              'filename_short': 'tests/detectors/arbitrary-send-erc20-permit/0.7.6/arbitrary_send_erc20_permit.sol',
              'is_dependency': False,
              'length': 35,
              'lines': list([
                44,
              ]),
              'start': 1515,
              'starting_column': 9,
            }),
            'type': 'node',
            'type_specific_fields': dict({
              'parent': dict({
                'name': 'int_transferFrom',
                'source_mapping': dict({
                  'ending_column': 6,
                  'filename_absolute': '/GENERIC_PATH',
                  'filename_relative': 'tests/detectors/arbitrary-send-erc20-permit/0.7.6/arbitrary_send_erc20_permit.sol',
                  'filename_short': 'tests/detectors/arbitrary-send-erc20-permit/0.7.6/arbitrary_send_erc20_permit.sol',
                  'is_dependency': False,
                  'length': 246,
                  'lines': list([
                    42,
                    43,
                    44,
                    45,
                  ]),
                  'start': 1311,
                  'starting_column': 5,
                }),
                'type': 'function',
                'type_specific_fields': dict({
                  'parent': dict({
                    'name': 'C',
                    'source_mapping': dict({
                      'ending_column': 2,
                      'filename_absolute': '/GENERIC_PATH',
                      'filename_relative': 'tests/detectors/arbitrary-send-erc20-permit/0.7.6/arbitrary_send_erc20_permit.sol',
                      'filename_short': 'tests/detectors/arbitrary-send-erc20-permit/0.7.6/arbitrary_send_erc20_permit.sol',
                      'is_dependency': False,
                      'length': 1433,
                      'lines': list([
                        19,
                        20,
                        21,
                        22,
                        23,
                        24,
                        25,
                        26,
                        27,
                        28,
                        29,
                        30,
                        31,
                        32,
                        33,
                        34,
                        35,
                        36,
                        37,
                        38,
                        39,
                        40,
                        41,
                        42,
                        43,
                        44,
                        45,
                        46,
                        47,
                        48,
                        49,
                        50,
                        51,
                        52,
                        53,
                        54,
                        55,
                        56,
                        57,
                      ]),
                      'start': 630,
                      'starting_column': 1,
                    }),
                    'type': 'contract',
                  }),
                  'signature': 'int_transferFrom(address,uint256,uint256,uint8,bytes32,bytes32,address)',
                }),
              }),
            }),
          }),
        ]),
        'first_markdown_element': 'tests/detectors/arbitrary-send-erc20-permit/0.7.6/arbitrary_send_erc20_permit.sol#L42-L45',
        'id': 'd56199ce2b7249389dffba8e53278f5ae32fbdda8a51cae8b5eb1cf2c09a0578',
        'impact': 'High',
        'markdown': '''
          [C.int_transferFrom(address,uint256,uint256,uint8,bytes32,bytes32,address)](tests/detectors/arbitrary-send-erc20-permit/0.7.6/arbitrary_send_erc20_permit.sol#L42-L45) uses arbitrary from in transferFrom in combination with permit: [erc20.transferFrom(from,to,value)](tests/detectors/arbitrary-send-erc20-permit/0.7.6/arbitrary_send_erc20_permit.sol#L44)
  
        ''',
      }),
    ]),
  ])
# ---
