# serializer version: 1
# name: test_detector[MsgValueInLoop-0.5.16-msg_value_loop.sol]
  list([
    list([
      dict({
        'check': 'msg-value-loop',
        'confidence': 'Medium',
        'description': '''
          C.bad(address[]) (tests/detectors/msg-value-loop/0.5.16/msg_value_loop.sol#5-9) use msg.value in a loop: balances[receivers[i]] += msg.value (tests/detectors/msg-value-loop/0.5.16/msg_value_loop.sol#7)
  
        ''',
        'elements': list([
          dict({
            'name': 'bad',
            'source_mapping': dict({
              'ending_column': 6,
              'filename_absolute': '/GENERIC_PATH',
              'filename_relative': 'tests/detectors/msg-value-loop/0.5.16/msg_value_loop.sol',
              'filename_short': 'tests/detectors/msg-value-loop/0.5.16/msg_value_loop.sol',
              'is_dependency': False,
              'length': 179,
              'lines': list([
                5,
                6,
                7,
                8,
                9,
              ]),
              'start': 61,
              'starting_column': 5,
            }),
            'type': 'function',
            'type_specific_fields': dict({
              'parent': dict({
                'name': 'C',
                'source_mapping': dict({
                  'ending_column': 0,
                  'filename_absolute': '/GENERIC_PATH',
                  'filename_relative': 'tests/detectors/msg-value-loop/0.5.16/msg_value_loop.sol',
                  'filename_short': 'tests/detectors/msg-value-loop/0.5.16/msg_value_loop.sol',
                  'is_dependency': False,
                  'length': 763,
                  'lines': list([
                    1,
                    2,
                    3,
                    4,
                    5,
                    6,
                    7,
                    8,
                    9,
                    10,
                    11,
                    12,
                    13,
                    14,
                    15,
                    16,
                    17,
                    18,
                    19,
                    20,
                    21,
                    22,
                    23,
                    24,
                    25,
                    26,
                    27,
                    28,
                    29,
                    30,
                  ]),
                  'start': 0,
                  'starting_column': 1,
                }),
                'type': 'contract',
              }),
              'signature': 'bad(address[])',
            }),
          }),
          dict({
            'name': 'balances[receivers[i]] += msg.value',
            'source_mapping': dict({
              'ending_column': 48,
              'filename_absolute': '/GENERIC_PATH',
              'filename_relative': 'tests/detectors/msg-value-loop/0.5.16/msg_value_loop.sol',
              'filename_short': 'tests/detectors/msg-value-loop/0.5.16/msg_value_loop.sol',
              'is_dependency': False,
              'length': 35,
              'lines': list([
                7,
              ]),
              'start': 188,
              'starting_column': 13,
            }),
            'type': 'node',
            'type_specific_fields': dict({
              'parent': dict({
                'name': 'bad',
                'source_mapping': dict({
                  'ending_column': 6,
                  'filename_absolute': '/GENERIC_PATH',
                  'filename_relative': 'tests/detectors/msg-value-loop/0.5.16/msg_value_loop.sol',
                  'filename_short': 'tests/detectors/msg-value-loop/0.5.16/msg_value_loop.sol',
                  'is_dependency': False,
                  'length': 179,
                  'lines': list([
                    5,
                    6,
                    7,
                    8,
                    9,
                  ]),
                  'start': 61,
                  'starting_column': 5,
                }),
                'type': 'function',
                'type_specific_fields': dict({
                  'parent': dict({
                    'name': 'C',
                    'source_mapping': dict({
                      'ending_column': 0,
                      'filename_absolute': '/GENERIC_PATH',
                      'filename_relative': 'tests/detectors/msg-value-loop/0.5.16/msg_value_loop.sol',
                      'filename_short': 'tests/detectors/msg-value-loop/0.5.16/msg_value_loop.sol',
                      'is_dependency': False,
                      'length': 763,
                      'lines': list([
                        1,
                        2,
                        3,
                        4,
                        5,
                        6,
                        7,
                        8,
                        9,
                        10,
                        11,
                        12,
                        13,
                        14,
                        15,
                        16,
                        17,
                        18,
                        19,
                        20,
                        21,
                        22,
                        23,
                        24,
                        25,
                        26,
                        27,
                        28,
                        29,
                        30,
                      ]),
                      'start': 0,
                      'starting_column': 1,
                    }),
                    'type': 'contract',
                  }),
                  'signature': 'bad(address[])',
                }),
              }),
            }),
          }),
        ]),
        'first_markdown_element': 'tests/detectors/msg-value-loop/0.5.16/msg_value_loop.sol#L5-L9',
        'id': '73184041d050abe4e838c17a866f4b56dcb249488d85eecf48cde8eaad21511a',
        'impact': 'High',
        'markdown': '''
          [C.bad(address[])](tests/detectors/msg-value-loop/0.5.16/msg_value_loop.sol#L5-L9) use msg.value in a loop: [balances[receivers[i]] += msg.value](tests/detectors/msg-value-loop/0.5.16/msg_value_loop.sol#L7)
  
        ''',
      }),
      dict({
        'check': 'msg-value-loop',
        'confidence': 'Medium',
        'description': '''
          C.bad2_internal(address) (tests/detectors/msg-value-loop/0.5.16/msg_value_loop.sol#17-19) use msg.value in a loop: balances[a] += msg.value (tests/detectors/msg-value-loop/0.5.16/msg_value_loop.sol#18)
  
        ''',
        'elements': list([
          dict({
            'name': 'bad2_internal',
            'source_mapping': dict({
              'ending_column': 6,
              'filename_absolute': '/GENERIC_PATH',
              'filename_relative': 'tests/detectors/msg-value-loop/0.5.16/msg_value_loop.sol',
              'filename_short': 'tests/detectors/msg-value-loop/0.5.16/msg_value_loop.sol',
              'is_dependency': False,
              'length': 84,
              'lines': list([
                17,
                18,
                19,
              ]),
              'start': 425,
              'starting_column': 5,
            }),
            'type': 'function',
            'type_specific_fields': dict({
              'parent': dict({
                'name': 'C',
                'source_mapping': dict({
                  'ending_column': 0,
                  'filename_absolute': '/GENERIC_PATH',
                  'filename_relative': 'tests/detectors/msg-value-loop/0.5.16/msg_value_loop.sol',
                  'filename_short': 'tests/detectors/msg-value-loop/0.5.16/msg_value_loop.sol',
                  'is_dependency': False,
                  'length': 763,
                  'lines': list([
                    1,
                    2,
                    3,
                    4,
                    5,
                    6,
                    7,
                    8,
                    9,
                    10,
                    11,
                    12,
                    13,
                    14,
                    15,
                    16,
                    17,
                    18,
                    19,
                    20,
                    21,
                    22,
                    23,
                    24,
                    25,
                    26,
                    27,
                    28,
                    29,
                    30,
                  ]),
                  'start': 0,
                  'starting_column': 1,
                }),
                'type': 'contract',
              }),
              'signature': 'bad2_internal(address)',
            }),
          }),
          dict({
            'name': 'balances[a] += msg.value',
            'source_mapping': dict({
              'ending_column': 33,
              'filename_absolute': '/GENERIC_PATH',
              'filename_relative': 'tests/detectors/msg-value-loop/0.5.16/msg_value_loop.sol',
              'filename_short': 'tests/detectors/msg-value-loop/0.5.16/msg_value_loop.sol',
              'is_dependency': False,
              'length': 24,
              'lines': list([
                18,
              ]),
              'start': 478,
              'starting_column': 9,
            }),
            'type': 'node',
            'type_specific_fields': dict({
              'parent': dict({
                'name': 'bad2_internal',
                'source_mapping': dict({
                  'ending_column': 6,
                  'filename_absolute': '/GENERIC_PATH',
                  'filename_relative': 'tests/detectors/msg-value-loop/0.5.16/msg_value_loop.sol',
                  'filename_short': 'tests/detectors/msg-value-loop/0.5.16/msg_value_loop.sol',
                  'is_dependency': False,
                  'length': 84,
                  'lines': list([
                    17,
                    18,
                    19,
                  ]),
                  'start': 425,
                  'starting_column': 5,
                }),
                'type': 'function',
                'type_specific_fields': dict({
                  'parent': dict({
                    'name': 'C',
                    'source_mapping': dict({
                      'ending_column': 0,
                      'filename_absolute': '/GENERIC_PATH',
                      'filename_relative': 'tests/detectors/msg-value-loop/0.5.16/msg_value_loop.sol',
                      'filename_short': 'tests/detectors/msg-value-loop/0.5.16/msg_value_loop.sol',
                      'is_dependency': False,
                      'length': 763,
                      'lines': list([
                        1,
                        2,
                        3,
                        4,
                        5,
                        6,
                        7,
                        8,
                        9,
                        10,
                        11,
                        12,
                        13,
                        14,
                        15,
                        16,
                        17,
                        18,
                        19,
                        20,
                        21,
                        22,
                        23,
                        24,
                        25,
                        26,
                        27,
                        28,
                        29,
                        30,
                      ]),
                      'start': 0,
                      'starting_column': 1,
                    }),
                    'type': 'contract',
                  }),
                  'signature': 'bad2_internal(address)',
                }),
              }),
            }),
          }),
        ]),
        'first_markdown_element': 'tests/detectors/msg-value-loop/0.5.16/msg_value_loop.sol#L17-L19',
        'id': 'a7decdca7d1ca27f92038a6a0d1ee3899fe523fef53329f4bdd976040fe05fd4',
        'impact': 'High',
        'markdown': '''
          [C.bad2_internal(address)](tests/detectors/msg-value-loop/0.5.16/msg_value_loop.sol#L17-L19) use msg.value in a loop: [balances[a] += msg.value](tests/detectors/msg-value-loop/0.5.16/msg_value_loop.sol#L18)
  
        ''',
      }),
      dict({
        'check': 'msg-value-loop',
        'confidence': 'Medium',
        'description': '''
          C.bad3(address[]) (tests/detectors/msg-value-loop/0.5.16/msg_value_loop.sol#21-27) use msg.value in a loop: balances[receivers[j]] += msg.value (tests/detectors/msg-value-loop/0.5.16/msg_value_loop.sol#24)
  
        ''',
        'elements': list([
          dict({
            'name': 'bad3',
            'source_mapping': dict({
              'ending_column': 6,
              'filename_absolute': '/GENERIC_PATH',
              'filename_relative': 'tests/detectors/msg-value-loop/0.5.16/msg_value_loop.sol',
              'filename_short': 'tests/detectors/msg-value-loop/0.5.16/msg_value_loop.sol',
              'is_dependency': False,
              'length': 245,
              'lines': list([
                21,
                22,
                23,
                24,
                25,
                26,
                27,
              ]),
              'start': 515,
              'starting_column': 5,
            }),
            'type': 'function',
            'type_specific_fields': dict({
              'parent': dict({
                'name': 'C',
                'source_mapping': dict({
                  'ending_column': 0,
                  'filename_absolute': '/GENERIC_PATH',
                  'filename_relative': 'tests/detectors/msg-value-loop/0.5.16/msg_value_loop.sol',
                  'filename_short': 'tests/detectors/msg-value-loop/0.5.16/msg_value_loop.sol',
                  'is_dependency': False,
                  'length': 763,
                  'lines': list([
                    1,
                    2,
                    3,
                    4,
                    5,
                    6,
                    7,
                    8,
                    9,
                    10,
                    11,
                    12,
                    13,
                    14,
                    15,
                    16,
                    17,
                    18,
                    19,
                    20,
                    21,
                    22,
                    23,
                    24,
                    25,
                    26,
                    27,
                    28,
                    29,
                    30,
                  ]),
                  'start': 0,
                  'starting_column': 1,
                }),
                'type': 'contract',
              }),
              'signature': 'bad3(address[])',
            }),
          }),
          dict({
            'name': 'balances[receivers[j]] += msg.value',
            'source_mapping': dict({
              'ending_column': 52,
              'filename_absolute': '/GENERIC_PATH',
              'filename_relative': 'tests/detectors/msg-value-loop/0.5.16/msg_value_loop.sol',
              'filename_short': 'tests/detectors/msg-value-loop/0.5.16/msg_value_loop.sol',
              'is_dependency': False,
              'length': 35,
              'lines': list([
                24,
              ]),
              'start': 694,
              'starting_column': 17,
            }),
            'type': 'node',
            'type_specific_fields': dict({
              'parent': dict({
                'name': 'bad3',
                'source_mapping': dict({
                  'ending_column': 6,
                  'filename_absolute': '/GENERIC_PATH',
                  'filename_relative': 'tests/detectors/msg-value-loop/0.5.16/msg_value_loop.sol',
                  'filename_short': 'tests/detectors/msg-value-loop/0.5.16/msg_value_loop.sol',
                  'is_dependency': False,
                  'length': 245,
                  'lines': list([
                    21,
                    22,
                    23,
                    24,
                    25,
                    26,
                    27,
                  ]),
                  'start': 515,
                  'starting_column': 5,
                }),
                'type': 'function',
                'type_specific_fields': dict({
                  'parent': dict({
                    'name': 'C',
                    'source_mapping': dict({
                      'ending_column': 0,
                      'filename_absolute': '/GENERIC_PATH',
                      'filename_relative': 'tests/detectors/msg-value-loop/0.5.16/msg_value_loop.sol',
                      'filename_short': 'tests/detectors/msg-value-loop/0.5.16/msg_value_loop.sol',
                      'is_dependency': False,
                      'length': 763,
                      'lines': list([
                        1,
                        2,
                        3,
                        4,
                        5,
                        6,
                        7,
                        8,
                        9,
                        10,
                        11,
                        12,
                        13,
                        14,
                        15,
                        16,
                        17,
                        18,
                        19,
                        20,
                        21,
                        22,
                        23,
                        24,
                        25,
                        26,
                        27,
                        28,
                        29,
                        30,
                      ]),
                      'start': 0,
                      'starting_column': 1,
                    }),
                    'type': 'contract',
                  }),
                  'signature': 'bad3(address[])',
                }),
              }),
            }),
          }),
        ]),
        'first_markdown_element': 'tests/detectors/msg-value-loop/0.5.16/msg_value_loop.sol#L21-L27',
        'id': 'e8b65da4e14be1243f400e5b4e656c10d7e360391ecdc376848c2c25c257f593',
        'impact': 'High',
        'markdown': '''
          [C.bad3(address[])](tests/detectors/msg-value-loop/0.5.16/msg_value_loop.sol#L21-L27) use msg.value in a loop: [balances[receivers[j]] += msg.value](tests/detectors/msg-value-loop/0.5.16/msg_value_loop.sol#L24)
  
        ''',
      }),
    ]),
  ])
# ---
