# serializer version: 1
# name: test_detector[ShiftParameterMixup-0.4.25-shift_parameter_mixup.sol]
  list([
    list([
    ]),
  ])
# ---
