# serializer version: 1
# name: test_detector[ModifierDefaultDetection-0.7.6-modifier_default.sol]
  list([
    list([
      dict({
        'check': 'incorrect-modifier',
        'confidence': 'High',
        'description': 'Modifier Test.loopsNoResult() (tests/detectors/incorrect-modifier/0.7.6/modifier_default.sol#30-41) does not always execute _; or revert',
        'elements': list([
          dict({
            'name': 'loopsNoResult',
            'source_mapping': dict({
              'ending_column': 6,
              'filename_absolute': '/GENERIC_PATH',
              'filename_relative': 'tests/detectors/incorrect-modifier/0.7.6/modifier_default.sol',
              'filename_short': 'tests/detectors/incorrect-modifier/0.7.6/modifier_default.sol',
              'is_dependency': False,
              'length': 251,
              'lines': list([
                30,
                31,
                32,
                33,
                34,
                35,
                36,
                37,
                38,
                39,
                40,
                41,
              ]),
              'start': 496,
              'starting_column': 5,
            }),
            'type': 'function',
            'type_specific_fields': dict({
              'parent': dict({
                'name': 'Test',
                'source_mapping': dict({
                  'ending_column': 2,
                  'filename_absolute': '/GENERIC_PATH',
                  'filename_relative': 'tests/detectors/incorrect-modifier/0.7.6/modifier_default.sol',
                  'filename_short': 'tests/detectors/incorrect-modifier/0.7.6/modifier_default.sol',
                  'is_dependency': False,
                  'length': 901,
                  'lines': list([
                    1,
                    2,
                    3,
                    4,
                    5,
                    6,
                    7,
                    8,
                    9,
                    10,
                    11,
                    12,
                    13,
                    14,
                    15,
                    16,
                    17,
                    18,
                    19,
                    20,
                    21,
                    22,
                    23,
                    24,
                    25,
                    26,
                    27,
                    28,
                    29,
                    30,
                    31,
                    32,
                    33,
                    34,
                    35,
                    36,
                    37,
                    38,
                    39,
                    40,
                    41,
                    42,
                    43,
                    44,
                    45,
                    46,
                    47,
                    48,
                    49,
                    50,
                    51,
                    52,
                  ]),
                  'start': 0,
                  'starting_column': 1,
                }),
                'type': 'contract',
              }),
              'signature': 'loopsNoResult()',
            }),
          }),
        ]),
        'first_markdown_element': 'tests/detectors/incorrect-modifier/0.7.6/modifier_default.sol#L30-L41',
        'id': '0ba95ef5faf2a00c06d4f83c5159220d1cd06bc346a1287a6634334b7a0c433f',
        'impact': 'Low',
        'markdown': 'Modifier [Test.loopsNoResult()](tests/detectors/incorrect-modifier/0.7.6/modifier_default.sol#L30-L41) does not always execute _; or revert',
      }),
      dict({
        'check': 'incorrect-modifier',
        'confidence': 'High',
        'description': 'Modifier Test.requireAssertNoResult() (tests/detectors/incorrect-modifier/0.7.6/modifier_default.sol#18-22) does not always execute _; or revert',
        'elements': list([
          dict({
            'name': 'requireAssertNoResult',
            'source_mapping': dict({
              'ending_column': 6,
              'filename_absolute': '/GENERIC_PATH',
              'filename_relative': 'tests/detectors/incorrect-modifier/0.7.6/modifier_default.sol',
              'filename_short': 'tests/detectors/incorrect-modifier/0.7.6/modifier_default.sol',
              'is_dependency': False,
              'length': 111,
              'lines': list([
                18,
                19,
                20,
                21,
                22,
              ]),
              'start': 277,
              'starting_column': 5,
            }),
            'type': 'function',
            'type_specific_fields': dict({
              'parent': dict({
                'name': 'Test',
                'source_mapping': dict({
                  'ending_column': 2,
                  'filename_absolute': '/GENERIC_PATH',
                  'filename_relative': 'tests/detectors/incorrect-modifier/0.7.6/modifier_default.sol',
                  'filename_short': 'tests/detectors/incorrect-modifier/0.7.6/modifier_default.sol',
                  'is_dependency': False,
                  'length': 901,
                  'lines': list([
                    1,
                    2,
                    3,
                    4,
                    5,
                    6,
                    7,
                    8,
                    9,
                    10,
                    11,
                    12,
                    13,
                    14,
                    15,
                    16,
                    17,
                    18,
                    19,
                    20,
                    21,
                    22,
                    23,
                    24,
                    25,
                    26,
                    27,
                    28,
                    29,
                    30,
                    31,
                    32,
                    33,
                    34,
                    35,
                    36,
                    37,
                    38,
                    39,
                    40,
                    41,
                    42,
                    43,
                    44,
                    45,
                    46,
                    47,
                    48,
                    49,
                    50,
                    51,
                    52,
                  ]),
                  'start': 0,
                  'starting_column': 1,
                }),
                'type': 'contract',
              }),
              'signature': 'requireAssertNoResult()',
            }),
          }),
        ]),
        'first_markdown_element': 'tests/detectors/incorrect-modifier/0.7.6/modifier_default.sol#L18-L22',
        'id': '35d07e11ee69abb8fb0e63dddefc1ab059bf450c71c992f70c5f96e484fbcbcc',
        'impact': 'Low',
        'markdown': 'Modifier [Test.requireAssertNoResult()](tests/detectors/incorrect-modifier/0.7.6/modifier_default.sol#L18-L22) does not always execute _; or revert',
      }),
      dict({
        'check': 'incorrect-modifier',
        'confidence': 'High',
        'description': 'Modifier Test.noResult() (tests/detectors/incorrect-modifier/0.7.6/modifier_default.sol#2-6) does not always execute _; or revert',
        'elements': list([
          dict({
            'name': 'noResult',
            'source_mapping': dict({
              'ending_column': 6,
              'filename_absolute': '/GENERIC_PATH',
              'filename_relative': 'tests/detectors/incorrect-modifier/0.7.6/modifier_default.sol',
              'filename_short': 'tests/detectors/incorrect-modifier/0.7.6/modifier_default.sol',
              'is_dependency': False,
              'length': 103,
              'lines': list([
                2,
                3,
                4,
                5,
                6,
              ]),
              'start': 20,
              'starting_column': 5,
            }),
            'type': 'function',
            'type_specific_fields': dict({
              'parent': dict({
                'name': 'Test',
                'source_mapping': dict({
                  'ending_column': 2,
                  'filename_absolute': '/GENERIC_PATH',
                  'filename_relative': 'tests/detectors/incorrect-modifier/0.7.6/modifier_default.sol',
                  'filename_short': 'tests/detectors/incorrect-modifier/0.7.6/modifier_default.sol',
                  'is_dependency': False,
                  'length': 901,
                  'lines': list([
                    1,
                    2,
                    3,
                    4,
                    5,
                    6,
                    7,
                    8,
                    9,
                    10,
                    11,
                    12,
                    13,
                    14,
                    15,
                    16,
                    17,
                    18,
                    19,
                    20,
                    21,
                    22,
                    23,
                    24,
                    25,
                    26,
                    27,
                    28,
                    29,
                    30,
                    31,
                    32,
                    33,
                    34,
                    35,
                    36,
                    37,
                    38,
                    39,
                    40,
                    41,
                    42,
                    43,
                    44,
                    45,
                    46,
                    47,
                    48,
                    49,
                    50,
                    51,
                    52,
                  ]),
                  'start': 0,
                  'starting_column': 1,
                }),
                'type': 'contract',
              }),
              'signature': 'noResult()',
            }),
          }),
        ]),
        'first_markdown_element': 'tests/detectors/incorrect-modifier/0.7.6/modifier_default.sol#L2-L6',
        'id': 'e83e0a544940d3ddd9ea8fe0ae0277bec4660926110809cfd28153817969c3a3',
        'impact': 'Low',
        'markdown': 'Modifier [Test.noResult()](tests/detectors/incorrect-modifier/0.7.6/modifier_default.sol#L2-L6) does not always execute _; or revert',
      }),
    ]),
  ])
# ---
