{
  "C": {
    "f(MyAddress[])": "digraph{\n0[label=\"Node Type: ENTRY_POINT 0\n\"];\n0->3;\n1[label=\"Node Type: BEGIN_LOOP 1\n\"];\n1->4;\n2[label=\"Node Type: END_LOOP 2\n\"];\n2->7;\n3[label=\"Node Type: NEW VARIABLE 3\n\"];\n3->1;\n4[label=\"Node Type: IF_LOOP 4\n\"];\n4->5[label=\"True\"];\n4->2[label=\"False\"];\n5[label=\"Node Type: EXPRESSION 5\n\"];\n5->6;\n6[label=\"Node Type: EXPRESSION 6\n\"];\n6->4;\n7[label=\"Node Type: EXPRESSION 7\n\"];\n}\n",
    "g(MyAddress[])": "digraph{\n0[label=\"Node Type: ENTRY_POINT 0\n\"];\n0->3;\n1[label=\"Node Type: BEGIN_LOOP 1\n\"];\n1->4;\n2[label=\"Node Type: END_LOOP 2\n\"];\n2->7;\n3[label=\"Node Type: NEW VARIABLE 3\n\"];\n3->1;\n4[label=\"Node Type: IF_LOOP 4\n\"];\n4->5[label=\"True\"];\n4->2[label=\"False\"];\n5[label=\"Node Type: EXPRESSION 5\n\"];\n5->6;\n6[label=\"Node Type: EXPRESSION 6\n\"];\n6->4;\n7[label=\"Node Type: EXPRESSION 7\n\"];\n}\n",
    "test_f()": "digraph{\n0[label=\"Node Type: ENTRY_POINT 0\n\"];\n0->1;\n1[label=\"Node Type: EXPRESSION 1\n\"];\n1->2;\n2[label=\"Node Type: NEW VARIABLE 2\n\"];\n2->3;\n3[label=\"Node Type: EXPRESSION 3\n\"];\n3->4;\n4[label=\"Node Type: EXPRESSION 4\n\"];\n4->5;\n5[label=\"Node Type: EXPRESSION 5\n\"];\n5->6;\n6[label=\"Node Type: EXPRESSION 6\n\"];\n6->7;\n7[label=\"Node Type: RETURN 7\n\"];\n}\n",
    "test_g()": "digraph{\n0[label=\"Node Type: ENTRY_POINT 0\n\"];\n0->1;\n1[label=\"Node Type: EXPRESSION 1\n\"];\n1->2;\n2[label=\"Node Type: NEW VARIABLE 2\n\"];\n2->3;\n3[label=\"Node Type: EXPRESSION 3\n\"];\n3->4;\n4[label=\"Node Type: EXPRESSION 4\n\"];\n4->5;\n5[label=\"Node Type: EXPRESSION 5\n\"];\n5->6;\n6[label=\"Node Type: EXPRESSION 6\n\"];\n6->7;\n7[label=\"Node Type: EXPRESSION 7\n\"];\n7->8;\n8[label=\"Node Type: EXPRESSION 8\n\"];\n8->9;\n9[label=\"Node Type: EXPRESSION 9\n\"];\n9->10;\n10[label=\"Node Type: RETURN 10\n\"];\n}\n",
    "clean()": "digraph{\n0[label=\"Node Type: ENTRY_POINT 0\n\"];\n0->1;\n1[label=\"Node Type: EXPRESSION 1\n\"];\n}\n",
    "test_equality(MyAddress[])": "digraph{\n0[label=\"Node Type: ENTRY_POINT 0\n\"];\n0->1;\n1[label=\"Node Type: EXPRESSION 1\n\"];\n1->4;\n2[label=\"Node Type: BEGIN_LOOP 2\n\"];\n2->5;\n3[label=\"Node Type: END_LOOP 3\n\"];\n4[label=\"Node Type: NEW VARIABLE 4\n\"];\n4->2;\n5[label=\"Node Type: IF_LOOP 5\n\"];\n5->6[label=\"True\"];\n5->3[label=\"False\"];\n6[label=\"Node Type: EXPRESSION 6\n\"];\n6->7;\n7[label=\"Node Type: EXPRESSION 7\n\"];\n7->5;\n}\n"
  }
}