# serializer version: 1
# name: test_detector[ReusedBaseConstructor-0.4.21-reused_base_constructor.sol]
  list([
    list([
      dict({
        'check': 'reused-constructor',
        'confidence': 'Medium',
        'description': '''
          E (tests/detectors/reused-constructor/0.4.21/reused_base_constructor.sol#26-30) gives base constructor C.C(uint256) (tests/detectors/reused-constructor/0.4.21/reused_base_constructor.sol#15-17) arguments more than once in inheritance hierarchy:
          	- From E (tests/detectors/reused-constructor/0.4.21/reused_base_constructor.sol#26-30) constructor definition
          	- From D (tests/detectors/reused-constructor/0.4.21/reused_base_constructor.sol#20-24) constructor definition
  
        ''',
        'elements': list([
          dict({
            'name': 'E',
            'source_mapping': dict({
              'ending_column': 2,
              'filename_absolute': '/GENERIC_PATH',
              'filename_relative': 'tests/detectors/reused-constructor/0.4.21/reused_base_constructor.sol',
              'filename_short': 'tests/detectors/reused-constructor/0.4.21/reused_base_constructor.sol',
              'is_dependency': False,
              'length': 77,
              'lines': list([
                26,
                27,
                28,
                29,
                30,
              ]),
              'start': 295,
              'starting_column': 1,
            }),
            'type': 'contract',
          }),
          dict({
            'name': 'C',
            'source_mapping': dict({
              'ending_column': 6,
              'filename_absolute': '/GENERIC_PATH',
              'filename_relative': 'tests/detectors/reused-constructor/0.4.21/reused_base_constructor.sol',
              'filename_short': 'tests/detectors/reused-constructor/0.4.21/reused_base_constructor.sol',
              'is_dependency': False,
              'length': 42,
              'lines': list([
                15,
                16,
                17,
              ]),
              'start': 176,
              'starting_column': 5,
            }),
            'type': 'function',
            'type_specific_fields': dict({
              'parent': dict({
                'name': 'C',
                'source_mapping': dict({
                  'ending_column': 2,
                  'filename_absolute': '/GENERIC_PATH',
                  'filename_relative': 'tests/detectors/reused-constructor/0.4.21/reused_base_constructor.sol',
                  'filename_short': 'tests/detectors/reused-constructor/0.4.21/reused_base_constructor.sol',
                  'is_dependency': False,
                  'length': 65,
                  'lines': list([
                    14,
                    15,
                    16,
                    17,
                    18,
                  ]),
                  'start': 155,
                  'starting_column': 1,
                }),
                'type': 'contract',
              }),
              'signature': 'C(uint256)',
            }),
          }),
          dict({
            'name': 'E',
            'source_mapping': dict({
              'ending_column': 2,
              'filename_absolute': '/GENERIC_PATH',
              'filename_relative': 'tests/detectors/reused-constructor/0.4.21/reused_base_constructor.sol',
              'filename_short': 'tests/detectors/reused-constructor/0.4.21/reused_base_constructor.sol',
              'is_dependency': False,
              'length': 77,
              'lines': list([
                26,
                27,
                28,
                29,
                30,
              ]),
              'start': 295,
              'starting_column': 1,
            }),
            'type': 'contract',
          }),
          dict({
            'name': 'D',
            'source_mapping': dict({
              'ending_column': 2,
              'filename_absolute': '/GENERIC_PATH',
              'filename_relative': 'tests/detectors/reused-constructor/0.4.21/reused_base_constructor.sol',
              'filename_short': 'tests/detectors/reused-constructor/0.4.21/reused_base_constructor.sol',
              'is_dependency': False,
              'length': 71,
              'lines': list([
                20,
                21,
                22,
                23,
                24,
              ]),
              'start': 222,
              'starting_column': 1,
            }),
            'type': 'contract',
          }),
        ]),
        'first_markdown_element': 'tests/detectors/reused-constructor/0.4.21/reused_base_constructor.sol#L26-L30',
        'id': '085dceba8f0b37580e72952eafe1368bf0d09f10c2f44c0b6ff53ad7e72f92b1',
        'impact': 'Medium',
        'markdown': '''
          [E](tests/detectors/reused-constructor/0.4.21/reused_base_constructor.sol#L26-L30) gives base constructor [C.C(uint256)](tests/detectors/reused-constructor/0.4.21/reused_base_constructor.sol#L15-L17) arguments more than once in inheritance hierarchy:
          	- From [E](tests/detectors/reused-constructor/0.4.21/reused_base_constructor.sol#L26-L30) constructor definition
          	- From [D](tests/detectors/reused-constructor/0.4.21/reused_base_constructor.sol#L20-L24) constructor definition
  
        ''',
      }),
      dict({
        'check': 'reused-constructor',
        'confidence': 'Medium',
        'description': '''
          E (tests/detectors/reused-constructor/0.4.21/reused_base_constructor.sol#26-30) gives base constructor A.A(uint256) (tests/detectors/reused-constructor/0.4.21/reused_base_constructor.sol#3-5) arguments more than once in inheritance hierarchy:
          	- From C (tests/detectors/reused-constructor/0.4.21/reused_base_constructor.sol#14-18) constructor definition
          	- From B (tests/detectors/reused-constructor/0.4.21/reused_base_constructor.sol#8-12) constructor definition
  
        ''',
        'elements': list([
          dict({
            'name': 'E',
            'source_mapping': dict({
              'ending_column': 2,
              'filename_absolute': '/GENERIC_PATH',
              'filename_relative': 'tests/detectors/reused-constructor/0.4.21/reused_base_constructor.sol',
              'filename_short': 'tests/detectors/reused-constructor/0.4.21/reused_base_constructor.sol',
              'is_dependency': False,
              'length': 77,
              'lines': list([
                26,
                27,
                28,
                29,
                30,
              ]),
              'start': 295,
              'starting_column': 1,
            }),
            'type': 'contract',
          }),
          dict({
            'name': 'A',
            'source_mapping': dict({
              'ending_column': 6,
              'filename_absolute': '/GENERIC_PATH',
              'filename_relative': 'tests/detectors/reused-constructor/0.4.21/reused_base_constructor.sol',
              'filename_short': 'tests/detectors/reused-constructor/0.4.21/reused_base_constructor.sol',
              'is_dependency': False,
              'length': 50,
              'lines': list([
                3,
                4,
                5,
              ]),
              'start': 34,
              'starting_column': 5,
            }),
            'type': 'function',
            'type_specific_fields': dict({
              'parent': dict({
                'name': 'A',
                'source_mapping': dict({
                  'ending_column': 2,
                  'filename_absolute': '/GENERIC_PATH',
                  'filename_relative': 'tests/detectors/reused-constructor/0.4.21/reused_base_constructor.sol',
                  'filename_short': 'tests/detectors/reused-constructor/0.4.21/reused_base_constructor.sol',
                  'is_dependency': False,
                  'length': 86,
                  'lines': list([
                    1,
                    2,
                    3,
                    4,
                    5,
                    6,
                  ]),
                  'start': 0,
                  'starting_column': 1,
                }),
                'type': 'contract',
              }),
              'signature': 'A(uint256)',
            }),
          }),
          dict({
            'name': 'C',
            'source_mapping': dict({
              'ending_column': 2,
              'filename_absolute': '/GENERIC_PATH',
              'filename_relative': 'tests/detectors/reused-constructor/0.4.21/reused_base_constructor.sol',
              'filename_short': 'tests/detectors/reused-constructor/0.4.21/reused_base_constructor.sol',
              'is_dependency': False,
              'length': 65,
              'lines': list([
                14,
                15,
                16,
                17,
                18,
              ]),
              'start': 155,
              'starting_column': 1,
            }),
            'type': 'contract',
          }),
          dict({
            'name': 'B',
            'source_mapping': dict({
              'ending_column': 2,
              'filename_absolute': '/GENERIC_PATH',
              'filename_relative': 'tests/detectors/reused-constructor/0.4.21/reused_base_constructor.sol',
              'filename_short': 'tests/detectors/reused-constructor/0.4.21/reused_base_constructor.sol',
              'is_dependency': False,
              'length': 65,
              'lines': list([
                8,
                9,
                10,
                11,
                12,
              ]),
              'start': 88,
              'starting_column': 1,
            }),
            'type': 'contract',
          }),
        ]),
        'first_markdown_element': 'tests/detectors/reused-constructor/0.4.21/reused_base_constructor.sol#L26-L30',
        'id': '14d6bffb3f1849cfebb7156cb797315fd01ac83911a1261650f702792f4db830',
        'impact': 'Medium',
        'markdown': '''
          [E](tests/detectors/reused-constructor/0.4.21/reused_base_constructor.sol#L26-L30) gives base constructor [A.A(uint256)](tests/detectors/reused-constructor/0.4.21/reused_base_constructor.sol#L3-L5) arguments more than once in inheritance hierarchy:
          	- From [C](tests/detectors/reused-constructor/0.4.21/reused_base_constructor.sol#L14-L18) constructor definition
          	- From [B](tests/detectors/reused-constructor/0.4.21/reused_base_constructor.sol#L8-L12) constructor definition
  
        ''',
      }),
      dict({
        'check': 'reused-constructor',
        'confidence': 'Medium',
        'description': '''
          F (tests/detectors/reused-constructor/0.4.21/reused_base_constructor.sol#33-38) gives base constructor A.A(uint256) (tests/detectors/reused-constructor/0.4.21/reused_base_constructor.sol#3-5) arguments more than once in inheritance hierarchy:
          	- From F (tests/detectors/reused-constructor/0.4.21/reused_base_constructor.sol#33-38) constructor definition
          	- From B (tests/detectors/reused-constructor/0.4.21/reused_base_constructor.sol#8-12) constructor definition
  
        ''',
        'elements': list([
          dict({
            'name': 'F',
            'source_mapping': dict({
              'ending_column': 0,
              'filename_absolute': '/GENERIC_PATH',
              'filename_relative': 'tests/detectors/reused-constructor/0.4.21/reused_base_constructor.sol',
              'filename_short': 'tests/detectors/reused-constructor/0.4.21/reused_base_constructor.sol',
              'is_dependency': False,
              'length': 57,
              'lines': list([
                33,
                34,
                35,
                36,
                37,
                38,
              ]),
              'start': 375,
              'starting_column': 1,
            }),
            'type': 'contract',
          }),
          dict({
            'name': 'A',
            'source_mapping': dict({
              'ending_column': 6,
              'filename_absolute': '/GENERIC_PATH',
              'filename_relative': 'tests/detectors/reused-constructor/0.4.21/reused_base_constructor.sol',
              'filename_short': 'tests/detectors/reused-constructor/0.4.21/reused_base_constructor.sol',
              'is_dependency': False,
              'length': 50,
              'lines': list([
                3,
                4,
                5,
              ]),
              'start': 34,
              'starting_column': 5,
            }),
            'type': 'function',
            'type_specific_fields': dict({
              'parent': dict({
                'name': 'A',
                'source_mapping': dict({
                  'ending_column': 2,
                  'filename_absolute': '/GENERIC_PATH',
                  'filename_relative': 'tests/detectors/reused-constructor/0.4.21/reused_base_constructor.sol',
                  'filename_short': 'tests/detectors/reused-constructor/0.4.21/reused_base_constructor.sol',
                  'is_dependency': False,
                  'length': 86,
                  'lines': list([
                    1,
                    2,
                    3,
                    4,
                    5,
                    6,
                  ]),
                  'start': 0,
                  'starting_column': 1,
                }),
                'type': 'contract',
              }),
              'signature': 'A(uint256)',
            }),
          }),
          dict({
            'name': 'F',
            'source_mapping': dict({
              'ending_column': 0,
              'filename_absolute': '/GENERIC_PATH',
              'filename_relative': 'tests/detectors/reused-constructor/0.4.21/reused_base_constructor.sol',
              'filename_short': 'tests/detectors/reused-constructor/0.4.21/reused_base_constructor.sol',
              'is_dependency': False,
              'length': 57,
              'lines': list([
                33,
                34,
                35,
                36,
                37,
                38,
              ]),
              'start': 375,
              'starting_column': 1,
            }),
            'type': 'contract',
          }),
          dict({
            'name': 'B',
            'source_mapping': dict({
              'ending_column': 2,
              'filename_absolute': '/GENERIC_PATH',
              'filename_relative': 'tests/detectors/reused-constructor/0.4.21/reused_base_constructor.sol',
              'filename_short': 'tests/detectors/reused-constructor/0.4.21/reused_base_constructor.sol',
              'is_dependency': False,
              'length': 65,
              'lines': list([
                8,
                9,
                10,
                11,
                12,
              ]),
              'start': 88,
              'starting_column': 1,
            }),
            'type': 'contract',
          }),
        ]),
        'first_markdown_element': 'tests/detectors/reused-constructor/0.4.21/reused_base_constructor.sol#L33-L38',
        'id': '71e08d0e5c44bbc2671e014018a6333bd92db7380a85732bf2d17aa5500f6434',
        'impact': 'Medium',
        'markdown': '''
          [F](tests/detectors/reused-constructor/0.4.21/reused_base_constructor.sol#L33-L38) gives base constructor [A.A(uint256)](tests/detectors/reused-constructor/0.4.21/reused_base_constructor.sol#L3-L5) arguments more than once in inheritance hierarchy:
          	- From [F](tests/detectors/reused-constructor/0.4.21/reused_base_constructor.sol#L33-L38) constructor definition
          	- From [B](tests/detectors/reused-constructor/0.4.21/reused_base_constructor.sol#L8-L12) constructor definition
  
        ''',
      }),
      dict({
        'check': 'reused-constructor',
        'confidence': 'Medium',
        'description': '''
          D (tests/detectors/reused-constructor/0.4.21/reused_base_constructor.sol#20-24) gives base constructor A.A(uint256) (tests/detectors/reused-constructor/0.4.21/reused_base_constructor.sol#3-5) arguments more than once in inheritance hierarchy:
          	- From C (tests/detectors/reused-constructor/0.4.21/reused_base_constructor.sol#14-18) constructor definition
          	- From B (tests/detectors/reused-constructor/0.4.21/reused_base_constructor.sol#8-12) constructor definition
  
        ''',
        'elements': list([
          dict({
            'name': 'D',
            'source_mapping': dict({
              'ending_column': 2,
              'filename_absolute': '/GENERIC_PATH',
              'filename_relative': 'tests/detectors/reused-constructor/0.4.21/reused_base_constructor.sol',
              'filename_short': 'tests/detectors/reused-constructor/0.4.21/reused_base_constructor.sol',
              'is_dependency': False,
              'length': 71,
              'lines': list([
                20,
                21,
                22,
                23,
                24,
              ]),
              'start': 222,
              'starting_column': 1,
            }),
            'type': 'contract',
          }),
          dict({
            'name': 'A',
            'source_mapping': dict({
              'ending_column': 6,
              'filename_absolute': '/GENERIC_PATH',
              'filename_relative': 'tests/detectors/reused-constructor/0.4.21/reused_base_constructor.sol',
              'filename_short': 'tests/detectors/reused-constructor/0.4.21/reused_base_constructor.sol',
              'is_dependency': False,
              'length': 50,
              'lines': list([
                3,
                4,
                5,
              ]),
              'start': 34,
              'starting_column': 5,
            }),
            'type': 'function',
            'type_specific_fields': dict({
              'parent': dict({
                'name': 'A',
                'source_mapping': dict({
                  'ending_column': 2,
                  'filename_absolute': '/GENERIC_PATH',
                  'filename_relative': 'tests/detectors/reused-constructor/0.4.21/reused_base_constructor.sol',
                  'filename_short': 'tests/detectors/reused-constructor/0.4.21/reused_base_constructor.sol',
                  'is_dependency': False,
                  'length': 86,
                  'lines': list([
                    1,
                    2,
                    3,
                    4,
                    5,
                    6,
                  ]),
                  'start': 0,
                  'starting_column': 1,
                }),
                'type': 'contract',
              }),
              'signature': 'A(uint256)',
            }),
          }),
          dict({
            'name': 'C',
            'source_mapping': dict({
              'ending_column': 2,
              'filename_absolute': '/GENERIC_PATH',
              'filename_relative': 'tests/detectors/reused-constructor/0.4.21/reused_base_constructor.sol',
              'filename_short': 'tests/detectors/reused-constructor/0.4.21/reused_base_constructor.sol',
              'is_dependency': False,
              'length': 65,
              'lines': list([
                14,
                15,
                16,
                17,
                18,
              ]),
              'start': 155,
              'starting_column': 1,
            }),
            'type': 'contract',
          }),
          dict({
            'name': 'B',
            'source_mapping': dict({
              'ending_column': 2,
              'filename_absolute': '/GENERIC_PATH',
              'filename_relative': 'tests/detectors/reused-constructor/0.4.21/reused_base_constructor.sol',
              'filename_short': 'tests/detectors/reused-constructor/0.4.21/reused_base_constructor.sol',
              'is_dependency': False,
              'length': 65,
              'lines': list([
                8,
                9,
                10,
                11,
                12,
              ]),
              'start': 88,
              'starting_column': 1,
            }),
            'type': 'contract',
          }),
        ]),
        'first_markdown_element': 'tests/detectors/reused-constructor/0.4.21/reused_base_constructor.sol#L20-L24',
        'id': '7436d3215ee6260f9a4b2f4697fa242225ad3f10e30bfbd162679a5e3fa48f10',
        'impact': 'Medium',
        'markdown': '''
          [D](tests/detectors/reused-constructor/0.4.21/reused_base_constructor.sol#L20-L24) gives base constructor [A.A(uint256)](tests/detectors/reused-constructor/0.4.21/reused_base_constructor.sol#L3-L5) arguments more than once in inheritance hierarchy:
          	- From [C](tests/detectors/reused-constructor/0.4.21/reused_base_constructor.sol#L14-L18) constructor definition
          	- From [B](tests/detectors/reused-constructor/0.4.21/reused_base_constructor.sol#L8-L12) constructor definition
  
        ''',
      }),
      dict({
        'check': 'reused-constructor',
        'confidence': 'Medium',
        'description': '''
          C (tests/detectors/reused-constructor/0.4.21/reused_base_constructor.sol#14-18) gives base constructor A.A(uint256) (tests/detectors/reused-constructor/0.4.21/reused_base_constructor.sol#3-5) arguments more than once in inheritance hierarchy:
          	- From C (tests/detectors/reused-constructor/0.4.21/reused_base_constructor.sol#14-18) constructor definition
          	- From B (tests/detectors/reused-constructor/0.4.21/reused_base_constructor.sol#8-12) constructor definition
  
        ''',
        'elements': list([
          dict({
            'name': 'C',
            'source_mapping': dict({
              'ending_column': 2,
              'filename_absolute': '/GENERIC_PATH',
              'filename_relative': 'tests/detectors/reused-constructor/0.4.21/reused_base_constructor.sol',
              'filename_short': 'tests/detectors/reused-constructor/0.4.21/reused_base_constructor.sol',
              'is_dependency': False,
              'length': 65,
              'lines': list([
                14,
                15,
                16,
                17,
                18,
              ]),
              'start': 155,
              'starting_column': 1,
            }),
            'type': 'contract',
          }),
          dict({
            'name': 'A',
            'source_mapping': dict({
              'ending_column': 6,
              'filename_absolute': '/GENERIC_PATH',
              'filename_relative': 'tests/detectors/reused-constructor/0.4.21/reused_base_constructor.sol',
              'filename_short': 'tests/detectors/reused-constructor/0.4.21/reused_base_constructor.sol',
              'is_dependency': False,
              'length': 50,
              'lines': list([
                3,
                4,
                5,
              ]),
              'start': 34,
              'starting_column': 5,
            }),
            'type': 'function',
            'type_specific_fields': dict({
              'parent': dict({
                'name': 'A',
                'source_mapping': dict({
                  'ending_column': 2,
                  'filename_absolute': '/GENERIC_PATH',
                  'filename_relative': 'tests/detectors/reused-constructor/0.4.21/reused_base_constructor.sol',
                  'filename_short': 'tests/detectors/reused-constructor/0.4.21/reused_base_constructor.sol',
                  'is_dependency': False,
                  'length': 86,
                  'lines': list([
                    1,
                    2,
                    3,
                    4,
                    5,
                    6,
                  ]),
                  'start': 0,
                  'starting_column': 1,
                }),
                'type': 'contract',
              }),
              'signature': 'A(uint256)',
            }),
          }),
          dict({
            'name': 'C',
            'source_mapping': dict({
              'ending_column': 2,
              'filename_absolute': '/GENERIC_PATH',
              'filename_relative': 'tests/detectors/reused-constructor/0.4.21/reused_base_constructor.sol',
              'filename_short': 'tests/detectors/reused-constructor/0.4.21/reused_base_constructor.sol',
              'is_dependency': False,
              'length': 65,
              'lines': list([
                14,
                15,
                16,
                17,
                18,
              ]),
              'start': 155,
              'starting_column': 1,
            }),
            'type': 'contract',
          }),
          dict({
            'name': 'B',
            'source_mapping': dict({
              'ending_column': 2,
              'filename_absolute': '/GENERIC_PATH',
              'filename_relative': 'tests/detectors/reused-constructor/0.4.21/reused_base_constructor.sol',
              'filename_short': 'tests/detectors/reused-constructor/0.4.21/reused_base_constructor.sol',
              'is_dependency': False,
              'length': 65,
              'lines': list([
                8,
                9,
                10,
                11,
                12,
              ]),
              'start': 88,
              'starting_column': 1,
            }),
            'type': 'contract',
          }),
        ]),
        'first_markdown_element': 'tests/detectors/reused-constructor/0.4.21/reused_base_constructor.sol#L14-L18',
        'id': 'd2847fcb309e0ee45dfb303bf749123bbebee692a080ae6a718a76ef785ae8d2',
        'impact': 'Medium',
        'markdown': '''
          [C](tests/detectors/reused-constructor/0.4.21/reused_base_constructor.sol#L14-L18) gives base constructor [A.A(uint256)](tests/detectors/reused-constructor/0.4.21/reused_base_constructor.sol#L3-L5) arguments more than once in inheritance hierarchy:
          	- From [C](tests/detectors/reused-constructor/0.4.21/reused_base_constructor.sol#L14-L18) constructor definition
          	- From [B](tests/detectors/reused-constructor/0.4.21/reused_base_constructor.sol#L8-L12) constructor definition
  
        ''',
      }),
      dict({
        'check': 'reused-constructor',
        'confidence': 'Medium',
        'description': '''
          E (tests/detectors/reused-constructor/0.4.21/reused_base_constructor.sol#26-30) gives base constructor B.B(uint256) (tests/detectors/reused-constructor/0.4.21/reused_base_constructor.sol#9-11) arguments more than once in inheritance hierarchy:
          	- From E (tests/detectors/reused-constructor/0.4.21/reused_base_constructor.sol#26-30) constructor definition
          	- From D (tests/detectors/reused-constructor/0.4.21/reused_base_constructor.sol#20-24) constructor definition
  
        ''',
        'elements': list([
          dict({
            'name': 'E',
            'source_mapping': dict({
              'ending_column': 2,
              'filename_absolute': '/GENERIC_PATH',
              'filename_relative': 'tests/detectors/reused-constructor/0.4.21/reused_base_constructor.sol',
              'filename_short': 'tests/detectors/reused-constructor/0.4.21/reused_base_constructor.sol',
              'is_dependency': False,
              'length': 77,
              'lines': list([
                26,
                27,
                28,
                29,
                30,
              ]),
              'start': 295,
              'starting_column': 1,
            }),
            'type': 'contract',
          }),
          dict({
            'name': 'B',
            'source_mapping': dict({
              'ending_column': 6,
              'filename_absolute': '/GENERIC_PATH',
              'filename_relative': 'tests/detectors/reused-constructor/0.4.21/reused_base_constructor.sol',
              'filename_short': 'tests/detectors/reused-constructor/0.4.21/reused_base_constructor.sol',
              'is_dependency': False,
              'length': 42,
              'lines': list([
                9,
                10,
                11,
              ]),
              'start': 109,
              'starting_column': 5,
            }),
            'type': 'function',
            'type_specific_fields': dict({
              'parent': dict({
                'name': 'B',
                'source_mapping': dict({
                  'ending_column': 2,
                  'filename_absolute': '/GENERIC_PATH',
                  'filename_relative': 'tests/detectors/reused-constructor/0.4.21/reused_base_constructor.sol',
                  'filename_short': 'tests/detectors/reused-constructor/0.4.21/reused_base_constructor.sol',
                  'is_dependency': False,
                  'length': 65,
                  'lines': list([
                    8,
                    9,
                    10,
                    11,
                    12,
                  ]),
                  'start': 88,
                  'starting_column': 1,
                }),
                'type': 'contract',
              }),
              'signature': 'B(uint256)',
            }),
          }),
          dict({
            'name': 'E',
            'source_mapping': dict({
              'ending_column': 2,
              'filename_absolute': '/GENERIC_PATH',
              'filename_relative': 'tests/detectors/reused-constructor/0.4.21/reused_base_constructor.sol',
              'filename_short': 'tests/detectors/reused-constructor/0.4.21/reused_base_constructor.sol',
              'is_dependency': False,
              'length': 77,
              'lines': list([
                26,
                27,
                28,
                29,
                30,
              ]),
              'start': 295,
              'starting_column': 1,
            }),
            'type': 'contract',
          }),
          dict({
            'name': 'D',
            'source_mapping': dict({
              'ending_column': 2,
              'filename_absolute': '/GENERIC_PATH',
              'filename_relative': 'tests/detectors/reused-constructor/0.4.21/reused_base_constructor.sol',
              'filename_short': 'tests/detectors/reused-constructor/0.4.21/reused_base_constructor.sol',
              'is_dependency': False,
              'length': 71,
              'lines': list([
                20,
                21,
                22,
                23,
                24,
              ]),
              'start': 222,
              'starting_column': 1,
            }),
            'type': 'contract',
          }),
        ]),
        'first_markdown_element': 'tests/detectors/reused-constructor/0.4.21/reused_base_constructor.sol#L26-L30',
        'id': 'e79d62c434ba85788dd5087e4994bb136be6b9e8a55e8057b0e30c9b0436abdc',
        'impact': 'Medium',
        'markdown': '''
          [E](tests/detectors/reused-constructor/0.4.21/reused_base_constructor.sol#L26-L30) gives base constructor [B.B(uint256)](tests/detectors/reused-constructor/0.4.21/reused_base_constructor.sol#L9-L11) arguments more than once in inheritance hierarchy:
          	- From [E](tests/detectors/reused-constructor/0.4.21/reused_base_constructor.sol#L26-L30) constructor definition
          	- From [D](tests/detectors/reused-constructor/0.4.21/reused_base_constructor.sol#L20-L24) constructor definition
  
        ''',
      }),
    ]),
  ])
# ---
