# serializer version: 1
# name: test_detector[ReentrancyReadBeforeWritten-0.5.16-no-reentrancy-staticcall.sol]
  list([
    list([
    ]),
  ])
# ---
# name: test_detector[ReentrancyReadBeforeWritten-0.5.16-reentrancy-write.sol]
  list([
    list([
      dict({
        'check': 'reentrancy-no-eth',
        'confidence': 'Medium',
        'description': '''
          Reentrancy in ReentrancyWrite.bad1(address) (tests/detectors/reentrancy-no-eth/0.5.16/reentrancy-write.sol#25-30):
          	External calls:
          	- (success) = msg.sender.call() (tests/detectors/reentrancy-no-eth/0.5.16/reentrancy-write.sol#27)
          	- bad0() (tests/detectors/reentrancy-no-eth/0.5.16/reentrancy-write.sol#29)
          		- (success) = msg.sender.call() (tests/detectors/reentrancy-no-eth/0.5.16/reentrancy-write.sol#18)
          	State variables written after the call(s):
          	- bad0() (tests/detectors/reentrancy-no-eth/0.5.16/reentrancy-write.sol#29)
          		- notCalled = false (tests/detectors/reentrancy-no-eth/0.5.16/reentrancy-write.sol#22)
          	ReentrancyWrite.notCalled (tests/detectors/reentrancy-no-eth/0.5.16/reentrancy-write.sol#4) can be used in cross function reentrancies:
          	- ReentrancyWrite.bad0() (tests/detectors/reentrancy-no-eth/0.5.16/reentrancy-write.sol#16-23)
          	- ReentrancyWrite.bad1(address) (tests/detectors/reentrancy-no-eth/0.5.16/reentrancy-write.sol#25-30)
          	- ReentrancyWrite.constructor(address) (tests/detectors/reentrancy-no-eth/0.5.16/reentrancy-write.sol#7-14)
          	- ReentrancyWrite.good() (tests/detectors/reentrancy-no-eth/0.5.16/reentrancy-write.sol#32-39)
  
        ''',
        'elements': list([
          dict({
            'name': 'bad1',
            'source_mapping': dict({
              'ending_column': 6,
              'filename_absolute': '/GENERIC_PATH',
              'filename_relative': 'tests/detectors/reentrancy-no-eth/0.5.16/reentrancy-write.sol',
              'filename_short': 'tests/detectors/reentrancy-no-eth/0.5.16/reentrancy-write.sol',
              'is_dependency': False,
              'length': 161,
              'lines': list([
                25,
                26,
                27,
                28,
                29,
                30,
              ]),
              'start': 530,
              'starting_column': 5,
            }),
            'type': 'function',
            'type_specific_fields': dict({
              'parent': dict({
                'name': 'ReentrancyWrite',
                'source_mapping': dict({
                  'ending_column': 2,
                  'filename_absolute': '/GENERIC_PATH',
                  'filename_relative': 'tests/detectors/reentrancy-no-eth/0.5.16/reentrancy-write.sol',
                  'filename_short': 'tests/detectors/reentrancy-no-eth/0.5.16/reentrancy-write.sol',
                  'is_dependency': False,
                  'length': 859,
                  'lines': list([
                    3,
                    4,
                    5,
                    6,
                    7,
                    8,
                    9,
                    10,
                    11,
                    12,
                    13,
                    14,
                    15,
                    16,
                    17,
                    18,
                    19,
                    20,
                    21,
                    22,
                    23,
                    24,
                    25,
                    26,
                    27,
                    28,
                    29,
                    30,
                    31,
                    32,
                    33,
                    34,
                    35,
                    36,
                    37,
                    38,
                    39,
                    40,
                    41,
                  ]),
                  'start': 28,
                  'starting_column': 1,
                }),
                'type': 'contract',
              }),
              'signature': 'bad1(address)',
            }),
          }),
          dict({
            'additional_fields': dict({
              'underlying_type': 'external_calls',
            }),
            'name': '(success) = msg.sender.call()',
            'source_mapping': dict({
              'ending_column': 46,
              'filename_absolute': '/GENERIC_PATH',
              'filename_relative': 'tests/detectors/reentrancy-no-eth/0.5.16/reentrancy-write.sol',
              'filename_short': 'tests/detectors/reentrancy-no-eth/0.5.16/reentrancy-write.sol',
              'is_dependency': False,
              'length': 37,
              'lines': list([
                27,
              ]),
              'start': 605,
              'starting_column': 9,
            }),
            'type': 'node',
            'type_specific_fields': dict({
              'parent': dict({
                'name': 'bad1',
                'source_mapping': dict({
                  'ending_column': 6,
                  'filename_absolute': '/GENERIC_PATH',
                  'filename_relative': 'tests/detectors/reentrancy-no-eth/0.5.16/reentrancy-write.sol',
                  'filename_short': 'tests/detectors/reentrancy-no-eth/0.5.16/reentrancy-write.sol',
                  'is_dependency': False,
                  'length': 161,
                  'lines': list([
                    25,
                    26,
                    27,
                    28,
                    29,
                    30,
                  ]),
                  'start': 530,
                  'starting_column': 5,
                }),
                'type': 'function',
                'type_specific_fields': dict({
                  'parent': dict({
                    'name': 'ReentrancyWrite',
                    'source_mapping': dict({
                      'ending_column': 2,
                      'filename_absolute': '/GENERIC_PATH',
                      'filename_relative': 'tests/detectors/reentrancy-no-eth/0.5.16/reentrancy-write.sol',
                      'filename_short': 'tests/detectors/reentrancy-no-eth/0.5.16/reentrancy-write.sol',
                      'is_dependency': False,
                      'length': 859,
                      'lines': list([
                        3,
                        4,
                        5,
                        6,
                        7,
                        8,
                        9,
                        10,
                        11,
                        12,
                        13,
                        14,
                        15,
                        16,
                        17,
                        18,
                        19,
                        20,
                        21,
                        22,
                        23,
                        24,
                        25,
                        26,
                        27,
                        28,
                        29,
                        30,
                        31,
                        32,
                        33,
                        34,
                        35,
                        36,
                        37,
                        38,
                        39,
                        40,
                        41,
                      ]),
                      'start': 28,
                      'starting_column': 1,
                    }),
                    'type': 'contract',
                  }),
                  'signature': 'bad1(address)',
                }),
              }),
            }),
          }),
          dict({
            'additional_fields': dict({
              'underlying_type': 'external_calls',
            }),
            'name': 'bad0()',
            'source_mapping': dict({
              'ending_column': 15,
              'filename_absolute': '/GENERIC_PATH',
              'filename_relative': 'tests/detectors/reentrancy-no-eth/0.5.16/reentrancy-write.sol',
              'filename_short': 'tests/detectors/reentrancy-no-eth/0.5.16/reentrancy-write.sol',
              'is_dependency': False,
              'length': 6,
              'lines': list([
                29,
              ]),
              'start': 678,
              'starting_column': 9,
            }),
            'type': 'node',
            'type_specific_fields': dict({
              'parent': dict({
                'name': 'bad1',
                'source_mapping': dict({
                  'ending_column': 6,
                  'filename_absolute': '/GENERIC_PATH',
                  'filename_relative': 'tests/detectors/reentrancy-no-eth/0.5.16/reentrancy-write.sol',
                  'filename_short': 'tests/detectors/reentrancy-no-eth/0.5.16/reentrancy-write.sol',
                  'is_dependency': False,
                  'length': 161,
                  'lines': list([
                    25,
                    26,
                    27,
                    28,
                    29,
                    30,
                  ]),
                  'start': 530,
                  'starting_column': 5,
                }),
                'type': 'function',
                'type_specific_fields': dict({
                  'parent': dict({
                    'name': 'ReentrancyWrite',
                    'source_mapping': dict({
                      'ending_column': 2,
                      'filename_absolute': '/GENERIC_PATH',
                      'filename_relative': 'tests/detectors/reentrancy-no-eth/0.5.16/reentrancy-write.sol',
                      'filename_short': 'tests/detectors/reentrancy-no-eth/0.5.16/reentrancy-write.sol',
                      'is_dependency': False,
                      'length': 859,
                      'lines': list([
                        3,
                        4,
                        5,
                        6,
                        7,
                        8,
                        9,
                        10,
                        11,
                        12,
                        13,
                        14,
                        15,
                        16,
                        17,
                        18,
                        19,
                        20,
                        21,
                        22,
                        23,
                        24,
                        25,
                        26,
                        27,
                        28,
                        29,
                        30,
                        31,
                        32,
                        33,
                        34,
                        35,
                        36,
                        37,
                        38,
                        39,
                        40,
                        41,
                      ]),
                      'start': 28,
                      'starting_column': 1,
                    }),
                    'type': 'contract',
                  }),
                  'signature': 'bad1(address)',
                }),
              }),
            }),
          }),
          dict({
            'additional_fields': dict({
              'underlying_type': 'external_calls_sending_eth',
            }),
            'name': '(success) = msg.sender.call()',
            'source_mapping': dict({
              'ending_column': 46,
              'filename_absolute': '/GENERIC_PATH',
              'filename_relative': 'tests/detectors/reentrancy-no-eth/0.5.16/reentrancy-write.sol',
              'filename_short': 'tests/detectors/reentrancy-no-eth/0.5.16/reentrancy-write.sol',
              'is_dependency': False,
              'length': 37,
              'lines': list([
                18,
              ]),
              'start': 397,
              'starting_column': 9,
            }),
            'type': 'node',
            'type_specific_fields': dict({
              'parent': dict({
                'name': 'bad0',
                'source_mapping': dict({
                  'ending_column': 6,
                  'filename_absolute': '/GENERIC_PATH',
                  'filename_relative': 'tests/detectors/reentrancy-no-eth/0.5.16/reentrancy-write.sol',
                  'filename_short': 'tests/detectors/reentrancy-no-eth/0.5.16/reentrancy-write.sol',
                  'is_dependency': False,
                  'length': 188,
                  'lines': list([
                    16,
                    17,
                    18,
                    19,
                    20,
                    21,
                    22,
                    23,
                  ]),
                  'start': 336,
                  'starting_column': 5,
                }),
                'type': 'function',
                'type_specific_fields': dict({
                  'parent': dict({
                    'name': 'ReentrancyWrite',
                    'source_mapping': dict({
                      'ending_column': 2,
                      'filename_absolute': '/GENERIC_PATH',
                      'filename_relative': 'tests/detectors/reentrancy-no-eth/0.5.16/reentrancy-write.sol',
                      'filename_short': 'tests/detectors/reentrancy-no-eth/0.5.16/reentrancy-write.sol',
                      'is_dependency': False,
                      'length': 859,
                      'lines': list([
                        3,
                        4,
                        5,
                        6,
                        7,
                        8,
                        9,
                        10,
                        11,
                        12,
                        13,
                        14,
                        15,
                        16,
                        17,
                        18,
                        19,
                        20,
                        21,
                        22,
                        23,
                        24,
                        25,
                        26,
                        27,
                        28,
                        29,
                        30,
                        31,
                        32,
                        33,
                        34,
                        35,
                        36,
                        37,
                        38,
                        39,
                        40,
                        41,
                      ]),
                      'start': 28,
                      'starting_column': 1,
                    }),
                    'type': 'contract',
                  }),
                  'signature': 'bad0()',
                }),
              }),
            }),
          }),
          dict({
            'additional_fields': dict({
              'underlying_type': 'variables_written',
              'variable_name': 'notCalled',
            }),
            'name': 'bad0()',
            'source_mapping': dict({
              'ending_column': 15,
              'filename_absolute': '/GENERIC_PATH',
              'filename_relative': 'tests/detectors/reentrancy-no-eth/0.5.16/reentrancy-write.sol',
              'filename_short': 'tests/detectors/reentrancy-no-eth/0.5.16/reentrancy-write.sol',
              'is_dependency': False,
              'length': 6,
              'lines': list([
                29,
              ]),
              'start': 678,
              'starting_column': 9,
            }),
            'type': 'node',
            'type_specific_fields': dict({
              'parent': dict({
                'name': 'bad1',
                'source_mapping': dict({
                  'ending_column': 6,
                  'filename_absolute': '/GENERIC_PATH',
                  'filename_relative': 'tests/detectors/reentrancy-no-eth/0.5.16/reentrancy-write.sol',
                  'filename_short': 'tests/detectors/reentrancy-no-eth/0.5.16/reentrancy-write.sol',
                  'is_dependency': False,
                  'length': 161,
                  'lines': list([
                    25,
                    26,
                    27,
                    28,
                    29,
                    30,
                  ]),
                  'start': 530,
                  'starting_column': 5,
                }),
                'type': 'function',
                'type_specific_fields': dict({
                  'parent': dict({
                    'name': 'ReentrancyWrite',
                    'source_mapping': dict({
                      'ending_column': 2,
                      'filename_absolute': '/GENERIC_PATH',
                      'filename_relative': 'tests/detectors/reentrancy-no-eth/0.5.16/reentrancy-write.sol',
                      'filename_short': 'tests/detectors/reentrancy-no-eth/0.5.16/reentrancy-write.sol',
                      'is_dependency': False,
                      'length': 859,
                      'lines': list([
                        3,
                        4,
                        5,
                        6,
                        7,
                        8,
                        9,
                        10,
                        11,
                        12,
                        13,
                        14,
                        15,
                        16,
                        17,
                        18,
                        19,
                        20,
                        21,
                        22,
                        23,
                        24,
                        25,
                        26,
                        27,
                        28,
                        29,
                        30,
                        31,
                        32,
                        33,
                        34,
                        35,
                        36,
                        37,
                        38,
                        39,
                        40,
                        41,
                      ]),
                      'start': 28,
                      'starting_column': 1,
                    }),
                    'type': 'contract',
                  }),
                  'signature': 'bad1(address)',
                }),
              }),
            }),
          }),
          dict({
            'additional_fields': dict({
              'underlying_type': 'variables_written',
              'variable_name': 'notCalled',
            }),
            'name': 'notCalled = false',
            'source_mapping': dict({
              'ending_column': 26,
              'filename_absolute': '/GENERIC_PATH',
              'filename_relative': 'tests/detectors/reentrancy-no-eth/0.5.16/reentrancy-write.sol',
              'filename_short': 'tests/detectors/reentrancy-no-eth/0.5.16/reentrancy-write.sol',
              'is_dependency': False,
              'length': 17,
              'lines': list([
                22,
              ]),
              'start': 500,
              'starting_column': 9,
            }),
            'type': 'node',
            'type_specific_fields': dict({
              'parent': dict({
                'name': 'bad0',
                'source_mapping': dict({
                  'ending_column': 6,
                  'filename_absolute': '/GENERIC_PATH',
                  'filename_relative': 'tests/detectors/reentrancy-no-eth/0.5.16/reentrancy-write.sol',
                  'filename_short': 'tests/detectors/reentrancy-no-eth/0.5.16/reentrancy-write.sol',
                  'is_dependency': False,
                  'length': 188,
                  'lines': list([
                    16,
                    17,
                    18,
                    19,
                    20,
                    21,
                    22,
                    23,
                  ]),
                  'start': 336,
                  'starting_column': 5,
                }),
                'type': 'function',
                'type_specific_fields': dict({
                  'parent': dict({
                    'name': 'ReentrancyWrite',
                    'source_mapping': dict({
                      'ending_column': 2,
                      'filename_absolute': '/GENERIC_PATH',
                      'filename_relative': 'tests/detectors/reentrancy-no-eth/0.5.16/reentrancy-write.sol',
                      'filename_short': 'tests/detectors/reentrancy-no-eth/0.5.16/reentrancy-write.sol',
                      'is_dependency': False,
                      'length': 859,
                      'lines': list([
                        3,
                        4,
                        5,
                        6,
                        7,
                        8,
                        9,
                        10,
                        11,
                        12,
                        13,
                        14,
                        15,
                        16,
                        17,
                        18,
                        19,
                        20,
                        21,
                        22,
                        23,
                        24,
                        25,
                        26,
                        27,
                        28,
                        29,
                        30,
                        31,
                        32,
                        33,
                        34,
                        35,
                        36,
                        37,
                        38,
                        39,
                        40,
                        41,
                      ]),
                      'start': 28,
                      'starting_column': 1,
                    }),
                    'type': 'contract',
                  }),
                  'signature': 'bad0()',
                }),
              }),
            }),
          }),
        ]),
        'first_markdown_element': 'tests/detectors/reentrancy-no-eth/0.5.16/reentrancy-write.sol#L25-L30',
        'id': '80cbbc2ca9b1ec618f677d49ad8c55c3e7b458a8f8f2d5083e5388dabf526d6f',
        'impact': 'Medium',
        'markdown': '''
          Reentrancy in [ReentrancyWrite.bad1(address)](tests/detectors/reentrancy-no-eth/0.5.16/reentrancy-write.sol#L25-L30):
          	External calls:
          	- [(success) = msg.sender.call()](tests/detectors/reentrancy-no-eth/0.5.16/reentrancy-write.sol#L27)
          	- [bad0()](tests/detectors/reentrancy-no-eth/0.5.16/reentrancy-write.sol#L29)
          		- [(success) = msg.sender.call()](tests/detectors/reentrancy-no-eth/0.5.16/reentrancy-write.sol#L18)
          	State variables written after the call(s):
          	- [bad0()](tests/detectors/reentrancy-no-eth/0.5.16/reentrancy-write.sol#L29)
          		- [notCalled = false](tests/detectors/reentrancy-no-eth/0.5.16/reentrancy-write.sol#L22)
          	[ReentrancyWrite.notCalled](tests/detectors/reentrancy-no-eth/0.5.16/reentrancy-write.sol#L4) can be used in cross function reentrancies:
          	- [ReentrancyWrite.bad0()](tests/detectors/reentrancy-no-eth/0.5.16/reentrancy-write.sol#L16-L23)
          	- [ReentrancyWrite.bad1(address)](tests/detectors/reentrancy-no-eth/0.5.16/reentrancy-write.sol#L25-L30)
          	- [ReentrancyWrite.constructor(address)](tests/detectors/reentrancy-no-eth/0.5.16/reentrancy-write.sol#L7-L14)
          	- [ReentrancyWrite.good()](tests/detectors/reentrancy-no-eth/0.5.16/reentrancy-write.sol#L32-L39)
  
        ''',
      }),
      dict({
        'check': 'reentrancy-no-eth',
        'confidence': 'Medium',
        'description': '''
          Reentrancy in ReentrancyWrite.bad0() (tests/detectors/reentrancy-no-eth/0.5.16/reentrancy-write.sol#16-23):
          	External calls:
          	- (success) = msg.sender.call() (tests/detectors/reentrancy-no-eth/0.5.16/reentrancy-write.sol#18)
          	State variables written after the call(s):
          	- notCalled = false (tests/detectors/reentrancy-no-eth/0.5.16/reentrancy-write.sol#22)
          	ReentrancyWrite.notCalled (tests/detectors/reentrancy-no-eth/0.5.16/reentrancy-write.sol#4) can be used in cross function reentrancies:
          	- ReentrancyWrite.bad0() (tests/detectors/reentrancy-no-eth/0.5.16/reentrancy-write.sol#16-23)
          	- ReentrancyWrite.bad1(address) (tests/detectors/reentrancy-no-eth/0.5.16/reentrancy-write.sol#25-30)
          	- ReentrancyWrite.constructor(address) (tests/detectors/reentrancy-no-eth/0.5.16/reentrancy-write.sol#7-14)
          	- ReentrancyWrite.good() (tests/detectors/reentrancy-no-eth/0.5.16/reentrancy-write.sol#32-39)
  
        ''',
        'elements': list([
          dict({
            'name': 'bad0',
            'source_mapping': dict({
              'ending_column': 6,
              'filename_absolute': '/GENERIC_PATH',
              'filename_relative': 'tests/detectors/reentrancy-no-eth/0.5.16/reentrancy-write.sol',
              'filename_short': 'tests/detectors/reentrancy-no-eth/0.5.16/reentrancy-write.sol',
              'is_dependency': False,
              'length': 188,
              'lines': list([
                16,
                17,
                18,
                19,
                20,
                21,
                22,
                23,
              ]),
              'start': 336,
              'starting_column': 5,
            }),
            'type': 'function',
            'type_specific_fields': dict({
              'parent': dict({
                'name': 'ReentrancyWrite',
                'source_mapping': dict({
                  'ending_column': 2,
                  'filename_absolute': '/GENERIC_PATH',
                  'filename_relative': 'tests/detectors/reentrancy-no-eth/0.5.16/reentrancy-write.sol',
                  'filename_short': 'tests/detectors/reentrancy-no-eth/0.5.16/reentrancy-write.sol',
                  'is_dependency': False,
                  'length': 859,
                  'lines': list([
                    3,
                    4,
                    5,
                    6,
                    7,
                    8,
                    9,
                    10,
                    11,
                    12,
                    13,
                    14,
                    15,
                    16,
                    17,
                    18,
                    19,
                    20,
                    21,
                    22,
                    23,
                    24,
                    25,
                    26,
                    27,
                    28,
                    29,
                    30,
                    31,
                    32,
                    33,
                    34,
                    35,
                    36,
                    37,
                    38,
                    39,
                    40,
                    41,
                  ]),
                  'start': 28,
                  'starting_column': 1,
                }),
                'type': 'contract',
              }),
              'signature': 'bad0()',
            }),
          }),
          dict({
            'additional_fields': dict({
              'underlying_type': 'external_calls',
            }),
            'name': '(success) = msg.sender.call()',
            'source_mapping': dict({
              'ending_column': 46,
              'filename_absolute': '/GENERIC_PATH',
              'filename_relative': 'tests/detectors/reentrancy-no-eth/0.5.16/reentrancy-write.sol',
              'filename_short': 'tests/detectors/reentrancy-no-eth/0.5.16/reentrancy-write.sol',
              'is_dependency': False,
              'length': 37,
              'lines': list([
                18,
              ]),
              'start': 397,
              'starting_column': 9,
            }),
            'type': 'node',
            'type_specific_fields': dict({
              'parent': dict({
                'name': 'bad0',
                'source_mapping': dict({
                  'ending_column': 6,
                  'filename_absolute': '/GENERIC_PATH',
                  'filename_relative': 'tests/detectors/reentrancy-no-eth/0.5.16/reentrancy-write.sol',
                  'filename_short': 'tests/detectors/reentrancy-no-eth/0.5.16/reentrancy-write.sol',
                  'is_dependency': False,
                  'length': 188,
                  'lines': list([
                    16,
                    17,
                    18,
                    19,
                    20,
                    21,
                    22,
                    23,
                  ]),
                  'start': 336,
                  'starting_column': 5,
                }),
                'type': 'function',
                'type_specific_fields': dict({
                  'parent': dict({
                    'name': 'ReentrancyWrite',
                    'source_mapping': dict({
                      'ending_column': 2,
                      'filename_absolute': '/GENERIC_PATH',
                      'filename_relative': 'tests/detectors/reentrancy-no-eth/0.5.16/reentrancy-write.sol',
                      'filename_short': 'tests/detectors/reentrancy-no-eth/0.5.16/reentrancy-write.sol',
                      'is_dependency': False,
                      'length': 859,
                      'lines': list([
                        3,
                        4,
                        5,
                        6,
                        7,
                        8,
                        9,
                        10,
                        11,
                        12,
                        13,
                        14,
                        15,
                        16,
                        17,
                        18,
                        19,
                        20,
                        21,
                        22,
                        23,
                        24,
                        25,
                        26,
                        27,
                        28,
                        29,
                        30,
                        31,
                        32,
                        33,
                        34,
                        35,
                        36,
                        37,
                        38,
                        39,
                        40,
                        41,
                      ]),
                      'start': 28,
                      'starting_column': 1,
                    }),
                    'type': 'contract',
                  }),
                  'signature': 'bad0()',
                }),
              }),
            }),
          }),
          dict({
            'additional_fields': dict({
              'underlying_type': 'variables_written',
              'variable_name': 'notCalled',
            }),
            'name': 'notCalled = false',
            'source_mapping': dict({
              'ending_column': 26,
              'filename_absolute': '/GENERIC_PATH',
              'filename_relative': 'tests/detectors/reentrancy-no-eth/0.5.16/reentrancy-write.sol',
              'filename_short': 'tests/detectors/reentrancy-no-eth/0.5.16/reentrancy-write.sol',
              'is_dependency': False,
              'length': 17,
              'lines': list([
                22,
              ]),
              'start': 500,
              'starting_column': 9,
            }),
            'type': 'node',
            'type_specific_fields': dict({
              'parent': dict({
                'name': 'bad0',
                'source_mapping': dict({
                  'ending_column': 6,
                  'filename_absolute': '/GENERIC_PATH',
                  'filename_relative': 'tests/detectors/reentrancy-no-eth/0.5.16/reentrancy-write.sol',
                  'filename_short': 'tests/detectors/reentrancy-no-eth/0.5.16/reentrancy-write.sol',
                  'is_dependency': False,
                  'length': 188,
                  'lines': list([
                    16,
                    17,
                    18,
                    19,
                    20,
                    21,
                    22,
                    23,
                  ]),
                  'start': 336,
                  'starting_column': 5,
                }),
                'type': 'function',
                'type_specific_fields': dict({
                  'parent': dict({
                    'name': 'ReentrancyWrite',
                    'source_mapping': dict({
                      'ending_column': 2,
                      'filename_absolute': '/GENERIC_PATH',
                      'filename_relative': 'tests/detectors/reentrancy-no-eth/0.5.16/reentrancy-write.sol',
                      'filename_short': 'tests/detectors/reentrancy-no-eth/0.5.16/reentrancy-write.sol',
                      'is_dependency': False,
                      'length': 859,
                      'lines': list([
                        3,
                        4,
                        5,
                        6,
                        7,
                        8,
                        9,
                        10,
                        11,
                        12,
                        13,
                        14,
                        15,
                        16,
                        17,
                        18,
                        19,
                        20,
                        21,
                        22,
                        23,
                        24,
                        25,
                        26,
                        27,
                        28,
                        29,
                        30,
                        31,
                        32,
                        33,
                        34,
                        35,
                        36,
                        37,
                        38,
                        39,
                        40,
                        41,
                      ]),
                      'start': 28,
                      'starting_column': 1,
                    }),
                    'type': 'contract',
                  }),
                  'signature': 'bad0()',
                }),
              }),
            }),
          }),
        ]),
        'first_markdown_element': 'tests/detectors/reentrancy-no-eth/0.5.16/reentrancy-write.sol#L16-L23',
        'id': 'aec3401a9ebdcd0961e5a0f704379be83fc18e5c8ea5e98641b0ea1783184a3d',
        'impact': 'Medium',
        'markdown': '''
          Reentrancy in [ReentrancyWrite.bad0()](tests/detectors/reentrancy-no-eth/0.5.16/reentrancy-write.sol#L16-L23):
          	External calls:
          	- [(success) = msg.sender.call()](tests/detectors/reentrancy-no-eth/0.5.16/reentrancy-write.sol#L18)
          	State variables written after the call(s):
          	- [notCalled = false](tests/detectors/reentrancy-no-eth/0.5.16/reentrancy-write.sol#L22)
          	[ReentrancyWrite.notCalled](tests/detectors/reentrancy-no-eth/0.5.16/reentrancy-write.sol#L4) can be used in cross function reentrancies:
          	- [ReentrancyWrite.bad0()](tests/detectors/reentrancy-no-eth/0.5.16/reentrancy-write.sol#L16-L23)
          	- [ReentrancyWrite.bad1(address)](tests/detectors/reentrancy-no-eth/0.5.16/reentrancy-write.sol#L25-L30)
          	- [ReentrancyWrite.constructor(address)](tests/detectors/reentrancy-no-eth/0.5.16/reentrancy-write.sol#L7-L14)
          	- [ReentrancyWrite.good()](tests/detectors/reentrancy-no-eth/0.5.16/reentrancy-write.sol#L32-L39)
  
        ''',
      }),
    ]),
  ])
# ---
