# serializer version: 1
# name: test_detector[UninitializedStorageVars-0.8.19-uninitialized_storage_pointer.sol]
  list([
    list([
      dict({
        'check': 'uninitialized-storage',
        'confidence': 'High',
        'description': '''
          Uninitialized.bad().ret (tests/detectors/uninitialized-storage/0.8.19/uninitialized_storage_pointer.sol#7) is a storage variable never initialized
  
        ''',
        'elements': list([
          dict({
            'name': 'ret',
            'source_mapping': dict({
              'ending_column': 52,
              'filename_absolute': '/GENERIC_PATH',
              'filename_relative': 'tests/detectors/uninitialized-storage/0.8.19/uninitialized_storage_pointer.sol',
              'filename_short': 'tests/detectors/uninitialized-storage/0.8.19/uninitialized_storage_pointer.sol',
              'is_dependency': False,
              'length': 14,
              'lines': list([
                7,
              ]),
              'start': 100,
              'starting_column': 38,
            }),
            'type': 'variable',
            'type_specific_fields': dict({
              'parent': dict({
                'name': 'bad',
                'source_mapping': dict({
                  'ending_column': 6,
                  'filename_absolute': '/GENERIC_PATH',
                  'filename_relative': 'tests/detectors/uninitialized-storage/0.8.19/uninitialized_storage_pointer.sol',
                  'filename_short': 'tests/detectors/uninitialized-storage/0.8.19/uninitialized_storage_pointer.sol',
                  'is_dependency': False,
                  'length': 95,
                  'lines': list([
                    7,
                    8,
                    9,
                    10,
                  ]),
                  'start': 67,
                  'starting_column': 5,
                }),
                'type': 'function',
                'type_specific_fields': dict({
                  'parent': dict({
                    'name': 'Uninitialized',
                    'source_mapping': dict({
                      'ending_column': 2,
                      'filename_absolute': '/GENERIC_PATH',
                      'filename_relative': 'tests/detectors/uninitialized-storage/0.8.19/uninitialized_storage_pointer.sol',
                      'filename_short': 'tests/detectors/uninitialized-storage/0.8.19/uninitialized_storage_pointer.sol',
                      'is_dependency': False,
                      'length': 262,
                      'lines': list([
                        1,
                        2,
                        3,
                        4,
                        5,
                        6,
                        7,
                        8,
                        9,
                        10,
                        11,
                        12,
                        13,
                        14,
                        15,
                        16,
                        17,
                      ]),
                      'start': 0,
                      'starting_column': 1,
                    }),
                    'type': 'contract',
                  }),
                  'signature': 'bad()',
                }),
              }),
            }),
          }),
        ]),
        'first_markdown_element': 'tests/detectors/uninitialized-storage/0.8.19/uninitialized_storage_pointer.sol#L7',
        'id': '979d28e501693ed7ece0d429e7c30266f8e9d6a2e2eedc87006c4bad63e78706',
        'impact': 'High',
        'markdown': '''
          [Uninitialized.bad().ret](tests/detectors/uninitialized-storage/0.8.19/uninitialized_storage_pointer.sol#L7) is a storage variable never initialized
  
        ''',
      }),
    ]),
  ])
# ---
